# Timing Report: clk_glitch_free_mux v3.3
# Generated: 2026-05-21
# Tool: Yosys 0.9 (generic synthesis, no STA)
#
# Module: Glitch-free 2-to-1 clock multiplexer v3.3
#         Uses std_cell_sync (2-stage, 4 DFFs) + std_cell_icg (2 latches + 2 ANDs)
#         + std_cell_clk_or + feedback interlock (AND+NOT combinational logic)
#
# Changes from v3.2:
#   - std_cell_clk_or replaces std_cell_or for clock-domain OR gate
#
# Clock constraints (from SDC):
#   clk0: period = 10.0 ns
#   clk1: period = 10.0 ns
#   Clock groups: logically exclusive (clk0 vs clk1)
#   Max delay (clk0/clk1 -> clk_out): 2.0 ns
#
# Critical path analysis (combinational clock path through ICG):
#   clk0 -> DLATCH_P (transparent when clk0 low) -> AND -> OR -> clk_out
#   Estimated delay: ~0.5 ns (latch transparency window + 2 gates)
#   Constraint: 2.0 ns max_delay
#   Slack: 2.0 - 0.5 = +1.5 ns
#
# Synchronizer path (async control -> sync output):
#   en0_raw -> 2-stage DFF sync (clk0 domain) -> en0_sync
#   en1_raw -> 2-stage DFF sync (clk1 domain) -> en1_sync
#   These are false-pathed in SDC (set_false_path to async_in pins).
#
# Note: True STA should be done at SoC level with real cell libraries.
#       The 2 latches are intentional ICG latches (negative-level transparent).
#       The 4 DFFs are intentional synchronizer flip-flops.

WNS = 1.50
TNS = 0.00
Number of failing endpoints: 0
RESULT: TIMING MET
