#! /usr/local/Cellar/icarus-verilog/10.3/bin/vvp
:ivl_version "10.3 (stable)" "(v10_3)";
:ivl_delay_selection "TYPICAL";
:vpi_time_precision - 12;
:vpi_module "system";
:vpi_module "vhdl_sys";
:vpi_module "v2005_math";
:vpi_module "va_math";
:vpi_module "v2009";
S_0x7fdd37705260 .scope module, "tb_top" "tb_top" 2 6;
 .timescale -9 -12;
v0x600003eb8120_0 .var "clk", 0 0;
v0x600003eb81b0_0 .var "rst_n", 0 0;
S_0x7fdd37707a90 .scope module, "vibe_soc_top" "vibe_soc_top" 3 12;
 .timescale -9 -12;
    .port_info 0 /INPUT 1 "clk"
    .port_info 1 /INPUT 1 "rst_n"
    .port_info 2 /INPUT 8 "data_in"
    .port_info 3 /INPUT 1 "valid_in"
    .port_info 4 /INPUT 1 "psel"
    .port_info 5 /INPUT 1 "penable"
    .port_info 6 /INPUT 1 "pwrite"
    .port_info 7 /INPUT 8 "paddr"
    .port_info 8 /INPUT 32 "pwdata"
    .port_info 9 /OUTPUT 8 "core_data_out"
    .port_info 10 /OUTPUT 1 "core_valid_out"
    .port_info 11 /OUTPUT 8 "bus_data_out"
    .port_info 12 /OUTPUT 1 "bus_valid_out"
    .port_info 13 /OUTPUT 32 "uart_prdata"
    .port_info 14 /OUTPUT 1 "uart_pready"
    .port_info 15 /INPUT 1 "uart_uart_rx"
    .port_info 16 /OUTPUT 1 "uart_uart_tx"
    .port_info 17 /OUTPUT 1 "uart_tx_ready"
    .port_info 18 /OUTPUT 1 "uart_rx_valid"
    .port_info 19 /OUTPUT 8 "uart_rx_data"
    .port_info 20 /OUTPUT 1 "uart_irq"
    .port_info 21 /OUTPUT 32 "timer_prdata"
    .port_info 22 /OUTPUT 1 "timer_pready"
    .port_info 23 /OUTPUT 1 "timer_tick"
    .port_info 24 /OUTPUT 1 "timer_timeout"
v0x600003eba0a0_0 .net "bus_data_out", 7 0, v0x600003eb83f0_0;  1 drivers
v0x600003eba130_0 .net "bus_valid_out", 0 0, v0x600003eb85a0_0;  1 drivers
o0x7fdd38040068 .functor BUFZ 1, C4<z>; HiZ drive
v0x600003eba1c0_0 .net "clk", 0 0, o0x7fdd38040068;  0 drivers
v0x600003eba250_0 .net "core_data_out", 7 0, v0x600003eb87e0_0;  1 drivers
v0x600003eba2e0_0 .net "core_valid_out", 0 0, v0x600003eb8990_0;  1 drivers
o0x7fdd38040098 .functor BUFZ 8, C4<zzzzzzzz>; HiZ drive
v0x600003eba370_0 .net "data_in", 7 0, o0x7fdd38040098;  0 drivers
o0x7fdd38040518 .functor BUFZ 8, C4<zzzzzzzz>; HiZ drive
v0x600003eba400_0 .net "paddr", 7 0, o0x7fdd38040518;  0 drivers
o0x7fdd38040548 .functor BUFZ 1, C4<z>; HiZ drive
v0x600003eba490_0 .net "penable", 0 0, o0x7fdd38040548;  0 drivers
o0x7fdd380405d8 .functor BUFZ 1, C4<z>; HiZ drive
v0x600003eba520_0 .net "psel", 0 0, o0x7fdd380405d8;  0 drivers
o0x7fdd38040608 .functor BUFZ 32, C4<zzzzzzzzzzzzzzzzzzzzzzzzzzzzzzzz>; HiZ drive
v0x600003eba5b0_0 .net "pwdata", 31 0, o0x7fdd38040608;  0 drivers
o0x7fdd38040638 .functor BUFZ 1, C4<z>; HiZ drive
v0x600003eba640_0 .net "pwrite", 0 0, o0x7fdd38040638;  0 drivers
o0x7fdd380400f8 .functor BUFZ 1, C4<z>; HiZ drive
v0x600003eba6d0_0 .net "rst_n", 0 0, o0x7fdd380400f8;  0 drivers
v0x600003eba760_0 .net "timer_prdata", 31 0, v0x600003eb8ea0_0;  1 drivers
v0x600003eba7f0_0 .net "timer_pready", 0 0, v0x600003eb8f30_0;  1 drivers
v0x600003eba880_0 .net "timer_tick", 0 0, v0x600003eb9200_0;  1 drivers
v0x600003eba910_0 .net "timer_timeout", 0 0, v0x600003eb9290_0;  1 drivers
v0x600003eba9a0_0 .net "uart_irq", 0 0, v0x600003eb9440_0;  1 drivers
v0x600003ebaa30_0 .net "uart_prdata", 31 0, v0x600003eb95f0_0;  1 drivers
v0x600003ebaac0_0 .net "uart_pready", 0 0, v0x600003eb9680_0;  1 drivers
v0x600003ebab50_0 .net "uart_rx_data", 7 0, v0x600003eb9a70_0;  1 drivers
v0x600003ebabe0_0 .net "uart_rx_valid", 0 0, v0x600003eb9c20_0;  1 drivers
v0x600003ebac70_0 .net "uart_tx_ready", 0 0, v0x600003eb9dd0_0;  1 drivers
o0x7fdd38040ba8 .functor BUFZ 1, C4<z>; HiZ drive
v0x600003ebad00_0 .net "uart_uart_rx", 0 0, o0x7fdd38040ba8;  0 drivers
v0x600003ebad90_0 .net "uart_uart_tx", 0 0, v0x600003eba010_0;  1 drivers
o0x7fdd38040128 .functor BUFZ 1, C4<z>; HiZ drive
v0x600003ebae20_0 .net "valid_in", 0 0, o0x7fdd38040128;  0 drivers
S_0x7fdd37704970 .scope module, "u_bus" "bus" 3 49, 4 6 0, S_0x7fdd37707a90;
 .timescale -9 -12;
    .port_info 0 /INPUT 1 "clk"
    .port_info 1 /INPUT 1 "rst_n"
    .port_info 2 /INPUT 8 "data_in"
    .port_info 3 /INPUT 1 "valid_in"
    .port_info 4 /OUTPUT 8 "data_out"
    .port_info 5 /OUTPUT 1 "valid_out"
v0x600003eb82d0_0 .net "clk", 0 0, o0x7fdd38040068;  alias, 0 drivers
v0x600003eb8360_0 .net "data_in", 7 0, o0x7fdd38040098;  alias, 0 drivers
v0x600003eb83f0_0 .var "data_out", 7 0;
v0x600003eb8480_0 .net "rst_n", 0 0, o0x7fdd380400f8;  alias, 0 drivers
v0x600003eb8510_0 .net "valid_in", 0 0, o0x7fdd38040128;  alias, 0 drivers
v0x600003eb85a0_0 .var "valid_out", 0 0;
E_0x6000002b60d0/0 .event negedge, v0x600003eb8480_0;
E_0x6000002b60d0/1 .event posedge, v0x600003eb82d0_0;
E_0x6000002b60d0 .event/or E_0x6000002b60d0/0, E_0x6000002b60d0/1;
S_0x7fdd37708e70 .scope module, "u_core" "core" 3 40, 5 6 0, S_0x7fdd37707a90;
 .timescale -9 -12;
    .port_info 0 /INPUT 1 "clk"
    .port_info 1 /INPUT 1 "rst_n"
    .port_info 2 /INPUT 8 "data_in"
    .port_info 3 /INPUT 1 "valid_in"
    .port_info 4 /OUTPUT 8 "data_out"
    .port_info 5 /OUTPUT 1 "valid_out"
v0x600003eb86c0_0 .net "clk", 0 0, o0x7fdd38040068;  alias, 0 drivers
v0x600003eb8750_0 .net "data_in", 7 0, o0x7fdd38040098;  alias, 0 drivers
v0x600003eb87e0_0 .var "data_out", 7 0;
v0x600003eb8870_0 .net "rst_n", 0 0, o0x7fdd380400f8;  alias, 0 drivers
v0x600003eb8900_0 .net "valid_in", 0 0, o0x7fdd38040128;  alias, 0 drivers
v0x600003eb8990_0 .var "valid_out", 0 0;
S_0x7fdd37708fd0 .scope module, "u_timer" "timer" 3 76, 6 6 0, S_0x7fdd37707a90;
 .timescale -9 -12;
    .port_info 0 /INPUT 1 "clk"
    .port_info 1 /INPUT 1 "rst_n"
    .port_info 2 /INPUT 1 "psel"
    .port_info 3 /INPUT 1 "penable"
    .port_info 4 /INPUT 1 "pwrite"
    .port_info 5 /INPUT 8 "paddr"
    .port_info 6 /INPUT 32 "pwdata"
    .port_info 7 /OUTPUT 32 "prdata"
    .port_info 8 /OUTPUT 1 "pready"
    .port_info 9 /OUTPUT 1 "tick"
    .port_info 10 /OUTPUT 1 "timeout"
v0x600003eb8a20_0 .net "clk", 0 0, o0x7fdd38040068;  alias, 0 drivers
v0x600003eb8ab0_0 .var "counter", 31 0;
v0x600003eb8b40_0 .var "enable", 0 0;
v0x600003eb8bd0_0 .var "int_mask", 0 0;
v0x600003eb8c60_0 .var "load_val", 31 0;
v0x600003eb8cf0_0 .var "mode", 0 0;
v0x600003eb8d80_0 .net "paddr", 7 0, o0x7fdd38040518;  alias, 0 drivers
v0x600003eb8e10_0 .net "penable", 0 0, o0x7fdd38040548;  alias, 0 drivers
v0x600003eb8ea0_0 .var "prdata", 31 0;
v0x600003eb8f30_0 .var "pready", 0 0;
v0x600003eb8fc0_0 .net "psel", 0 0, o0x7fdd380405d8;  alias, 0 drivers
v0x600003eb9050_0 .net "pwdata", 31 0, o0x7fdd38040608;  alias, 0 drivers
v0x600003eb90e0_0 .net "pwrite", 0 0, o0x7fdd38040638;  alias, 0 drivers
v0x600003eb9170_0 .net "rst_n", 0 0, o0x7fdd380400f8;  alias, 0 drivers
v0x600003eb9200_0 .var "tick", 0 0;
v0x600003eb9290_0 .var "timeout", 0 0;
S_0x7fdd37709130 .scope module, "u_uart" "uart" 3 58, 7 6 0, S_0x7fdd37707a90;
 .timescale -9 -12;
    .port_info 0 /INPUT 1 "clk"
    .port_info 1 /INPUT 1 "rst_n"
    .port_info 2 /INPUT 1 "psel"
    .port_info 3 /INPUT 1 "penable"
    .port_info 4 /INPUT 1 "pwrite"
    .port_info 5 /INPUT 8 "paddr"
    .port_info 6 /INPUT 32 "pwdata"
    .port_info 7 /OUTPUT 32 "prdata"
    .port_info 8 /OUTPUT 1 "pready"
    .port_info 9 /INPUT 1 "uart_rx"
    .port_info 10 /OUTPUT 1 "uart_tx"
    .port_info 11 /OUTPUT 1 "tx_ready"
    .port_info 12 /OUTPUT 1 "rx_valid"
    .port_info 13 /OUTPUT 8 "rx_data"
    .port_info 14 /OUTPUT 1 "irq"
v0x600003eb9320_0 .var "baud_div_reg", 15 0;
v0x600003eb93b0_0 .net "clk", 0 0, o0x7fdd38040068;  alias, 0 drivers
v0x600003eb9440_0 .var "irq", 0 0;
v0x600003eb94d0_0 .net "paddr", 7 0, o0x7fdd38040518;  alias, 0 drivers
v0x600003eb9560_0 .net "penable", 0 0, o0x7fdd38040548;  alias, 0 drivers
v0x600003eb95f0_0 .var "prdata", 31 0;
v0x600003eb9680_0 .var "pready", 0 0;
v0x600003eb9710_0 .net "psel", 0 0, o0x7fdd380405d8;  alias, 0 drivers
v0x600003eb97a0_0 .net "pwdata", 31 0, o0x7fdd38040608;  alias, 0 drivers
v0x600003eb9830_0 .net "pwrite", 0 0, o0x7fdd38040638;  alias, 0 drivers
v0x600003eb98c0_0 .net "rst_n", 0 0, o0x7fdd380400f8;  alias, 0 drivers
v0x600003eb9950_0 .var "rx_bit_cnt", 2 0;
v0x600003eb99e0_0 .var "rx_busy", 0 0;
v0x600003eb9a70_0 .var "rx_data", 7 0;
v0x600003eb9b00_0 .var "rx_sample_cnt", 11 0;
v0x600003eb9b90_0 .var "rx_shift_reg", 7 0;
v0x600003eb9c20_0 .var "rx_valid", 0 0;
v0x600003eb9cb0_0 .var "tx_bit_cnt", 2 0;
v0x600003eb9d40_0 .var "tx_data_reg", 7 0;
v0x600003eb9dd0_0 .var "tx_ready", 0 0;
v0x600003eb9e60_0 .var "tx_sample_cnt", 11 0;
v0x600003eb9ef0_0 .var "tx_start_reg", 0 0;
v0x600003eb9f80_0 .net "uart_rx", 0 0, o0x7fdd38040ba8;  alias, 0 drivers
v0x600003eba010_0 .var "uart_tx", 0 0;
    .scope S_0x7fdd37705260;
T_0 ;
    %pushi/vec4 0, 0, 1;
    %store/vec4 v0x600003eb8120_0, 0, 1;
T_0.0 ;
    %delay 5000, 0;
    %load/vec4 v0x600003eb8120_0;
    %inv;
    %store/vec4 v0x600003eb8120_0, 0, 1;
    %jmp T_0.0;
    %end;
    .thread T_0;
    .scope S_0x7fdd37705260;
T_1 ;
    %pushi/vec4 0, 0, 1;
    %store/vec4 v0x600003eb81b0_0, 0, 1;
    %delay 50000, 0;
    %pushi/vec4 1, 0, 1;
    %store/vec4 v0x600003eb81b0_0, 0, 1;
    %end;
    .thread T_1;
    .scope S_0x7fdd37705260;
T_2 ;
    %vpi_call/w 2 26 "$dumpfile", "dv/sim/wave.vcd" {0 0 0};
    %vpi_call/w 2 27 "$dumpvars", 32'sb00000000000000000000000000000000, S_0x7fdd37705260 {0 0 0};
    %end;
    .thread T_2;
    .scope S_0x7fdd37705260;
T_3 ;
    %vpi_call/w 2 33 "$display", "==================================" {0 0 0};
    %vpi_call/w 2 34 "$display", " top Simulation Start " {0 0 0};
    %vpi_call/w 2 35 "$display", "==================================" {0 0 0};
    %delay 200000, 0;
    %vpi_call/w 2 37 "$display", "==================================" {0 0 0};
    %vpi_call/w 2 38 "$display", " top Simulation Done  " {0 0 0};
    %vpi_call/w 2 39 "$display", "==================================" {0 0 0};
    %vpi_call/w 2 40 "$finish" {0 0 0};
    %end;
    .thread T_3;
    .scope S_0x7fdd37708e70;
T_4 ;
    %wait E_0x6000002b60d0;
    %load/vec4 v0x600003eb8870_0;
    %nor/r;
    %flag_set/vec4 8;
    %jmp/0xz  T_4.0, 8;
    %pushi/vec4 0, 0, 8;
    %assign/vec4 v0x600003eb87e0_0, 0;
    %pushi/vec4 0, 0, 1;
    %assign/vec4 v0x600003eb8990_0, 0;
    %jmp T_4.1;
T_4.0 ;
    %load/vec4 v0x600003eb8900_0;
    %flag_set/vec4 8;
    %jmp/0xz  T_4.2, 8;
    %load/vec4 v0x600003eb8750_0;
    %addi 1, 0, 8;
    %assign/vec4 v0x600003eb87e0_0, 0;
    %pushi/vec4 1, 0, 1;
    %assign/vec4 v0x600003eb8990_0, 0;
    %jmp T_4.3;
T_4.2 ;
    %pushi/vec4 0, 0, 1;
    %assign/vec4 v0x600003eb8990_0, 0;
T_4.3 ;
T_4.1 ;
    %jmp T_4;
    .thread T_4;
    .scope S_0x7fdd37704970;
T_5 ;
    %wait E_0x6000002b60d0;
    %load/vec4 v0x600003eb8480_0;
    %nor/r;
    %flag_set/vec4 8;
    %jmp/0xz  T_5.0, 8;
    %pushi/vec4 0, 0, 8;
    %assign/vec4 v0x600003eb83f0_0, 0;
    %pushi/vec4 0, 0, 1;
    %assign/vec4 v0x600003eb85a0_0, 0;
    %jmp T_5.1;
T_5.0 ;
    %load/vec4 v0x600003eb8510_0;
    %flag_set/vec4 8;
    %jmp/0xz  T_5.2, 8;
    %load/vec4 v0x600003eb8360_0;
    %addi 1, 0, 8;
    %assign/vec4 v0x600003eb83f0_0, 0;
    %pushi/vec4 1, 0, 1;
    %assign/vec4 v0x600003eb85a0_0, 0;
    %jmp T_5.3;
T_5.2 ;
    %pushi/vec4 0, 0, 1;
    %assign/vec4 v0x600003eb85a0_0, 0;
T_5.3 ;
T_5.1 ;
    %jmp T_5;
    .thread T_5;
    .scope S_0x7fdd37709130;
T_6 ;
    %wait E_0x6000002b60d0;
    %load/vec4 v0x600003eb98c0_0;
    %nor/r;
    %flag_set/vec4 8;
    %jmp/0xz  T_6.0, 8;
    %pushi/vec4 0, 0, 8;
    %assign/vec4 v0x600003eb9d40_0, 0;
    %pushi/vec4 0, 0, 1;
    %assign/vec4 v0x600003eb9ef0_0, 0;
    %pushi/vec4 651, 0, 16;
    %assign/vec4 v0x600003eb9320_0, 0;
    %pushi/vec4 0, 0, 32;
    %assign/vec4 v0x600003eb95f0_0, 0;
    %pushi/vec4 0, 0, 1;
    %assign/vec4 v0x600003eb9680_0, 0;
    %jmp T_6.1;
T_6.0 ;
    %load/vec4 v0x600003eb9710_0;
    %load/vec4 v0x600003eb9560_0;
    %and;
    %assign/vec4 v0x600003eb9680_0, 0;
    %load/vec4 v0x600003eb9710_0;
    %load/vec4 v0x600003eb9560_0;
    %and;
    %load/vec4 v0x600003eb9830_0;
    %and;
    %flag_set/vec4 8;
    %jmp/0xz  T_6.2, 8;
    %load/vec4 v0x600003eb94d0_0;
    %dup/vec4;
    %pushi/vec4 0, 0, 8;
    %cmp/u;
    %jmp/1 T_6.4, 6;
    %dup/vec4;
    %pushi/vec4 4, 0, 8;
    %cmp/u;
    %jmp/1 T_6.5, 6;
    %dup/vec4;
    %pushi/vec4 8, 0, 8;
    %cmp/u;
    %jmp/1 T_6.6, 6;
    %jmp T_6.8;
T_6.4 ;
    %load/vec4 v0x600003eb97a0_0;
    %parti/s 8, 0, 2;
    %assign/vec4 v0x600003eb9d40_0, 0;
    %jmp T_6.8;
T_6.5 ;
    %load/vec4 v0x600003eb97a0_0;
    %parti/s 1, 0, 2;
    %assign/vec4 v0x600003eb9ef0_0, 0;
    %jmp T_6.8;
T_6.6 ;
    %load/vec4 v0x600003eb97a0_0;
    %parti/s 16, 0, 2;
    %assign/vec4 v0x600003eb9320_0, 0;
    %jmp T_6.8;
T_6.8 ;
    %pop/vec4 1;
    %jmp T_6.3;
T_6.2 ;
    %load/vec4 v0x600003eb9710_0;
    %load/vec4 v0x600003eb9560_0;
    %and;
    %load/vec4 v0x600003eb9830_0;
    %nor/r;
    %and;
    %flag_set/vec4 8;
    %jmp/0xz  T_6.9, 8;
    %load/vec4 v0x600003eb94d0_0;
    %dup/vec4;
    %pushi/vec4 0, 0, 8;
    %cmp/u;
    %jmp/1 T_6.11, 6;
    %dup/vec4;
    %pushi/vec4 4, 0, 8;
    %cmp/u;
    %jmp/1 T_6.12, 6;
    %dup/vec4;
    %pushi/vec4 8, 0, 8;
    %cmp/u;
    %jmp/1 T_6.13, 6;
    %dup/vec4;
    %pushi/vec4 12, 0, 8;
    %cmp/u;
    %jmp/1 T_6.14, 6;
    %dup/vec4;
    %pushi/vec4 16, 0, 8;
    %cmp/u;
    %jmp/1 T_6.15, 6;
    %pushi/vec4 0, 0, 32;
    %assign/vec4 v0x600003eb95f0_0, 0;
    %jmp T_6.17;
T_6.11 ;
    %pushi/vec4 0, 0, 24;
    %load/vec4 v0x600003eb9d40_0;
    %concat/vec4; draw_concat_vec4
    %assign/vec4 v0x600003eb95f0_0, 0;
    %jmp T_6.17;
T_6.12 ;
    %pushi/vec4 0, 0, 31;
    %load/vec4 v0x600003eb9dd0_0;
    %concat/vec4; draw_concat_vec4
    %assign/vec4 v0x600003eb95f0_0, 0;
    %jmp T_6.17;
T_6.13 ;
    %pushi/vec4 0, 0, 16;
    %load/vec4 v0x600003eb9320_0;
    %concat/vec4; draw_concat_vec4
    %assign/vec4 v0x600003eb95f0_0, 0;
    %jmp T_6.17;
T_6.14 ;
    %pushi/vec4 0, 0, 24;
    %load/vec4 v0x600003eb9a70_0;
    %concat/vec4; draw_concat_vec4
    %assign/vec4 v0x600003eb95f0_0, 0;
    %jmp T_6.17;
T_6.15 ;
    %pushi/vec4 0, 0, 31;
    %load/vec4 v0x600003eb9c20_0;
    %concat/vec4; draw_concat_vec4
    %assign/vec4 v0x600003eb95f0_0, 0;
    %jmp T_6.17;
T_6.17 ;
    %pop/vec4 1;
T_6.9 ;
T_6.3 ;
    %load/vec4 v0x600003eb9ef0_0;
    %load/vec4 v0x600003eb9dd0_0;
    %nor/r;
    %and;
    %flag_set/vec4 8;
    %jmp/0xz  T_6.18, 8;
    %pushi/vec4 0, 0, 1;
    %assign/vec4 v0x600003eb9ef0_0, 0;
T_6.18 ;
T_6.1 ;
    %jmp T_6;
    .thread T_6;
    .scope S_0x7fdd37709130;
T_7 ;
    %wait E_0x6000002b60d0;
    %load/vec4 v0x600003eb98c0_0;
    %nor/r;
    %flag_set/vec4 8;
    %jmp/0xz  T_7.0, 8;
    %pushi/vec4 1, 0, 1;
    %assign/vec4 v0x600003eba010_0, 0;
    %pushi/vec4 1, 0, 1;
    %assign/vec4 v0x600003eb9dd0_0, 0;
    %pushi/vec4 0, 0, 3;
    %assign/vec4 v0x600003eb9cb0_0, 0;
    %pushi/vec4 0, 0, 12;
    %assign/vec4 v0x600003eb9e60_0, 0;
    %jmp T_7.1;
T_7.0 ;
    %load/vec4 v0x600003eb9ef0_0;
    %load/vec4 v0x600003eb9dd0_0;
    %and;
    %flag_set/vec4 8;
    %jmp/0xz  T_7.2, 8;
    %pushi/vec4 0, 0, 1;
    %assign/vec4 v0x600003eb9dd0_0, 0;
    %pushi/vec4 0, 0, 3;
    %assign/vec4 v0x600003eb9cb0_0, 0;
    %pushi/vec4 0, 0, 12;
    %assign/vec4 v0x600003eb9e60_0, 0;
    %jmp T_7.3;
T_7.2 ;
    %load/vec4 v0x600003eb9dd0_0;
    %nor/r;
    %flag_set/vec4 8;
    %jmp/0xz  T_7.4, 8;
    %load/vec4 v0x600003eb9e60_0;
    %load/vec4 v0x600003eb9320_0;
    %parti/s 12, 4, 4;
    %cmp/e;
    %jmp/0xz  T_7.6, 4;
    %pushi/vec4 0, 0, 12;
    %assign/vec4 v0x600003eb9e60_0, 0;
    %load/vec4 v0x600003eb9cb0_0;
    %cmpi/e 7, 0, 3;
    %jmp/0xz  T_7.8, 4;
    %pushi/vec4 1, 0, 1;
    %assign/vec4 v0x600003eb9dd0_0, 0;
    %pushi/vec4 1, 0, 1;
    %assign/vec4 v0x600003eba010_0, 0;
    %jmp T_7.9;
T_7.8 ;
    %load/vec4 v0x600003eb9cb0_0;
    %addi 1, 0, 3;
    %assign/vec4 v0x600003eb9cb0_0, 0;
    %load/vec4 v0x600003eb9d40_0;
    %load/vec4 v0x600003eb9cb0_0;
    %part/u 1;
    %assign/vec4 v0x600003eba010_0, 0;
T_7.9 ;
    %jmp T_7.7;
T_7.6 ;
    %load/vec4 v0x600003eb9e60_0;
    %addi 1, 0, 12;
    %assign/vec4 v0x600003eb9e60_0, 0;
T_7.7 ;
T_7.4 ;
T_7.3 ;
T_7.1 ;
    %jmp T_7;
    .thread T_7;
    .scope S_0x7fdd37709130;
T_8 ;
    %wait E_0x6000002b60d0;
    %load/vec4 v0x600003eb98c0_0;
    %nor/r;
    %flag_set/vec4 8;
    %jmp/0xz  T_8.0, 8;
    %pushi/vec4 0, 0, 1;
    %assign/vec4 v0x600003eb9c20_0, 0;
    %pushi/vec4 0, 0, 8;
    %assign/vec4 v0x600003eb9a70_0, 0;
    %pushi/vec4 0, 0, 8;
    %assign/vec4 v0x600003eb9b90_0, 0;
    %pushi/vec4 0, 0, 12;
    %assign/vec4 v0x600003eb9b00_0, 0;
    %pushi/vec4 0, 0, 3;
    %assign/vec4 v0x600003eb9950_0, 0;
    %pushi/vec4 0, 0, 1;
    %assign/vec4 v0x600003eb99e0_0, 0;
    %pushi/vec4 0, 0, 1;
    %assign/vec4 v0x600003eb9440_0, 0;
    %jmp T_8.1;
T_8.0 ;
    %pushi/vec4 0, 0, 1;
    %assign/vec4 v0x600003eb9c20_0, 0;
    %load/vec4 v0x600003eb9c20_0;
    %assign/vec4 v0x600003eb9440_0, 0;
    %load/vec4 v0x600003eb99e0_0;
    %nor/r;
    %load/vec4 v0x600003eb9f80_0;
    %nor/r;
    %and;
    %flag_set/vec4 8;
    %jmp/0xz  T_8.2, 8;
    %pushi/vec4 1, 0, 1;
    %assign/vec4 v0x600003eb99e0_0, 0;
    %pushi/vec4 0, 0, 12;
    %assign/vec4 v0x600003eb9b00_0, 0;
    %pushi/vec4 0, 0, 3;
    %assign/vec4 v0x600003eb9950_0, 0;
    %jmp T_8.3;
T_8.2 ;
    %load/vec4 v0x600003eb99e0_0;
    %flag_set/vec4 8;
    %jmp/0xz  T_8.4, 8;
    %load/vec4 v0x600003eb9b00_0;
    %load/vec4 v0x600003eb9320_0;
    %parti/s 12, 4, 4;
    %cmp/e;
    %jmp/0xz  T_8.6, 4;
    %pushi/vec4 0, 0, 12;
    %assign/vec4 v0x600003eb9b00_0, 0;
    %load/vec4 v0x600003eb9950_0;
    %cmpi/e 7, 0, 3;
    %jmp/0xz  T_8.8, 4;
    %pushi/vec4 0, 0, 1;
    %assign/vec4 v0x600003eb99e0_0, 0;
    %load/vec4 v0x600003eb9b90_0;
    %assign/vec4 v0x600003eb9a70_0, 0;
    %pushi/vec4 1, 0, 1;
    %assign/vec4 v0x600003eb9c20_0, 0;
    %jmp T_8.9;
T_8.8 ;
    %load/vec4 v0x600003eb9f80_0;
    %ix/load 5, 0, 0;
    %ix/getv 4, v0x600003eb9950_0;
    %assign/vec4/off/d v0x600003eb9b90_0, 4, 5;
    %load/vec4 v0x600003eb9950_0;
    %addi 1, 0, 3;
    %assign/vec4 v0x600003eb9950_0, 0;
T_8.9 ;
    %jmp T_8.7;
T_8.6 ;
    %load/vec4 v0x600003eb9b00_0;
    %addi 1, 0, 12;
    %assign/vec4 v0x600003eb9b00_0, 0;
T_8.7 ;
T_8.4 ;
T_8.3 ;
T_8.1 ;
    %jmp T_8;
    .thread T_8;
    .scope S_0x7fdd37708fd0;
T_9 ;
    %wait E_0x6000002b60d0;
    %load/vec4 v0x600003eb9170_0;
    %nor/r;
    %flag_set/vec4 8;
    %jmp/0xz  T_9.0, 8;
    %pushi/vec4 1000, 0, 32;
    %assign/vec4 v0x600003eb8c60_0, 0;
    %pushi/vec4 0, 0, 1;
    %assign/vec4 v0x600003eb8b40_0, 0;
    %pushi/vec4 0, 0, 1;
    %assign/vec4 v0x600003eb8cf0_0, 0;
    %pushi/vec4 0, 0, 1;
    %assign/vec4 v0x600003eb8bd0_0, 0;
    %pushi/vec4 0, 0, 32;
    %assign/vec4 v0x600003eb8ea0_0, 0;
    %pushi/vec4 0, 0, 1;
    %assign/vec4 v0x600003eb8f30_0, 0;
    %pushi/vec4 0, 0, 1;
    %assign/vec4 v0x600003eb9200_0, 0;
    %pushi/vec4 0, 0, 1;
    %assign/vec4 v0x600003eb9290_0, 0;
    %jmp T_9.1;
T_9.0 ;
    %load/vec4 v0x600003eb8fc0_0;
    %load/vec4 v0x600003eb8e10_0;
    %and;
    %assign/vec4 v0x600003eb8f30_0, 0;
    %pushi/vec4 0, 0, 1;
    %assign/vec4 v0x600003eb9200_0, 0;
    %pushi/vec4 0, 0, 1;
    %assign/vec4 v0x600003eb9290_0, 0;
    %load/vec4 v0x600003eb8fc0_0;
    %load/vec4 v0x600003eb8e10_0;
    %and;
    %load/vec4 v0x600003eb90e0_0;
    %and;
    %flag_set/vec4 8;
    %jmp/0xz  T_9.2, 8;
    %load/vec4 v0x600003eb8d80_0;
    %dup/vec4;
    %pushi/vec4 0, 0, 8;
    %cmp/u;
    %jmp/1 T_9.4, 6;
    %dup/vec4;
    %pushi/vec4 4, 0, 8;
    %cmp/u;
    %jmp/1 T_9.5, 6;
    %dup/vec4;
    %pushi/vec4 8, 0, 8;
    %cmp/u;
    %jmp/1 T_9.6, 6;
    %dup/vec4;
    %pushi/vec4 12, 0, 8;
    %cmp/u;
    %jmp/1 T_9.7, 6;
    %jmp T_9.9;
T_9.4 ;
    %load/vec4 v0x600003eb9050_0;
    %assign/vec4 v0x600003eb8c60_0, 0;
    %jmp T_9.9;
T_9.5 ;
    %load/vec4 v0x600003eb9050_0;
    %parti/s 1, 0, 2;
    %assign/vec4 v0x600003eb8b40_0, 0;
    %jmp T_9.9;
T_9.6 ;
    %load/vec4 v0x600003eb9050_0;
    %parti/s 1, 0, 2;
    %assign/vec4 v0x600003eb8cf0_0, 0;
    %jmp T_9.9;
T_9.7 ;
    %load/vec4 v0x600003eb9050_0;
    %parti/s 1, 0, 2;
    %assign/vec4 v0x600003eb8bd0_0, 0;
    %jmp T_9.9;
T_9.9 ;
    %pop/vec4 1;
    %jmp T_9.3;
T_9.2 ;
    %load/vec4 v0x600003eb8fc0_0;
    %load/vec4 v0x600003eb8e10_0;
    %and;
    %load/vec4 v0x600003eb90e0_0;
    %nor/r;
    %and;
    %flag_set/vec4 8;
    %jmp/0xz  T_9.10, 8;
    %load/vec4 v0x600003eb8d80_0;
    %dup/vec4;
    %pushi/vec4 0, 0, 8;
    %cmp/u;
    %jmp/1 T_9.12, 6;
    %dup/vec4;
    %pushi/vec4 4, 0, 8;
    %cmp/u;
    %jmp/1 T_9.13, 6;
    %dup/vec4;
    %pushi/vec4 8, 0, 8;
    %cmp/u;
    %jmp/1 T_9.14, 6;
    %dup/vec4;
    %pushi/vec4 12, 0, 8;
    %cmp/u;
    %jmp/1 T_9.15, 6;
    %dup/vec4;
    %pushi/vec4 16, 0, 8;
    %cmp/u;
    %jmp/1 T_9.16, 6;
    %pushi/vec4 0, 0, 32;
    %assign/vec4 v0x600003eb8ea0_0, 0;
    %jmp T_9.18;
T_9.12 ;
    %load/vec4 v0x600003eb8c60_0;
    %assign/vec4 v0x600003eb8ea0_0, 0;
    %jmp T_9.18;
T_9.13 ;
    %pushi/vec4 0, 0, 31;
    %load/vec4 v0x600003eb8b40_0;
    %concat/vec4; draw_concat_vec4
    %assign/vec4 v0x600003eb8ea0_0, 0;
    %jmp T_9.18;
T_9.14 ;
    %pushi/vec4 0, 0, 31;
    %load/vec4 v0x600003eb8cf0_0;
    %concat/vec4; draw_concat_vec4
    %assign/vec4 v0x600003eb8ea0_0, 0;
    %jmp T_9.18;
T_9.15 ;
    %pushi/vec4 0, 0, 31;
    %load/vec4 v0x600003eb8bd0_0;
    %concat/vec4; draw_concat_vec4
    %assign/vec4 v0x600003eb8ea0_0, 0;
    %jmp T_9.18;
T_9.16 ;
    %load/vec4 v0x600003eb8ab0_0;
    %assign/vec4 v0x600003eb8ea0_0, 0;
    %jmp T_9.18;
T_9.18 ;
    %pop/vec4 1;
T_9.10 ;
T_9.3 ;
    %load/vec4 v0x600003eb8b40_0;
    %flag_set/vec4 8;
    %jmp/0xz  T_9.19, 8;
    %load/vec4 v0x600003eb8ab0_0;
    %cmpi/e 0, 0, 32;
    %jmp/0xz  T_9.21, 4;
    %load/vec4 v0x600003eb8cf0_0;
    %flag_set/vec4 8;
    %jmp/0xz  T_9.23, 8;
    %load/vec4 v0x600003eb8c60_0;
    %assign/vec4 v0x600003eb8ab0_0, 0;
    %load/vec4 v0x600003eb8bd0_0;
    %inv;
    %assign/vec4 v0x600003eb9200_0, 0;
    %jmp T_9.24;
T_9.23 ;
    %pushi/vec4 0, 0, 1;
    %assign/vec4 v0x600003eb8b40_0, 0;
    %load/vec4 v0x600003eb8bd0_0;
    %inv;
    %assign/vec4 v0x600003eb9290_0, 0;
T_9.24 ;
    %jmp T_9.22;
T_9.21 ;
    %load/vec4 v0x600003eb8ab0_0;
    %subi 1, 0, 32;
    %assign/vec4 v0x600003eb8ab0_0, 0;
T_9.22 ;
    %jmp T_9.20;
T_9.19 ;
    %load/vec4 v0x600003eb8c60_0;
    %assign/vec4 v0x600003eb8ab0_0, 0;
T_9.20 ;
T_9.1 ;
    %jmp T_9;
    .thread T_9;
# The file index is used to find the file name in the following table.
:file_names 8;
    "N/A";
    "<interactive>";
    "/Users/ninghechuan/vibe_soc/chip/top/dv/tb/tb_top.sv";
    "/Users/ninghechuan/vibe_soc/chip/top/de/rtl/vibe_soc_top.v";
    "/Users/ninghechuan/vibe_soc/chip/bus/de/rtl/bus.v";
    "/Users/ninghechuan/vibe_soc/chip/core/de/rtl/core.v";
    "/Users/ninghechuan/vibe_soc/ip/digital/timer/de/rtl/timer.v";
    "/Users/ninghechuan/vibe_soc/ip/third_party/uart/de/rtl/uart.v";
