     VMA      LMA     Size Align Out     In      Symbol
       0        0        0     1 
       0        0        0     1 
       0        0        0     1 
       0        0        0     1 
       0        0        0     1 
       0        0        0     1 __DYNAMIC = 0
       0        0        0     1 _exception_frame_size = 128
       0        0        0     1 _exception_frame_end = ORIGIN ( ram_main ) + LENGTH ( ram_main )
       0        0        0     1 _exception_frame_start = _exception_frame_end - _exception_frame_size
       0        0        0     1 _stack_size = 16384 - _exception_frame_size
       0        0        0     1 _stack_end = _exception_frame_start
       0        0        0     1 _stack_start = _stack_end - _stack_size
       0        0        0     1 _static_critical_size = 8168
       0        0        0     1 _chip_info_size = 128
       0        0        0     1 _rom_chip_info_end = ORIGIN ( rom ) + LENGTH ( rom )
       0        0        0     1 _rom_chip_info_start = _rom_chip_info_end - _chip_info_size
       0        0        0     1 _epmp_reset_rx_size = 2048
       0        0        0     1 _boot_address = ORIGIN ( test_rom )
       0        0        0     1 _manifest_address = ORIGIN ( ottf_storage )
       0        0        0     1 _rom_ext_virtual_start_address = ORIGIN ( rom_ext_virtual )
       0        0        0     1 _rom_ext_virtual_size = LENGTH ( rom_ext_virtual )
       0        0        0     1 
       0        0        0     1 _chip_info_start = ORIGIN ( test_rom ) + LENGTH ( test_rom ) - _chip_info_size
       0        0        0     1 _dv_log_offset = 0x0
    8000     8000       84   256 .vectors
    8000     8000       84   256         bazel-out/k8-fastbuild-ST-1df456420242/bin/sw/device/lib/testing/test_rom/libtest_rom_lib.a(test_rom_start.o):(.vectors)
    8000     8000        0     1                 
    8000     8000        0     1                 
    8000     8000       84     1                 _test_rom_interrupt_vector
    8004     8004        0     1                 
    8008     8008        0     1                 
    800c     800c        0     1                 
    8010     8010        0     1                 
    8014     8014        0     1                 
    8018     8018        0     1                 
    801c     801c        0     1                 
    8020     8020        0     1                 
    8024     8024        0     1                 
    8028     8028        0     1                 
    802c     802c        0     1                 
    8030     8030        0     1                 
    8034     8034        0     1                 
    8038     8038        0     1                 
    803c     803c        0     1                 
    8040     8040        0     1                 
    8044     8044        0     1                 
    8048     8048        0     1                 
    804c     804c        0     1                 
    8050     8050        0     1                 
    8054     8054        0     1                 
    8058     8058        0     1                 
    805c     805c        0     1                 
    8060     8060        0     1                 
    8064     8064        0     1                 
    8068     8068        0     1                 
    806c     806c        0     1                 
    8070     8070        0     1                 
    8074     8074        0     1                 
    8078     8078        0     1                 
    807c     807c        0     1                 
    8080     8080        0     1                 
    8084     8084        0     1                 
    8084     8084      1be     4 .crt
    8084     8084      160     4         bazel-out/k8-fastbuild-ST-1df456420242/bin/sw/device/lib/testing/test_rom/libtest_rom_lib.a(test_rom_start.o):(.crt)
    8084     8084        0     1                 
    8084     8084        0     1                 .Lpcrel_hi0
    8084     8084        0     1                 
    8084     8084       4c     1                 _reset_start
    808c     808c        0     1                 
    808e     808e        0     1                 
    8090     8090        0     1                 
    8092     8092        0     1                 
    8094     8094        0     1                 
    8096     8096        0     1                 
    8098     8098        0     1                 
    809a     809a        0     1                 
    809c     809c        0     1                 
    809e     809e        0     1                 
    80a0     80a0        0     1                 
    80a2     80a2        0     1                 
    80a4     80a4        0     1                 
    80a6     80a6        0     1                 
    80a8     80a8        0     1                 
    80aa     80aa        0     1                 
    80ac     80ac        0     1                 
    80ae     80ae        0     1                 
    80b0     80b0        0     1                 
    80b2     80b2        0     1                 
    80b4     80b4        0     1                 
    80b6     80b6        0     1                 
    80b8     80b8        0     1                 
    80ba     80ba        0     1                 
    80bc     80bc        0     1                 
    80be     80be        0     1                 
    80c0     80c0        0     1                 
    80c2     80c2        0     1                 
    80c4     80c4        0     1                 
    80c6     80c6        0     1                 
    80c8     80c8        0     1                 .Lpcrel_hi1
    80c8     80c8        0     1                 
    80d0     80d0        0     1                 
    80d0     80d0        0     1                 
    80d0     80d0      112     1                 _start
    80d4     80d4        0     1                 
    80d8     80d8        0     1                 
    80de     80de        0     1                 
    80e2     80e2        0     1                 
    80e6     80e6        0     1                 
    80ea     80ea        0     1                 
    80ee     80ee        0     1                 
    80f6     80f6        0     1                 
    80fa     80fa        0     1                 
    80fc     80fc        0     1                 
    8100     8100        0     1                 
    8104     8104        0     1                 
    810c     810c        0     1                 
    8114     8114        0     1                 
    8116     8116        0     1                 
    811a     811a        0     1                 .L_ast_done_loop
    811a     811a        0     1                 
    811e     811e        0     1                 
    8122     8122        0     1                 
    8126     8126        0     1                 
    812a     812a        0     1                 
    8132     8132        0     1                 
    8136     8136        0     1                 
    8138     8138        0     1                 
    813c     813c        0     1                 
    8140     8140        0     1                 
    8142     8142        0     1                 
    8146     8146        0     1                 .L_ast_init_skip
    8146     8146        0     1                 
    814a     814a        0     1                 
    8152     8152        0     1                 
    8156     8156        0     1                 
    8158     8158        0     1                 
    815c     815c        0     1                 
    8160     8160        0     1                 
    8166     8166        0     1                 
    816a     816a        0     1                 
    816e     816e        0     1                 
    8174     8174        0     1                 
    8178     8178        0     1                 .Lpcrel_hi2
    8178     8178        0     1                 
    8180     8180        0     1                 
    8184     8184        0     1                 
    8188     8188        0     1                 
    818a     818a        0     1                 
    818e     818e        0     1                 .L_sram_init_skip
    818e     818e        0     1                 .Lpcrel_hi3
    818e     818e        0     1                 
    8196     8196        0     1                 .Lpcrel_hi4
    8196     8196        0     1                 
    819e     819e        0     1                 
    81a0     81a0        0     1                 .Lpcrel_hi5
    81a0     81a0        0     1                 
    81a8     81a8        0     1                 .Lpcrel_hi6
    81a8     81a8        0     1                 
    81b0     81b0        0     1                 .Lpcrel_hi7
    81b0     81b0        0     1                 
    81b8     81b8        0     1                 
    81ba     81ba        0     1                 
    81bc     81bc        0     1                 
    81be     81be        0     1                 
    81c0     81c0        0     1                 
    81c2     81c2        0     1                 
    81c4     81c4        0     1                 
    81c6     81c6        0     1                 
    81c8     81c8        0     1                 
    81ca     81ca        0     1                 
    81cc     81cc        0     1                 
    81ce     81ce        0     1                 
    81d0     81d0        0     1                 
    81d2     81d2        0     1                 
    81d4     81d4        0     1                 
    81d6     81d6        0     1                 
    81d8     81d8        0     1                 
    81dc     81dc        0     1                 .L_wfi_loop
    81dc     81dc        0     1                 
    81e0     81e0        0     1                 
    81e4     81e4        0     1                 
    81e4     81e4       5e     4         bazel-out/k8-fastbuild-ST-1df456420242/bin/sw/device/lib/crt/libcrt.a(crt.o):(.crt)
    81e4     81e4        0     1                 
    81e4     81e4        0     1                 
    81e4     81e4       24     1                 crt_section_clear
    81e8     81e8        0     1                 
    81ec     81ec        0     1                 
    81f0     81f0        0     1                 
    81f4     81f4        0     1                 .L_clear_loop
    81f4     81f4        0     1                 
    81f8     81f8        0     1                 
    81fa     81fa        0     1                 
    81fe     81fe        0     1                 
    8200     8200        0     1                 .L_clear_nothing
    8200     8200        0     1                 
    8204     8204        0     1                 
    8206     8206        0     1                 .L_clear_error
    8206     8206        0     1                 
    8208     8208        0     1                 
    8208     8208        0     1                 
    8208     8208       3a     1                 crt_section_copy
    820c     820c        0     1                 
    8210     8210        0     1                 
    8214     8214        0     1                 
    8218     8218        0     1                 
    821c     821c        0     1                 
    8220     8220        0     1                 
    8224     8224        0     1                 
    8228     8228        0     1                 .L_copy_loop
    8228     8228        0     1                 
    822c     822c        0     1                 
    822e     822e        0     1                 
    8232     8232        0     1                 
    8234     8234        0     1                 
    8238     8238        0     1                 
    823a     823a        0     1                 .L_copy_nothing
    823a     823a        0     1                 
    823e     823e        0     1                 
    8240     8240        0     1                 .L_copy_error
    8240     8240        0     1                 
    8242     8242        0     1                 
    8244     8244      910     4 .text
    8244     8244        8     2         bazel-out/k8-fastbuild-ST-1df456420242/bin/sw/device/lib/testing/test_rom/libtest_rom_lib.a(test_rom_start.o):(.text)
    8244     8244        0     1                 
    8244     8244        0     1                 
    8244     8244        8     1                 _test_rom_irq_handler
    8248     8248        0     1                 
    824c     824c        0     1                 
    824c     824c      304     2         lto.tmp:(.text.rom_test_main)
    824c     824c      304     1                 rom_test_main
    824c     824c        0     1                 
    824c     824c        0     1                 
    824c     824c        0     1                 
    824e     824e        0     1                 
    8254     8254        0     1                 
    825a     825a        0     1                 
    8262     8262        0     1                 
    8262     8262        0     1                 .Lpcrel_hi0
    8262     8262        0     1                 
    826a     826a        0     1                 
    8272     8272        0     1                 
    8274     8274        0     1                 
    8274     8274        0     1                 .Lpcrel_hi1
    8274     8274        0     1                 
    8278     8278        0     1                 
    828c     828c        0     1                 
    828c     828c        0     1                 .Lpcrel_hi2
    828c     828c        0     1                 
    8294     8294        0     1                 
    8298     8298        0     1                 
    8298     8298        0     1                 .Lpcrel_hi3
    8298     8298        0     1                 
    829c     829c        0     1                 
    82a2     82a2        0     1                 .Lpcrel_hi4
    82aa     82aa        0     1                 
    82aa     82aa        0     1                 
    82b2     82b2        0     1                 
    82b2     82b2        0     1                 
    82ba     82ba        0     1                 
    82ba     82ba        0     1                 
    82c0     82c0        0     1                 
    82c0     82c0        0     1                 
    82c8     82c8        0     1                 
    82c8     82c8        0     1                 
    82d8     82d8        0     1                 
    82dc     82dc        0     1                 
    82dc     82dc        0     1                 .Lpcrel_hi5
    82dc     82dc        0     1                 
    82e0     82e0        0     1                 
    82e6     82e6        0     1                 .Lpcrel_hi6
    82ee     82ee        0     1                 
    82ee     82ee        0     1                 
    82f6     82f6        0     1                 
    82f6     82f6        0     1                 
    82fe     82fe        0     1                 
    82fe     82fe        0     1                 
    8304     8304        0     1                 
    8304     8304        0     1                 
    830c     830c        0     1                 
    830c     830c        0     1                 
    831c     831c        0     1                 
    8320     8320        0     1                 
    8320     8320        0     1                 .Lpcrel_hi7
    8320     8320        0     1                 
    8324     8324        0     1                 
    832a     832a        0     1                 .Lpcrel_hi8
    8332     8332        0     1                 
    8332     8332        0     1                 
    833a     833a        0     1                 
    833a     833a        0     1                 
    8342     8342        0     1                 
    8342     8342        0     1                 
    8348     8348        0     1                 
    8348     8348        0     1                 
    8350     8350        0     1                 
    8350     8350        0     1                 .Lpcrel_hi9
    8350     8350        0     1                 
    8368     8368        0     1                 
    836c     836c        0     1                 
    836c     836c        0     1                 .Lpcrel_hi10
    836c     836c        0     1                 
    8370     8370        0     1                 
    8376     8376        0     1                 .Lpcrel_hi11
    837e     837e        0     1                 
    837e     837e        0     1                 
    8386     8386        0     1                 
    8386     8386        0     1                 
    838e     838e        0     1                 
    838e     838e        0     1                 
    8394     8394        0     1                 
    8394     8394        0     1                 
    839c     839c        0     1                 
    839c     839c        0     1                 
    83ac     83ac        0     1                 
    83b0     83b0        0     1                 
    83b0     83b0        0     1                 .Lpcrel_hi12
    83b0     83b0        0     1                 
    83b4     83b4        0     1                 
    83ba     83ba        0     1                 .Lpcrel_hi13
    83c2     83c2        0     1                 
    83c2     83c2        0     1                 
    83ca     83ca        0     1                 
    83ca     83ca        0     1                 
    83d2     83d2        0     1                 
    83d2     83d2        0     1                 
    83d8     83d8        0     1                 
    83d8     83d8        0     1                 
    83e0     83e0        0     1                 
    83e0     83e0        0     1                 
    83f0     83f0        0     1                 
    83f4     83f4        0     1                 
    83f4     83f4        0     1                 .Lpcrel_hi14
    83f4     83f4        0     1                 
    8408     8408        0     1                 
    8408     8408        0     1                 
    840e     840e        0     1                 
    8416     8416        0     1                 
    8416     8416        0     1                 
    8426     8426        0     1                 
    842a     842a        0     1                 
    842a     842a        0     1                 .Lpcrel_hi15
    842a     842a        0     1                 
    842e     842e        0     1                 
    8434     8434        0     1                 .Lpcrel_hi16
    843c     843c        0     1                 
    843c     843c        0     1                 
    8444     8444        0     1                 
    8444     8444        0     1                 
    844c     844c        0     1                 
    844c     844c        0     1                 
    8452     8452        0     1                 
    8452     8452        0     1                 
    845a     845a        0     1                 
    845a     845a        0     1                 
    846a     846a        0     1                 
    846e     846e        0     1                 
    846e     846e        0     1                 .Lpcrel_hi17
    846e     846e        0     1                 
    8472     8472        0     1                 
    8478     8478        0     1                 .Lpcrel_hi18
    8480     8480        0     1                 
    8480     8480        0     1                 
    8488     8488        0     1                 
    8488     8488        0     1                 
    8490     8490        0     1                 
    8490     8490        0     1                 
    8496     8496        0     1                 
    8496     8496        0     1                 
    849e     849e        0     1                 
    849e     849e        0     1                 
    84b2     84b2        0     1                 
    84b6     84b6        0     1                 
    84b6     84b6        0     1                 .Lpcrel_hi19
    84b6     84b6        0     1                 
    84ca     84ca        0     1                 
    84ca     84ca        0     1                 
    84d0     84d0        0     1                 
    84d8     84d8        0     1                 
    84d8     84d8        0     1                 
    84ec     84ec        0     1                 
    84f0     84f0        0     1                 
    84f0     84f0        0     1                 .Lpcrel_hi20
    84f0     84f0        0     1                 
    8504     8504        0     1                 
    8504     8504        0     1                 
    850a     850a        0     1                 
    8512     8512        0     1                 
    8512     8512        0     1                 
    8520     8520        0     1                 
    8524     8524        0     1                 
    8524     8524        0     1                 .Lpcrel_hi21
    8524     8524        0     1                 
    8538     8538        0     1                 
    8538     8538        0     1                 
    853e     853e        0     1                 
    8546     8546        0     1                 
    8546     8546        0     1                 
    854c     854c        0     1                 
    8550     8550        0     1                 
    8550     8550        0     1                 
    8550     8550      1ca     2         lto.tmp:(.text.pinmux_testutils_connect)
    8550     8550      1ca     1                 pinmux_testutils_connect
    8550     8550        0     1                 
    8550     8550        0     1                 
    8550     8550        0     1                 
    8552     8552        0     1                 
    8560     8560        0     1                 
    8562     8562        0     1                 
    8562     8562        0     1                 
    8568     8568        0     1                 
    8568     8568        0     1                 
    856a     856a        0     1                 
    856a     856a        0     1                 
    8570     8570        0     1                 
    8570     8570        0     1                 .Lpcrel_hi22
    8570     8570        0     1                 
    857c     857c        0     1                 
    857e     857e        0     1                 
    857e     857e        0     1                 
    8580     8580        0     1                 
    8588     8588        0     1                 
    8588     8588        0     1                 .Lpcrel_hi24
    8588     8588        0     1                 
    8594     8594        0     1                 
    8596     8596        0     1                 
    8596     8596        0     1                 
    859a     859a        0     1                 
    859e     859e        0     1                 
    85a2     85a2        0     1                 
    85a4     85a4        0     1                 
    85a4     85a4        0     1                 
    85ac     85ac        0     1                 
    85ac     85ac        0     1                 
    85b0     85b0        0     1                 
    85b6     85b6        0     1                 
    85ba     85ba        0     1                 
    85c2     85c2        0     1                 
    85c8     85c8        0     1                 
    85cc     85cc        0     1                 
    85ce     85ce        0     1                 
    85d0     85d0        0     1                 
    85e0     85e0        0     1                 
    85e0     85e0        0     1                 
    85e6     85e6        0     1                 
    85e6     85e6        0     1                 
    85ea     85ea        0     1                 
    85f0     85f0        0     1                 
    85f0     85f0        0     1                 
    85f4     85f4        0     1                 
    85f4     85f4        0     1                 
    85f8     85f8        0     1                 
    85f8     85f8        0     1                 .Lpcrel_hi23
    85f8     85f8        0     1                 
    8610     8610        0     1                 
    8610     8610        0     1                 
    8612     8612        0     1                 
    8616     8616        0     1                 
    8616     8616        0     1                 
    8618     8618        0     1                 
    8618     8618        0     1                 
    861a     861a        0     1                 
    861a     861a        0     1                 
    861c     861c        0     1                 
    861c     861c        0     1                 
    8620     8620        0     1                 
    8620     8620        0     1                 
    8624     8624        0     1                 
    8624     8624        0     1                 
    8626     8626        0     1                 
    8626     8626        0     1                 
    8634     8634        0     1                 
    8636     8636        0     1                 
    8648     8648        0     1                 
    8648     8648        0     1                 
    864c     864c        0     1                 
    864c     864c        0     1                 
    864e     864e        0     1                 
    864e     864e        0     1                 
    8650     8650        0     1                 
    8654     8654        0     1                 
    8654     8654        0     1                 
    8664     8664        0     1                 
    8666     8666        0     1                 
    8666     8666        0     1                 
    8674     8674        0     1                 
    8676     8676        0     1                 
    8688     8688        0     1                 
    8688     8688        0     1                 
    868c     868c        0     1                 
    868c     868c        0     1                 
    868e     868e        0     1                 
    8690     8690        0     1                 
    8690     8690        0     1                 
    8696     8696        0     1                 
    8696     8696        0     1                 
    869a     869a        0     1                 
    869e     869e        0     1                 
    869e     869e        0     1                 
    86ac     86ac        0     1                 
    86ae     86ae        0     1                 
    86ae     86ae        0     1                 
    86bc     86bc        0     1                 
    86be     86be        0     1                 
    86d0     86d0        0     1                 
    86d0     86d0        0     1                 
    86d4     86d4        0     1                 
    86d4     86d4        0     1                 
    86e0     86e0        0     1                 
    86e4     86e4        0     1                 
    86e4     86e4        0     1                 
    86ec     86ec        0     1                 
    86ee     86ee        0     1                 
    86f0     86f0        0     1                 
    86f0     86f0        0     1                 
    86f6     86f6        0     1                 
    86f6     86f6        0     1                 
    86f8     86f8        0     1                 
    86fa     86fa        0     1                 
    86fa     86fa        0     1                 
    86fe     86fe        0     1                 
    86fe     86fe        0     1                 
    8706     8706        0     1                 
    8706     8706        0     1                 
    870c     870c        0     1                 
    870e     870e        0     1                 
    8716     8716        0     1                 
    871a     871a        0     1                 
    871a     871a        0     1                 
    871a     871a       3e     2         lto.tmp:(.text.dif_pinmux_is_locked)
    871a     871a       3e     1                 dif_pinmux_is_locked
    871a     871a        0     1                 
    871a     871a        0     1                 
    871a     871a        0     1                 
    871c     871c        0     1                 
    871e     871e        0     1                 
    871e     871e        0     1                 .Lpcrel_hi25
    871e     871e        0     1                 
    872c     872c        0     1                 
    872c     872c        0     1                 
    8730     8730        0     1                 .Lpcrel_hi26
    8730     8730        0     1                 
    873c     873c        0     1                 
    873e     873e        0     1                 
    873e     873e        0     1                 
    8740     8740        0     1                 
    8742     8742        0     1                 
    8742     8742        0     1                 
    8746     8746        0     1                 
    8748     8748        0     1                 
    8748     8748        0     1                 
    874a     874a        0     1                 
    874a     874a        0     1                 
    874c     874c        0     1                 
    8750     8750        0     1                 
    8750     8750        0     1                 
    8754     8754        0     1                 
    8754     8754        0     1                 
    8758     8758        0     1                 
    8758     8758        0     1                 
    8758     8758       68     2         lto.tmp:(.text.dif_pinmux_mio_select_output)
    8758     8758       68     1                 dif_pinmux_mio_select_output
    8758     8758        0     1                 
    8758     8758        0     1                 
    8758     8758        0     1                 
    875a     875a        0     1                 
    875a     875a        0     1                 
    875a     875a        0     1                 
    8762     8762        0     1                 
    8762     8762        0     1                 .Lpcrel_hi27
    876e     876e        0     1                 
    8770     8770        0     1                 
    8770     8770        0     1                 
    8774     8774        0     1                 
    8776     8776        0     1                 
    8776     8776        0     1                 
    877e     877e        0     1                 
    877e     877e        0     1                 
    8782     8782        0     1                 
    8782     8782        0     1                 
    8786     8786        0     1                 
    8786     8786        0     1                 .Lpcrel_hi28
    8786     8786        0     1                 
    87a0     87a0        0     1                 
    87a0     87a0        0     1                 
    87a2     87a2        0     1                 
    87a6     87a6        0     1                 
    87a6     87a6        0     1                 
    87a8     87a8        0     1                 
    87a8     87a8        0     1                 
    87aa     87aa        0     1                 
    87aa     87aa        0     1                 
    87ac     87ac        0     1                 
    87ac     87ac        0     1                 
    87b0     87b0        0     1                 
    87b0     87b0        0     1                 
    87b4     87b4        0     1                 
    87b4     87b4        0     1                 
    87bc     87bc        0     1                 
    87c0     87c0        0     1                 
    87c0     87c0        0     1                 
    87c0     87c0      136     2         lto.tmp:(.text.dif_pinmux_pad_write_attrs_dt)
    87c0     87c0      136     1                 dif_pinmux_pad_write_attrs_dt
    87c0     87c0        0     1                 
    87c0     87c0        0     1                 
    87c0     87c0        0     1                 
    87c2     87c2        0     1                 
    87c2     87c2        0     1                 
    87c2     87c2        0     1                 
    87d2     87d2        0     1                 
    87d2     87d2        0     1                 .Lpcrel_hi29
    87de     87de        0     1                 
    87e6     87e6        0     1                 
    87e6     87e6        0     1                 
    87ea     87ea        0     1                 
    87ea     87ea        0     1                 
    87ec     87ec        0     1                 
    87ee     87ee        0     1                 
    87ee     87ee        0     1                 
    87f0     87f0        0     1                 
    87f0     87f0        0     1                 
    87f6     87f6        0     1                 
    87fa     87fa        0     1                 
    87fa     87fa        0     1                 
    880a     880a        0     1                 
    880e     880e        0     1                 
    880e     880e        0     1                 
    8810     8810        0     1                 
    8814     8814        0     1                 
    8814     8814        0     1                 
    8816     8816        0     1                 
    8818     8818        0     1                 
    881c     881c        0     1                 
    8822     8822        0     1                 
    8824     8824        0     1                 
    882c     882c        0     1                 
    882c     882c        0     1                 
    8830     8830        0     1                 
    8830     8830        0     1                 .Lpcrel_hi30
    8830     8830        0     1                 
    8838     8838        0     1                 
    883c     883c        0     1                 
    8840     8840        0     1                 
    8840     8840        0     1                 
    8850     8850        0     1                 
    8850     8850        0     1                 
    8852     8852        0     1                 
    8856     8856        0     1                 
    8856     8856        0     1                 
    8858     8858        0     1                 
    8858     8858        0     1                 
    885a     885a        0     1                 
    885a     885a        0     1                 
    885c     885c        0     1                 
    885c     885c        0     1                 
    8860     8860        0     1                 
    8862     8862        0     1                 
    8862     8862        0     1                 
    8868     8868        0     1                 
    8868     8868        0     1                 
    886a     886a        0     1                 
    886a     886a        0     1                 
    886e     886e        0     1                 
    8870     8870        0     1                 
    8870     8870        0     1                 
    8874     8874        0     1                 
    8874     8874        0     1                 
    8878     8878        0     1                 
    8878     8878        0     1                 
    887c     887c        0     1                 
    887e     887e        0     1                 
    887e     887e        0     1                 
    8880     8880        0     1                 
    8880     8880        0     1                 
    8882     8882        0     1                 
    8882     8882        0     1                 
    8892     8892        0     1                 
    8892     8892        0     1                 
    8896     8896        0     1                 
    889a     889a        0     1                 
    889e     889e        0     1                 
    88a0     88a0        0     1                 
    88a0     88a0        0     1                 
    88b0     88b0        0     1                 
    88b0     88b0        0     1                 
    88b2     88b2        0     1                 
    88b8     88b8        0     1                 
    88b8     88b8        0     1                 
    88ba     88ba        0     1                 
    88c4     88c4        0     1                 
    88c6     88c6        0     1                 
    88c6     88c6        0     1                 
    88ca     88ca        0     1                 
    88ca     88ca        0     1                 
    88d0     88d0        0     1                 
    88d0     88d0        0     1                 
    88d6     88d6        0     1                 
    88d6     88d6        0     1                 
    88da     88da        0     1                 
    88da     88da        0     1                 
    88e6     88e6        0     1                 
    88e6     88e6        0     1                 
    88ea     88ea        0     1                 
    88ec     88ec        0     1                 
    88f0     88f0        0     1                 
    88f6     88f6        0     1                 
    88f6     88f6        0     1                 
    88f6     88f6        0     1                 
    88f6     88f6       8a     2         lto.tmp:(.text.test_status_set)
    88f6     88f6       8a     1                 test_status_set
    88f6     88f6        0     1                 
    88f6     88f6        0     1                 
    88f6     88f6        0     1                 
    88f8     88f8        0     1                 
    88fe     88fe        0     1                 
    8904     8904        0     1                 
    8908     8908        0     1                 
    890a     890a        0     1                 
    890e     890e        0     1                 
    8912     8912        0     1                 .Lpcrel_hi35
    8912     8912        0     1                 
    891a     891a        0     1                 .Lpcrel_hi36
    8930     8930        0     1                 
    8930     8930        0     1                 
    8934     8934        0     1                 
    8934     8934        0     1                 
    8938     8938        0     1                 
    8938     8938        0     1                 
    893c     893c        0     1                 
    893e     893e        0     1                 
    8942     8942        0     1                 
    8942     8942        0     1                 .Lpcrel_hi33
    8942     8942        0     1                 
    8946     8946        0     1                 
    894a     894a        0     1                 .Lpcrel_hi34
    8954     8954        0     1                 
    8954     8954        0     1                 .Lpcrel_hi31
    8954     8954        0     1                 
    895c     895c        0     1                 .Lpcrel_hi32
    8964     8964        0     1                 
    8964     8964        0     1                 
    8970     8970        0     1                 
    8980     8980        0     1                 
    8980     8980        0     1                 
    8980     8980        0     1                 
    8980     8980       32     2         lto.tmp:(.text.base_log_internal_dv)
    8980     8980       32     1                 base_log_internal_dv
    8980     8980        0     1                 
    8980     8980        0     1                 
    8980     8980        0     1                 
    8982     8982        0     1                 
    8992     8992        0     1                 
    8992     8992        0     1                 
    8998     8998        0     1                 
    8998     8998        0     1                 
    899a     899a        0     1                 
    899a     899a        0     1                 
    899c     899c        0     1                 
    899c     899c        0     1                 
    899e     899e        0     1                 
    899e     899e        0     1                 
    89a4     89a4        0     1                 
    89a4     89a4        0     1                 
    89a8     89a8        0     1                 
    89a8     89a8        0     1                 
    89aa     89aa        0     1                 
    89ac     89ac        0     1                 
    89ae     89ae        0     1                 
    89ae     89ae        0     1                 
    89b2     89b2        0     1                 
    89b2     89b2        0     1                 
    89b2     89b2       e0     2         lto.tmp:(.text.status_create)
    89b2     89b2       e0     1                 status_create
    89b2     89b2        0     1                 
    89b2     89b2        0     1                 
    89b2     89b2        0     1                 
    89b4     89b4        0     1                 
    89b4     89b4        0     1                 
    89b6     89b6        0     1                 
    89b8     89b8        0     1                 .Lpcrel_hi37
    89c4     89c4        0     1                 
    89c4     89c4        0     1                 
    89c8     89c8        0     1                 
    89cc     89cc        0     1                 
    89d0     89d0        0     1                 
    89dc     89dc        0     1                 
    89de     89de        0     1                 
    89de     89de        0     1                 
    89e0     89e0        0     1                 
    89e0     89e0        0     1                 
    89e2     89e2        0     1                 
    89e4     89e4        0     1                 
    89e8     89e8        0     1                 
    89f0     89f0        0     1                 
    89fe     89fe        0     1                 
    89fe     89fe        0     1                 
    8a06     8a06        0     1                 
    8a06     8a06        0     1                 
    8a0a     8a0a        0     1                 
    8a0a     8a0a        0     1                 
    8a1e     8a1e        0     1                 
    8a20     8a20        0     1                 
    8a26     8a26        0     1                 
    8a26     8a26        0     1                 
    8a2a     8a2a        0     1                 
    8a2e     8a2e        0     1                 
    8a2e     8a2e        0     1                 
    8a3e     8a3e        0     1                 
    8a40     8a40        0     1                 
    8a46     8a46        0     1                 
    8a46     8a46        0     1                 
    8a4e     8a4e        0     1                 
    8a4e     8a4e        0     1                 
    8a68     8a68        0     1                 
    8a68     8a68        0     1                 
    8a6c     8a6c        0     1                 
    8a6e     8a6e        0     1                 
    8a6e     8a6e        0     1                 
    8a72     8a72        0     1                 
    8a74     8a74        0     1                 
    8a76     8a76        0     1                 
    8a76     8a76        0     1                 
    8a78     8a78        0     1                 
    8a7c     8a7c        0     1                 
    8a7c     8a7c        0     1                 
    8a7e     8a7e        0     1                 
    8a7e     8a7e        0     1                 
    8a80     8a80        0     1                 
    8a84     8a84        0     1                 
    8a84     8a84        0     1                 
    8a86     8a86        0     1                 
    8a86     8a86        0     1                 
    8a8e     8a8e        0     1                 
    8a8e     8a8e        0     1                 
    8a92     8a92        0     1                 
    8a92     8a92        0     1                 
    8a92     8a92       7c     2         lto.tmp:(.text.memcpy)
    8a92     8a92        0     1                 
    8a92     8a92        0     1                 
    8a92     8a92        0     1                 
    8a92     8a92        0     1                 
    8a92     8a92       7c     1                 memcpy
    8a9a     8a9a        0     1                 
    8a9e     8a9e        0     1                 
    8a9e     8a9e        0     1                 
    8aa2     8aa2        0     1                 
    8aa2     8aa2        0     1                 
    8aa6     8aa6        0     1                 
    8aa6     8aa6        0     1                 
    8aac     8aac        0     1                 
    8aae     8aae        0     1                 
    8aae     8aae        0     1                 
    8ab8     8ab8        0     1                 
    8ab8     8ab8        0     1                 
    8abc     8abc        0     1                 
    8ac0     8ac0        0     1                 
    8ac0     8ac0        0     1                 
    8ac6     8ac6        0     1                 
    8ac6     8ac6        0     1                 
    8aca     8aca        0     1                 
    8aca     8aca        0     1                 
    8ace     8ace        0     1                 
    8ad2     8ad2        0     1                 
    8ad2     8ad2        0     1                 
    8ad4     8ad4        0     1                 
    8ad8     8ad8        0     1                 
    8ad8     8ad8        0     1                 
    8adc     8adc        0     1                 
    8adc     8adc        0     1                 
    8ade     8ade        0     1                 
    8ade     8ade        0     1                 
    8ae2     8ae2        0     1                 
    8ae2     8ae2        0     1                 
    8ae6     8ae6        0     1                 
    8ae6     8ae6        0     1                 
    8ae8     8ae8        0     1                 
    8ae8     8ae8        0     1                 
    8aec     8aec        0     1                 
    8aec     8aec        0     1                 
    8aee     8aee        0     1                 
    8aee     8aee        0     1                 
    8af0     8af0        0     1                 
    8af6     8af6        0     1                 
    8af6     8af6        0     1                 
    8afe     8afe        0     1                 
    8b02     8b02        0     1                 
    8b06     8b06        0     1                 
    8b08     8b08        0     1                 
    8b0c     8b0c        0     1                 
    8b0c     8b0c        0     1                 
    8b0e     8b0e        0     1                 
    8b0e     8b0e        0     1                 
    8b0e     8b0e        6     2         lto.tmp:(.text.abort)
    8b0e     8b0e        6     1                 abort
    8b0e     8b0e        0     1                 
    8b0e     8b0e        0     1                 
    8b0e     8b0e        0     1                 
    8b0e     8b0e        0     1                 
    8b12     8b12        0     1                 
    8b12     8b12        0     1                 
    8b14     8b14        0     1                 
    8b14     8b14        0     1                 
    8b14     8b14       2e     2         lto.tmp:(.text._boot_start)
    8b14     8b14        0     1                 
    8b14     8b14        0     1                 
    8b14     8b14        0     1                 
    8b14     8b14       2e     1                 _boot_start
    8b16     8b16        0     1                 
    8b18     8b18        0     1                 
    8b1e     8b1e        0     1                 
    8b26     8b26        0     1                 
    8b26     8b26        0     1                 
    8b2e     8b2e        0     1                 
    8b2e     8b2e        0     1                 
    8b32     8b32        0     1                 
    8b3a     8b3a        0     1                 
    8b3a     8b3a        0     1                 
    8b42     8b42        0     1                 
    8b42     8b42        0     1                 
    8b42     8b42        0     1                 
    8b42     8b42       12     2         lto.tmp:(.text.OUTLINED_FUNCTION_0)
    8b42     8b42       12     1                 OUTLINED_FUNCTION_0
    8b42     8b42        0     1                 
    8b42     8b42        0     1                 
    8b54     8b54        0     1                 
    8b54     8b54        0     1                 
    8b54     8b54      6c8     4 .rodata
    8b54     8b54      228     1         <internal>:(.rodata)
    8d7c     8d7c       1c     4         lto.tmp:(.rodata..Lswitch.table.dif_pinmux_get_lock_reg_offset)
    8d7c     8d7c       1c     1                 .Lswitch.table.dif_pinmux_get_lock_reg_offset
    8d98     8d98       1c     4         lto.tmp:(.rodata..Lswitch.table.dif_pinmux_get_lock_reg_offset.1)
    8d98     8d98       1c     1                 .Lswitch.table.dif_pinmux_get_lock_reg_offset.1
    8db4     8db4      19c     4         lto.tmp:(.rodata.gpio_desc)
    8db4     8db4      19c     1                 gpio_desc
    8f50     8f50       c0     4         lto.tmp:(.rodata.uart_desc)
    8f50     8f50       c0     1                 uart_desc
    9010     9010      208     4         lto.tmp:(.rodata.dt_pad)
    9010     9010      208     1                 dt_pad
    9218     9218        4     4         lto.tmp:(.rodata.kDeviceType)
    9218     9218        4     1                 kDeviceType
10000000 10000000     1fe8     4 .static_critical
10000000 10000000        0     1         
10000000 10000000        4     4         lto.tmp:(.static_critical.version)
10000000 10000000        4     1                 static_critical_version
10000004 10000004       40     4         lto.tmp:(.static_critical.boot_measurements)
10000004 10000004       40     1                 boot_measurements
10000044 10000044       54     4         lto.tmp:(.static_critical.epmp_state)
10000044 10000044       54     1                 epmp_state
10000098 10000098     1f50     4         lto.tmp:(.static_critical.sec_mmio_ctx)
10000098 10000098     1f50     1                 sec_mmio_ctx
10001fe8 10001fe8        0     1         
10001fe8 10001fe8        0     4 .data
10001fe8 10001fe8        0     1         _data_start = .
10001fe8 10001fe8        0     1         _data_init_start = LOADADDR ( .data )
10001fe8 10001fe8        0     1         __global_pointer$ = . + 2048
10001fe8 10001fe8        0     1         . = ALIGN ( 4 )
10001fe8 10001fe8        0     1         _data_end = .
10001fe8 10001fe8        0     1         _data_init_end = LOADADDR ( .data ) + SIZEOF ( .data )
    ff80     ff80        c     4 .chip_info
    ff80     ff80        c     4         lto.tmp:(.build_info)
    ff80     ff80        c     1                 kBuildInfo
10001fe8 10001fe8        8     4 .bss
10001fe8 10001fe8        0     1         _bss_start = .
10001fe8 10001fe8        8     4         lto.tmp:(.sbss)
10001fe8 10001fe8        8     1                 pinmux
10001ff0 10001ff0        0     1         . = ALIGN ( 4 )
10001ff0 10001ff0        0     1         _bss_end = .
       0        0      11c     4 .logs.fields
       0        0        4     1         LONG ( _dv_log_offset )
       4        4      118     4         lto.tmp:(.logs.fields)
       4        4       14     1                 pinmux_testutils_init.kLogFields
      18       18       14     1                 pinmux_testutils_init.kLogFields.8
      2c       2c       14     1                 pinmux_testutils_init.kLogFields.14
      40       40       14     1                 pinmux_testutils_init.kLogFields.20
      54       54       14     1                 pinmux_testutils_init.kLogFields.26
      68       68       14     1                 pinmux_testutils_init.kLogFields.32
      7c       7c       14     1                 pinmux_testutils_init.kLogFields.35
      90       90       14     1                 pinmux_testutils_init.kLogFields.41
      a4       a4       14     1                 pinmux_testutils_init.kLogFields.48
      b8       b8       14     1                 pinmux_testutils_init.kLogFields.51
      cc       cc       14     1                 pinmux_testutils_init.kLogFields.54
      e0       e0       14     1                 test_status_set.kLogFields
      f4       f4       14     1                 test_status_set.kLogFields.2
     108      108       14     1                 test_status_set.kLogFields.5
       0        0        0     8 __llvm_prf_data
       0        0        0     1         __llvm_prf_data_start = .
       0        0        0     1         __llvm_prf_data_end = .
       0        0        0     1         
       0        0        0     1 __llvm_prf_names
       0        0        0     1         __llvm_prf_names_start = .
       0        0        0     1         __llvm_prf_names_end = .
       0        0        0     1         
       0        0        0     8 __llvm_covmap
       0        0        0     1         
       0        0        0     8 __llvm_covfun
       0        0        0     1         
       0        0     ce70     4 .symtab
       0        0     ce70     4         <internal>:(.symtab)
       0        0      82a     1 .strtab
       0        0      82a     1         <internal>:(.strtab)
       0        0      139     1 .shstrtab
       0        0      139     1         <internal>:(.shstrtab)
       0        0       1c     1 .riscv.attributes
       0        0       1c     1         <internal>:(.riscv.attributes)
       0        0     8b9c     1 .debug_info
       0        0      13f     1         bazel-out/k8-fastbuild-ST-1df456420242/bin/sw/device/lib/testing/test_rom/libtest_rom_lib.a(test_rom_start.o):(.debug_info)
       0        0        0     1                 
     13f      13f       f3     1         bazel-out/k8-fastbuild-ST-1df456420242/bin/sw/device/lib/crt/libcrt.a(crt.o):(.debug_info)
     13f      13f        0     1                 
     232      232     896a     1         lto.tmp:(.debug_info)
       0        0      7f0     1 .debug_abbrev
       0        0       1f     1         bazel-out/k8-fastbuild-ST-1df456420242/bin/sw/device/lib/testing/test_rom/libtest_rom_lib.a(test_rom_start.o):(.debug_abbrev)
       0        0        0     1                 
      1f       1f       21     1         bazel-out/k8-fastbuild-ST-1df456420242/bin/sw/device/lib/crt/libcrt.a(crt.o):(.debug_abbrev)
      1f       1f        0     1                 
      40       40      7b0     1         lto.tmp:(.debug_abbrev)
       0        0       50     1 .debug_aranges
       0        0       30     1         bazel-out/k8-fastbuild-ST-1df456420242/bin/sw/device/lib/testing/test_rom/libtest_rom_lib.a(test_rom_start.o):(.debug_aranges)
      30       30       20     1         bazel-out/k8-fastbuild-ST-1df456420242/bin/sw/device/lib/crt/libcrt.a(crt.o):(.debug_aranges)
       0        0     3951     1 .debug_line
       0        0      39c     1         bazel-out/k8-fastbuild-ST-1df456420242/bin/sw/device/lib/testing/test_rom/libtest_rom_lib.a(test_rom_start.o):(.debug_line)
       0        0        0     1                 .Lline_table_start0
     39c      39c       eb     1         bazel-out/k8-fastbuild-ST-1df456420242/bin/sw/device/lib/crt/libcrt.a(crt.o):(.debug_line)
     39c      39c        0     1                 .Lline_table_start0
     487      487     34ca     1         lto.tmp:(.debug_line)
     487      487        0     1                 .Lline_table_start0
     910      910        0     1                 .Lline_table_start1
     a09      a09        0     1                 .Lline_table_start2
     ad6      ad6        0     1                 .Lline_table_start3
     c27      c27        0     1                 .Lline_table_start4
     fbb      fbb        0     1                 .Lline_table_start5
     ffb      ffb        0     1                 .Lline_table_start6
    147e     147e        0     1                 .Lline_table_start7
    1593     1593        0     1                 .Lline_table_start8
    163a     163a        0     1                 .Lline_table_start9
    1718     1718        0     1                 .Lline_table_start10
    17a9     17a9        0     1                 .Lline_table_start11
    183b     183b        0     1                 .Lline_table_start12
    1899     1899        0     1                 .Lline_table_start13
    1999     1999        0     1                 .Lline_table_start14
    1a04     1a04        0     1                 .Lline_table_start15
    1a74     1a74        0     1                 .Lline_table_start16
    1c07     1c07        0     1                 .Lline_table_start17
    1d4b     1d4b        0     1                 .Lline_table_start18
    1e0e     1e0e        0     1                 .Lline_table_start19
    1ff3     1ff3        0     1                 .Lline_table_start20
    2232     2232        0     1                 .Lline_table_start21
    22c1     22c1        0     1                 .Lline_table_start22
    236d     236d        0     1                 .Lline_table_start23
    23e4     23e4        0     1                 .Lline_table_start24
    2402     2402        0     1                 .Lline_table_start25
    2480     2480        0     1                 .Lline_table_start26
    2514     2514        0     1                 .Lline_table_start27
    2830     2830        0     1                 .Lline_table_start28
    28b2     28b2        0     1                 .Lline_table_start29
    296e     296e        0     1                 .Lline_table_start30
    29d9     29d9        0     1                 .Lline_table_start31
    2a8a     2a8a        0     1                 .Lline_table_start32
    2b6a     2b6a        0     1                 .Lline_table_start33
    2be6     2be6        0     1                 .Lline_table_start34
    2c76     2c76        0     1                 .Lline_table_start35
    2cb8     2cb8        0     1                 .Lline_table_start36
    2f90     2f90        0     1                 .Lline_table_start37
    3001     3001        0     1                 .Lline_table_start38
    3082     3082        0     1                 .Lline_table_start39
    30f2     30f2        0     1                 .Lline_table_start40
    3175     3175        0     1                 .Lline_table_start41
    3201     3201        0     1                 .Lline_table_start42
    3262     3262        0     1                 .Lline_table_start43
    32da     32da        0     1                 .Lline_table_start44
    3371     3371        0     1                 .Lline_table_start45
    33f4     33f4        0     1                 .Lline_table_start46
    34c5     34c5        0     1                 .Lline_table_start47
    355c     355c        0     1                 .Lline_table_start48
    35c9     35c9        0     1                 .Lline_table_start49
    3645     3645        0     1                 .Lline_table_start50
    36ec     36ec        0     1                 .Lline_table_start51
       0        0     134d     1 .debug_loc
       0        0     134d     1         lto.tmp:(.debug_loc)
       0        0        0     1                 
      1b       1b        0     1                 
      36       36        0     1                 
      5f       5f        0     1                 
      7a       7a        0     1                 
      95       95        0     1                 
      be       be        0     1                 
      d9       d9        0     1                 
      f4       f4        0     1                 
     11d      11d        0     1                 
     138      138        0     1                 
     153      153        0     1                 
     17c      17c        0     1                 
     197      197        0     1                 
     1b2      1b2        0     1                 
     1db      1db        0     1                 
     1f6      1f6        0     1                 
     218      218        0     1                 
     23e      23e        0     1                 
     259      259        0     1                 
     282      282        0     1                 
     29d      29d        0     1                 
     2b8      2b8        0     1                 
     2e1      2e1        0     1                 
     2fc      2fc        0     1                 
     320      320        0     1                 
     346      346        0     1                 
     36c      36c        0     1                 
     392      392        0     1                 
     3be      3be        0     1                 
     3f2      3f2        0     1                 
     41b      41b        0     1                 
     42e      42e        0     1                 
     441      441        0     1                 
     460      460        0     1                 
     473      473        0     1                 
     48d      48d        0     1                 
     4a0      4a0        0     1                 
     4bf      4bf        0     1                 
     4de      4de        0     1                 
     4fc      4fc        0     1                 
     51a      51a        0     1                 
     538      538        0     1                 
     557      557        0     1                 
     576      576        0     1                 
     595      595        0     1                 
     5b4      5b4        0     1                 
     5cf      5cf        0     1                 
     5ea      5ea        0     1                 
     605      605        0     1                 
     620      620        0     1                 
     63b      63b        0     1                 
     65d      65d        0     1                 
     67f      67f        0     1                 
     69a      69a        0     1                 
     6b5      6b5        0     1                 
     6d0      6d0        0     1                 
     6eb      6eb        0     1                 
     712      712        0     1                 
     72d      72d        0     1                 
     74f      74f        0     1                 
     76a      76a        0     1                 
     785      785        0     1                 
     7b6      7b6        0     1                 
     7d1      7d1        0     1                 
     7f7      7f7        0     1                 
     874      874        0     1                 
     88f      88f        0     1                 
     8aa      8aa        0     1                 
     8d0      8d0        0     1                 
     8f6      8f6        0     1                 
     91f      91f        0     1                 
     946      946        0     1                 
     96d      96d        0     1                 
     988      988        0     1                 
     9a3      9a3        0     1                 
     9c5      9c5        0     1                 
     9e7      9e7        0     1                 
     a0e      a0e        0     1                 
     a30      a30        0     1                 
     a4b      a4b        0     1                 
     a6e      a6e        0     1                 
     a90      a90        0     1                 
     aab      aab        0     1                 
     ad1      ad1        0     1                 
     aec      aec        0     1                 
     b0e      b0e        0     1                 
     b35      b35        0     1                 
     b5c      b5c        0     1                 
     b78      b78        0     1                 
     b96      b96        0     1                 
     bc3      bc3        0     1                 
     bea      bea        0     1                 
     c11      c11        0     1                 
     c2d      c2d        0     1                 
     c4f      c4f        0     1                 
     cd8      cd8        0     1                 
     cf3      cf3        0     1                 
     d27      d27        0     1                 
     d3a      d3a        0     1                 
     d4d      d4d        0     1                 
     d78      d78        0     1                 
     d8d      d8d        0     1                 
     da0      da0        0     1                 
     dbe      dbe        0     1                 
     de8      de8        0     1                 
     e0a      e0a        0     1                 
     e1d      e1d        0     1                 
     e3a      e3a        0     1                 
     e4e      e4e        0     1                 
     e6d      e6d        0     1                 
     e87      e87        0     1                 
     ea6      ea6        0     1                 
     eb9      eb9        0     1                 
     ed5      ed5        0     1                 
     ef0      ef0        0     1                 
     f0b      f0b        0     1                 
     f26      f26        0     1                 
     f41      f41        0     1                 
     f5c      f5c        0     1                 
     f7b      f7b        0     1                 
     f9a      f9a        0     1                 
     fb5      fb5        0     1                 
    100f     100f        0     1                 
    102a     102a        0     1                 
    1045     1045        0     1                 
    1060     1060        0     1                 
    107b     107b        0     1                 
    1096     1096        0     1                 
    10b1     10b1        0     1                 
    110b     110b        0     1                 
    112a     112a        0     1                 
    1145     1145        0     1                 
    1160     1160        0     1                 
    117b     117b        0     1                 
    1196     1196        0     1                 
    11e0     11e0        0     1                 
    121e     121e        0     1                 
    126c     126c        0     1                 
    12be     12be        0     1                 
    130c     130c        0     1                 
       0        0      1a0     1 .debug_ranges
       0        0       38     1         bazel-out/k8-fastbuild-ST-1df456420242/bin/sw/device/lib/testing/test_rom/libtest_rom_lib.a(test_rom_start.o):(.debug_ranges)
       0        0        0     1                 
      38       38      168     1         lto.tmp:(.debug_ranges)
      38       38        0     1                 
      50       50        0     1                 
      68       68        0     1                 
      80       80        0     1                 
      98       98        0     1                 
      b0       b0        0     1                 
      c8       c8        0     1                 
      e0       e0        0     1                 
      f8       f8        0     1                 
     110      110        0     1                 
     128      128        0     1                 
     148      148        0     1                 
     160      160        0     1                 
       0        0     cf81     1 .debug_str
       0        0     cf81     1         <internal>:(.debug_str)
       0        0      1cc     4 .debug_frame
       0        0      1cc     4         lto.tmp:(.debug_frame)
       0        0        0     1                 
       0        0      680     4 .ot.status_create_record
       0        0        0     1         . = .
       0        0      680     4         lto.tmp:(.ot.status_create_record)
       0        0       80     1                 rom_test_main.kOtStatusRecord
      80       80       80     1                 rom_test_main.kOtStatusRecord.11
     100      100       80     1                 pinmux_testutils_connect.kOtStatusRecord
     180      180       80     1                 pinmux_testutils_connect.kOtStatusRecord.57
     200      200       80     1                 pinmux_testutils_connect.kOtStatusRecord.58
     280      280       80     1                 pinmux_testutils_connect.kOtStatusRecord.59
     300      300       80     1                 pinmux_testutils_get_testable_gpios_mask.kOtStatusRecord
     380      380       80     1                 rom_test_main.kOtStatusRecord.134
     400      400       80     1                 rom_test_main.kOtStatusRecord.38
     480      480       80     1                 flash_ctrl_testutils_wait_transaction_end.kOtStatusRecord
     500      500       80     1                 flash_ctrl_testutils_wait_transaction_end.kOtStatusRecord.5
     580      580       80     1                 flash_ctrl_testutils_wait_transaction_end.kOtStatusRecord.6
     600      600       80     1                 flash_ctrl_testutils_write.kOtStatusRecord
