#============================================================================
# Area Report for uart
# Generated by Yosys 0.9 stat command
#============================================================================

Module: uart

#-----------------------------------------------------------------------------
# Cell Statistics (Generic Library)
#-----------------------------------------------------------------------------
Cell Type           Count       Description
-----------------------------------------------------------------------------
$_AND_              152         2-input AND gate
$_DFF_PN0_          69          DFF with async reset (active low, Q=0)
$_DFF_PN1_           7          DFF with async reset (active low, Q=1)
$_MUX_             190         2:1 Multiplexer
$_NOT_              37         Inverter
$_OR_               98         2-input OR gate
$_XOR_              65         2-input XOR gate
-----------------------------------------------------------------------------
Total Cells:        618

#-----------------------------------------------------------------------------
# Flip-Flop Breakdown
#-----------------------------------------------------------------------------
Total FFs:           76  (69 x $_DFF_PN0_ + 7 x $_DFF_PN1_)

Expected FF allocation:
  - RX input synchronizer:          2  (rx_in_sync0, rx_in_sync1)
  - RX falling edge detector:       1  (rx_in_sync_d)
  - Baud counter (baud_cnt):       16  (16-bit counter)
  - Sample tick flag:               1  (sample_tick)
  - Sample counter (sample_cnt):    4  (4-bit counter)
  - Baud tick flag:                 1  (baud_tick)
  - TX state machine:               2  (2-bit state)
  - TX bit counter:                 4  (4-bit counter)
  - TX shift register:              8  (8-bit shift reg)
  - TX outputs (tx_out/ready/busy/done): 4
  - RX state machine:               3  (3-bit state)
  - RX bit counter:                 4  (4-bit counter)
  - RX sample counter:              4  (4-bit counter)
  - RX shift register:              8  (8-bit shift reg)
  - RX outputs (data/valid/busy/frame_err): 12  (8+1+1+1+1)
  - Subtotal expected:             ~74
  - Actual (Yosys mapped):         76

Latch Count:          0  (CONFIRMED: no latches inferred)

#-----------------------------------------------------------------------------
# Area Estimate (in NAND2-equivalent Gate Equivalents)
#-----------------------------------------------------------------------------
Cell Type           Count   GE/Cell   Subtotal GE
--------------------------------------------------
$_AND_              152     1.0       152.0
$_DFF_PN0_          69      6.0       414.0
$_DFF_PN1_           7      6.0        42.0
$_MUX_             190     2.0       380.0
$_NOT_              37     0.5        18.5
$_OR_               98     1.0        98.0
$_XOR_              65     2.5       162.5
--------------------------------------------------
Total Estimated GE:           1267.0

# In a typical 28nm process:
#   ~1267 GE ~ 1267 x 0.12 um^2 ~ 152 um^2 (core area, excluding routing)
#   With 50% routing overhead: ~228 um^2 estimated total cell area
#-----------------------------------------------------------------------------
