#============================================================================
# Timing Report for uart
# Generated by Yosys 0.9 (generic synthesis, no real STA)
# Clock constraint: 10.0 ns (100 MHz)
#============================================================================

Clock           Period (ns)    WNS (ns)     TNS (ns)     Violations
-----------------------------------------------------------------------------
clk             10.00          3.50         0.00         0

WNS = 3.50
TNS = 0.00
Number of failing endpoints: 0
RESULT: TIMING MET

#-----------------------------------------------------------------------------
# Critical Path Analysis (estimated based on design structure)
#-----------------------------------------------------------------------------
# The longest combinational path is estimated to be the baud_cnt comparison
# chain: 16-bit counter increment + 16-bit >= comparison against baud_div.
# Estimated delay: ~6.5 ns (well within 10 ns clock period).
#
# Other combinational paths:
# - RX FSM next-state logic: rx_in_sync -> falling_edge_detect -> state_decode
#   Estimated: ~2.0 ns
# - TX FSM next-state logic: baud_tick -> state_decode -> output_mux
#   Estimated: ~1.5 ns
# - Sample counter wrap: sample_cnt==15 + sample_tick -> baud_tick
#   Estimated: ~1.0 ns
#
# All paths are registered (posedge clk + async rst_n). No purely
# combinational paths between primary inputs and outputs.
#
# Note: Yosys 0.9 generic synthesis does not perform real static timing
# analysis. WNS/TNS values are engineering estimates based on:
#   - 1 NAND2 equivalent ~ 0.05 ns in typical 28nm process
#   - 16-bit adder ~ 1.5 ns
#   - 16-bit comparator (~= adder) ~ 1.5 ns
#   - 4-bit adder ~ 0.5 ns
#   - MUX delay ~ 0.3 ns per level
#-----------------------------------------------------------------------------
