     VMA      LMA     Size Align Out     In      Symbol
       0        0        0     1 
       0        0        0     1 
       0        0        0     1 
       0        0        0     1 
       0        0        0     1 
       0        0        0     1 _exception_frame_size = 128
       0        0        0     1 _exception_frame_end = ORIGIN ( ram_main ) + LENGTH ( ram_main )
       0        0        0     1 _exception_frame_start = _exception_frame_end - _exception_frame_size
       0        0        0     1 _stack_size = 16384 - _exception_frame_size
       0        0        0     1 _stack_end = _exception_frame_start
       0        0        0     1 _stack_start = _stack_end - _stack_size
       0        0        0     1 _static_critical_size = 8168
       0        0        0     1 _chip_info_size = 128
       0        0        0     1 _rom_chip_info_end = ORIGIN ( rom ) + LENGTH ( rom )
       0        0        0     1 _rom_chip_info_start = _rom_chip_info_end - _chip_info_size
       0        0        0     1 _epmp_reset_rx_size = 2048
       0        0        0     1 _ottf_size = LENGTH ( ottf_storage ) / 2
       0        0        0     1 _ottf_start_address = ORIGIN ( ottf_storage )
       0        0        0     1 __DYNAMIC = 0
       0        0        0     1 _dv_log_offset = 0x10000
       0        0        0     1 _manifest_code_start = _text_start - _ottf_start_address
       0        0        0     1 _manifest_code_end = _text_end - _ottf_start_address
       0        0        0     1 _manifest_entry_point = _ottf_start - _ottf_start_address
       0        0        0     1 _manifest_address_translation = ( _text_start >= ORIGIN ( ottf_storage ) && _text_start < ( ORIGIN ( ottf_storage ) + LENGTH ( ottf_storage ) ) ) ? 0x1d4 : 0x739
10000000 10000000     1fe8     4 .static_critical
10000000 10000000        0     1         
10000000 10000000        4     4         lto.tmp:(.static_critical.version)
10000000 10000000        4     1                 static_critical_version
10000004 10000004       40     4         lto.tmp:(.static_critical.boot_measurements)
10000004 10000004       40     1                 boot_measurements
10000044 10000044       54     4         lto.tmp:(.static_critical.epmp_state)
10000044 10000044       54     1                 epmp_state
10000098 10000098     1f50     4         lto.tmp:(.static_critical.sec_mmio_ctx)
10000098 10000098     1f50     1                 sec_mmio_ctx
10001fe8 10001fe8        0     1         
20000000 20000000      400     4 .manifest
20000000 20000000      400     4         lto.tmp:(.manifest)
20000000 20000000      400     1                 kManifest_
20000400 20000400        0     1         . = ALIGN ( 4 )
20000400 20000400        0     4 .rom_ext_immutable
20000400 20000400        0     1         _text_start = .
20000400 20000400        0     1         _rom_ext_immutable_start = .
20000400 20000400        0     1         . = ALIGN ( 256 )
20000400 20000400        0     1         _rom_ext_immutable_end = .
20000400 20000400       80   256 .vectors
20000400 20000400       80   256         bazel-out/k8-fastbuild-ST-1df456420242/bin/sw/device/lib/testing/test_framework/libottf_start.a(ottf_start.o):(.vectors)
20000400 20000400        0     1                 
20000400 20000400        0     1                 
20000400 20000400       80     1                 _ottf_interrupt_vector
20000404 20000404        0     1                 
20000408 20000408        0     1                 
2000040c 2000040c        0     1                 
20000410 20000410        0     1                 
20000414 20000414        0     1                 
20000418 20000418        0     1                 
2000041c 2000041c        0     1                 
20000420 20000420        0     1                 
20000424 20000424        0     1                 
20000428 20000428        0     1                 
2000042c 2000042c        0     1                 
20000430 20000430        0     1                 
20000434 20000434        0     1                 
20000438 20000438        0     1                 
2000043c 2000043c        0     1                 
20000440 20000440        0     1                 
20000444 20000444        0     1                 
20000448 20000448        0     1                 
2000044c 2000044c        0     1                 
20000450 20000450        0     1                 
20000454 20000454        0     1                 
20000458 20000458        0     1                 
2000045c 2000045c        0     1                 
20000460 20000460        0     1                 
20000464 20000464        0     1                 
20000468 20000468        0     1                 
2000046c 2000046c        0     1                 
20000470 20000470        0     1                 
20000474 20000474        0     1                 
20000478 20000478        0     1                 
2000047c 2000047c        0     1                 
20000480 20000480        0     1                 
20000480 20000480       aa     4 .crt
20000480 20000480       4c     4         bazel-out/k8-fastbuild-ST-1df456420242/bin/sw/device/lib/testing/test_framework/libottf_start.a(ottf_start.o):(.crt)
20000480 20000480        0     1                 
20000480 20000480        0     1                 .Lpcrel_hi0
20000480 20000480        0     1                 
20000480 20000480       4c     1                 _ottf_start
20000488 20000488        0     1                 .Lpcrel_hi1
20000488 20000488        0     1                 
20000490 20000490        0     1                 .Lpcrel_hi2
20000490 20000490        0     1                 
20000498 20000498        0     1                 
2000049c 2000049c        0     1                 .Lpcrel_hi3
2000049c 2000049c        0     1                 
200004a4 200004a4        0     1                 .Lpcrel_hi4
200004a4 200004a4        0     1                 
200004ac 200004ac        0     1                 .Lpcrel_hi5
200004ac 200004ac        0     1                 
200004b4 200004b4        0     1                 
200004b6 200004b6        0     1                 .Lpcrel_hi6
200004b6 200004b6        0     1                 
200004be 200004be        0     1                 .Lpcrel_hi7
200004be 200004be        0     1                 
200004c6 200004c6        0     1                 
200004c8 200004c8        0     1                 
200004cc 200004cc        0     1                 
200004cc 200004cc       5e     4         bazel-out/k8-fastbuild-ST-1df456420242/bin/sw/device/lib/crt/libcrt.a(crt.o):(.crt)
200004cc 200004cc        0     1                 
200004cc 200004cc        0     1                 
200004cc 200004cc       24     1                 crt_section_clear
200004d0 200004d0        0     1                 
200004d4 200004d4        0     1                 
200004d8 200004d8        0     1                 
200004dc 200004dc        0     1                 .L_clear_loop
200004dc 200004dc        0     1                 
200004e0 200004e0        0     1                 
200004e2 200004e2        0     1                 
200004e6 200004e6        0     1                 
200004e8 200004e8        0     1                 .L_clear_nothing
200004e8 200004e8        0     1                 
200004ec 200004ec        0     1                 
200004ee 200004ee        0     1                 .L_clear_error
200004ee 200004ee        0     1                 
200004f0 200004f0        0     1                 
200004f0 200004f0        0     1                 
200004f0 200004f0       3a     1                 crt_section_copy
200004f4 200004f4        0     1                 
200004f8 200004f8        0     1                 
200004fc 200004fc        0     1                 
20000500 20000500        0     1                 
20000504 20000504        0     1                 
20000508 20000508        0     1                 
2000050c 2000050c        0     1                 
20000510 20000510        0     1                 .L_copy_loop
20000510 20000510        0     1                 
20000514 20000514        0     1                 
20000516 20000516        0     1                 
2000051a 2000051a        0     1                 
2000051c 2000051c        0     1                 
20000520 20000520        0     1                 
20000522 20000522        0     1                 .L_copy_nothing
20000522 20000522        0     1                 
20000526 20000526        0     1                 
20000528 20000528        0     1                 .L_copy_error
20000528 20000528        0     1                 
2000052a 2000052a        0     1                 
2000052c 2000052c     5060     4 .text
2000052c 2000052c      254     4         bazel-out/k8-fastbuild-ST-1df456420242/bin/sw/device/lib/testing/test_framework/libottf_isrs.a(ottf_isrs.o):(.text)
2000052c 2000052c       26     1                 compute_mepc_on_synchronous_irq
2000052c 2000052c        0     1                 
2000052c 2000052c        0     1                 
20000530 20000530        0     1                 
20000534 20000534        0     1                 
20000536 20000536        0     1                 
2000053a 2000053a        0     1                 
2000053c 2000053c        0     1                 .L_load_mepc
2000053c 2000053c        0     1                 
20000540 20000540        0     1                 
20000542 20000542        0     1                 
20000546 20000546        0     1                 
2000054a 2000054a        0     1                 
2000054c 2000054c        0     1                 
2000054e 2000054e        0     1                 .L_32bit_trap_instr
2000054e 2000054e        0     1                 
20000550 20000550        0     1                 
20000554 20000554       1e     1                 save_current_sp_to_tcb
20000554 20000554        0     1                 
20000554 20000554        0     1                 .Lpcrel_hi0
20000554 20000554        0     1                 
2000055c 2000055c        0     1                 
20000560 20000560        0     1                 
20000564 20000564        0     1                 .Lpcrel_hi1
20000564 20000564        0     1                 
2000056c 2000056c        0     1                 
20000570 20000570        0     1                 .L_skip_sp_save
20000570 20000570        0     1                 
20000574 20000574        0     1                 
20000574 20000574        0     1                 
20000574 20000574       52     1                 handler_exception
20000578 20000578        0     1                 
2000057a 2000057a        0     1                 
2000057c 2000057c        0     1                 
2000057e 2000057e        0     1                 
20000580 20000580        0     1                 
20000582 20000582        0     1                 
20000584 20000584        0     1                 
20000586 20000586        0     1                 
20000588 20000588        0     1                 
2000058a 2000058a        0     1                 
2000058c 2000058c        0     1                 
2000058e 2000058e        0     1                 
20000590 20000590        0     1                 
20000592 20000592        0     1                 
20000594 20000594        0     1                 
20000596 20000596        0     1                 
20000598 20000598        0     1                 
2000059a 2000059a        0     1                 
2000059c 2000059c        0     1                 
2000059e 2000059e        0     1                 
200005a0 200005a0        0     1                 
200005a2 200005a2        0     1                 
200005a4 200005a4        0     1                 
200005a6 200005a6        0     1                 
200005a8 200005a8        0     1                 
200005aa 200005aa        0     1                 
200005ac 200005ac        0     1                 
200005ae 200005ae        0     1                 
200005b0 200005b0        0     1                 
200005b4 200005b4        0     1                 
200005b6 200005b6        0     1                 
200005b8 200005b8        0     1                 
200005ba 200005ba        0     1                 
200005bc 200005bc        0     1                 
200005be 200005be        0     1                 
200005c2 200005c2        0     1                 
200005c8 200005c8        0     1                 
200005c8 200005c8        0     1                 
200005c8 200005c8       54     1                 handler_irq_software
200005cc 200005cc        0     1                 
200005ce 200005ce        0     1                 
200005d0 200005d0        0     1                 
200005d2 200005d2        0     1                 
200005d4 200005d4        0     1                 
200005d6 200005d6        0     1                 
200005d8 200005d8        0     1                 
200005da 200005da        0     1                 
200005dc 200005dc        0     1                 
200005de 200005de        0     1                 
200005e0 200005e0        0     1                 
200005e2 200005e2        0     1                 
200005e4 200005e4        0     1                 
200005e6 200005e6        0     1                 
200005e8 200005e8        0     1                 
200005ea 200005ea        0     1                 
200005ec 200005ec        0     1                 
200005ee 200005ee        0     1                 
200005f0 200005f0        0     1                 
200005f2 200005f2        0     1                 
200005f4 200005f4        0     1                 
200005f6 200005f6        0     1                 
200005f8 200005f8        0     1                 
200005fa 200005fa        0     1                 
200005fc 200005fc        0     1                 
200005fe 200005fe        0     1                 
20000600 20000600        0     1                 
20000602 20000602        0     1                 
20000604 20000604        0     1                 
20000608 20000608        0     1                 
2000060a 2000060a        0     1                 
2000060e 2000060e        0     1                 
20000610 20000610        0     1                 
20000612 20000612        0     1                 
20000614 20000614        0     1                 
20000618 20000618        0     1                 
2000061c 2000061c        0     1                 
2000061c 2000061c        0     1                 
2000061c 2000061c       54     1                 handler_irq_timer
20000620 20000620        0     1                 
20000622 20000622        0     1                 
20000624 20000624        0     1                 
20000626 20000626        0     1                 
20000628 20000628        0     1                 
2000062a 2000062a        0     1                 
2000062c 2000062c        0     1                 
2000062e 2000062e        0     1                 
20000630 20000630        0     1                 
20000632 20000632        0     1                 
20000634 20000634        0     1                 
20000636 20000636        0     1                 
20000638 20000638        0     1                 
2000063a 2000063a        0     1                 
2000063c 2000063c        0     1                 
2000063e 2000063e        0     1                 
20000640 20000640        0     1                 
20000642 20000642        0     1                 
20000644 20000644        0     1                 
20000646 20000646        0     1                 
20000648 20000648        0     1                 
2000064a 2000064a        0     1                 
2000064c 2000064c        0     1                 
2000064e 2000064e        0     1                 
20000650 20000650        0     1                 
20000652 20000652        0     1                 
20000654 20000654        0     1                 
20000656 20000656        0     1                 
20000658 20000658        0     1                 
2000065c 2000065c        0     1                 
2000065e 2000065e        0     1                 
20000662 20000662        0     1                 
20000664 20000664        0     1                 
20000666 20000666        0     1                 
20000668 20000668        0     1                 
2000066c 2000066c        0     1                 
20000670 20000670        0     1                 
20000670 20000670        0     1                 
20000670 20000670       54     1                 handler_irq_external
20000674 20000674        0     1                 
20000676 20000676        0     1                 
20000678 20000678        0     1                 
2000067a 2000067a        0     1                 
2000067c 2000067c        0     1                 
2000067e 2000067e        0     1                 
20000680 20000680        0     1                 
20000682 20000682        0     1                 
20000684 20000684        0     1                 
20000686 20000686        0     1                 
20000688 20000688        0     1                 
2000068a 2000068a        0     1                 
2000068c 2000068c        0     1                 
2000068e 2000068e        0     1                 
20000690 20000690        0     1                 
20000692 20000692        0     1                 
20000694 20000694        0     1                 
20000696 20000696        0     1                 
20000698 20000698        0     1                 
2000069a 2000069a        0     1                 
2000069c 2000069c        0     1                 
2000069e 2000069e        0     1                 
200006a0 200006a0        0     1                 
200006a2 200006a2        0     1                 
200006a4 200006a4        0     1                 
200006a6 200006a6        0     1                 
200006a8 200006a8        0     1                 
200006aa 200006aa        0     1                 
200006ac 200006ac        0     1                 
200006b0 200006b0        0     1                 
200006b2 200006b2        0     1                 
200006b6 200006b6        0     1                 
200006b8 200006b8        0     1                 
200006ba 200006ba        0     1                 
200006bc 200006bc        0     1                 
200006c0 200006c0        0     1                 
200006c4 200006c4        0     1                 
200006c4 200006c4        0     1                 
200006c4 200006c4       54     1                 handler_irq_internal
200006c8 200006c8        0     1                 
200006ca 200006ca        0     1                 
200006cc 200006cc        0     1                 
200006ce 200006ce        0     1                 
200006d0 200006d0        0     1                 
200006d2 200006d2        0     1                 
200006d4 200006d4        0     1                 
200006d6 200006d6        0     1                 
200006d8 200006d8        0     1                 
200006da 200006da        0     1                 
200006dc 200006dc        0     1                 
200006de 200006de        0     1                 
200006e0 200006e0        0     1                 
200006e2 200006e2        0     1                 
200006e4 200006e4        0     1                 
200006e6 200006e6        0     1                 
200006e8 200006e8        0     1                 
200006ea 200006ea        0     1                 
200006ec 200006ec        0     1                 
200006ee 200006ee        0     1                 
200006f0 200006f0        0     1                 
200006f2 200006f2        0     1                 
200006f4 200006f4        0     1                 
200006f6 200006f6        0     1                 
200006f8 200006f8        0     1                 
200006fa 200006fa        0     1                 
200006fc 200006fc        0     1                 
200006fe 200006fe        0     1                 
20000700 20000700        0     1                 
20000704 20000704        0     1                 
20000706 20000706        0     1                 
2000070a 2000070a        0     1                 
2000070c 2000070c        0     1                 
2000070e 2000070e        0     1                 
20000710 20000710        0     1                 
20000714 20000714        0     1                 
20000718 20000718        0     1                 
20000718 20000718        0     1                 .Lpcrel_hi2
20000718 20000718        0     1                 
20000718 20000718       68     1                 ottf_isr_exit
20000720 20000720        0     1                 
20000724 20000724        0     1                 
20000728 20000728        0     1                 .Lpcrel_hi3
20000728 20000728        0     1                 
20000730 20000730        0     1                 
20000734 20000734        0     1                 .L_skip_sp_restore
20000734 20000734        0     1                 
20000736 20000736        0     1                 
2000073a 2000073a        0     1                 
2000073c 2000073c        0     1                 
20000740 20000740        0     1                 
20000742 20000742        0     1                 
20000744 20000744        0     1                 
20000746 20000746        0     1                 
20000748 20000748        0     1                 
2000074a 2000074a        0     1                 
2000074c 2000074c        0     1                 
2000074e 2000074e        0     1                 
20000750 20000750        0     1                 
20000752 20000752        0     1                 
20000754 20000754        0     1                 
20000756 20000756        0     1                 
20000758 20000758        0     1                 
2000075a 2000075a        0     1                 
2000075c 2000075c        0     1                 
2000075e 2000075e        0     1                 
20000760 20000760        0     1                 
20000762 20000762        0     1                 
20000764 20000764        0     1                 
20000766 20000766        0     1                 
20000768 20000768        0     1                 
2000076a 2000076a        0     1                 
2000076c 2000076c        0     1                 
2000076e 2000076e        0     1                 
20000770 20000770        0     1                 
20000772 20000772        0     1                 
20000774 20000774        0     1                 
20000776 20000776        0     1                 
20000778 20000778        0     1                 
2000077c 2000077c        0     1                 
20000780 20000780        0     1                 
20000780 20000780      a48     2         lto.tmp:(.text.run_negative_tests)
20000780 20000780      a48     1                 run_negative_tests
20000780 20000780        0     1                 
20000780 20000780        0     1                 
20000780 20000780        0     1                 
20000784 20000784        0     1                 
20000784 20000784        0     1                 
200007b0 200007b0        0     1                 
200007b0 200007b0        0     1                 
200007b4 200007b4        0     1                 
200007b4 200007b4        0     1                 .Lpcrel_hi0
200007bc 200007bc        0     1                 .Lpcrel_hi1
200007d0 200007d0        0     1                 
200007d0 200007d0        0     1                 
200007d4 200007d4        0     1                 
200007f0 200007f0        0     1                 
2000081c 2000081c        0     1                 
2000081c 2000081c        0     1                 
20000826 20000826        0     1                 
2000082c 2000082c        0     1                 
2000082e 2000082e        0     1                 
2000083c 2000083c        0     1                 
2000083c 2000083c        0     1                 
20000854 20000854        0     1                 
20000860 20000860        0     1                 
2000086c 2000086c        0     1                 
2000086c 2000086c        0     1                 
20000878 20000878        0     1                 
20000880 20000880        0     1                 
2000088e 2000088e        0     1                 .Lpcrel_hi2
2000088e 2000088e        0     1                 
20000898 20000898        0     1                 
2000089c 2000089c        0     1                 
200008a4 200008a4        0     1                 
200008a8 200008a8        0     1                 
200008b0 200008b0        0     1                 
200008c6 200008c6        0     1                 
200008d4 200008d4        0     1                 .Lpcrel_hi3
200008d4 200008d4        0     1                 
200008e2 200008e2        0     1                 
200008e4 200008e4        0     1                 
200008ee 200008ee        0     1                 
200008ee 200008ee        0     1                 
20000902 20000902        0     1                 
20000902 20000902        0     1                 
2000090a 2000090a        0     1                 
2000090a 2000090a        0     1                 
2000090c 2000090c        0     1                 .Lpcrel_hi4
2000090c 2000090c        0     1                 
2000091e 2000091e        0     1                 
2000091e 2000091e        0     1                 .Lpcrel_hi5
2000091e 2000091e        0     1                 
2000092e 2000092e        0     1                 
2000093a 2000093a        0     1                 
2000093a 2000093a        0     1                 
20000942 20000942        0     1                 
20000942 20000942        0     1                 
20000944 20000944        0     1                 
2000094a 2000094a        0     1                 
20000952 20000952        0     1                 
20000952 20000952        0     1                 
20000966 20000966        0     1                 
20000966 20000966        0     1                 
2000096e 2000096e        0     1                 
2000096e 2000096e        0     1                 
20000970 20000970        0     1                 
20000974 20000974        0     1                 .Lpcrel_hi6
20000974 20000974        0     1                 
20000988 20000988        0     1                 
20000988 20000988        0     1                 .Lpcrel_hi7
20000988 20000988        0     1                 
20000998 20000998        0     1                 
200009a4 200009a4        0     1                 
200009a4 200009a4        0     1                 
200009ac 200009ac        0     1                 
200009ac 200009ac        0     1                 
200009ae 200009ae        0     1                 
200009b4 200009b4        0     1                 
200009bc 200009bc        0     1                 
200009bc 200009bc        0     1                 
200009ce 200009ce        0     1                 
200009ce 200009ce        0     1                 
200009d6 200009d6        0     1                 
200009d6 200009d6        0     1                 
200009d8 200009d8        0     1                 .Lpcrel_hi8
200009d8 200009d8        0     1                 
200009ea 200009ea        0     1                 
200009ea 200009ea        0     1                 .Lpcrel_hi9
200009ea 200009ea        0     1                 
200009fa 200009fa        0     1                 
20000a06 20000a06        0     1                 
20000a06 20000a06        0     1                 
20000a0e 20000a0e        0     1                 
20000a0e 20000a0e        0     1                 
20000a10 20000a10        0     1                 
20000a16 20000a16        0     1                 
20000a1e 20000a1e        0     1                 
20000a1e 20000a1e        0     1                 
20000a22 20000a22        0     1                 
20000a46 20000a46        0     1                 
20000a52 20000a52        0     1                 
20000a52 20000a52        0     1                 
20000a66 20000a66        0     1                 
20000a66 20000a66        0     1                 
20000a6e 20000a6e        0     1                 
20000a6e 20000a6e        0     1                 
20000a70 20000a70        0     1                 .Lpcrel_hi10
20000a70 20000a70        0     1                 
20000a82 20000a82        0     1                 
20000a82 20000a82        0     1                 .Lpcrel_hi11
20000a82 20000a82        0     1                 
20000a92 20000a92        0     1                 
20000a9e 20000a9e        0     1                 
20000a9e 20000a9e        0     1                 
20000aa6 20000aa6        0     1                 
20000aa6 20000aa6        0     1                 
20000aa8 20000aa8        0     1                 
20000aae 20000aae        0     1                 
20000ab6 20000ab6        0     1                 
20000ab6 20000ab6        0     1                 
20000aba 20000aba        0     1                 
20000adc 20000adc        0     1                 
20000ae0 20000ae0        0     1                 
20000ae2 20000ae2        0     1                 
20000aea 20000aea        0     1                 
20000aee 20000aee        0     1                 
20000af0 20000af0        0     1                 
20000af0 20000af0        0     1                 
20000b04 20000b04        0     1                 
20000b04 20000b04        0     1                 
20000b0c 20000b0c        0     1                 
20000b0c 20000b0c        0     1                 
20000b0e 20000b0e        0     1                 
20000b12 20000b12        0     1                 .Lpcrel_hi12
20000b12 20000b12        0     1                 
20000b26 20000b26        0     1                 
20000b26 20000b26        0     1                 .Lpcrel_hi13
20000b26 20000b26        0     1                 
20000b36 20000b36        0     1                 
20000b42 20000b42        0     1                 
20000b42 20000b42        0     1                 
20000b4a 20000b4a        0     1                 
20000b4a 20000b4a        0     1                 
20000b4c 20000b4c        0     1                 
20000b52 20000b52        0     1                 
20000b5a 20000b5a        0     1                 
20000b5a 20000b5a        0     1                 
20000b5e 20000b5e        0     1                 
20000b86 20000b86        0     1                 
20000b92 20000b92        0     1                 
20000b9e 20000b9e        0     1                 
20000b9e 20000b9e        0     1                 
20000ba0 20000ba0        0     1                 
20000ba0 20000ba0        0     1                 
20000bb4 20000bb4        0     1                 
20000bb4 20000bb4        0     1                 
20000bbc 20000bbc        0     1                 
20000bbc 20000bbc        0     1                 
20000bbe 20000bbe        0     1                 .Lpcrel_hi14
20000bbe 20000bbe        0     1                 
20000bd0 20000bd0        0     1                 
20000bd0 20000bd0        0     1                 .Lpcrel_hi15
20000bd0 20000bd0        0     1                 
20000be0 20000be0        0     1                 
20000bec 20000bec        0     1                 
20000bec 20000bec        0     1                 
20000bf4 20000bf4        0     1                 
20000bf4 20000bf4        0     1                 
20000bf6 20000bf6        0     1                 
20000bfc 20000bfc        0     1                 
20000c04 20000c04        0     1                 
20000c04 20000c04        0     1                 
20000c06 20000c06        0     1                 
20000c06 20000c06        0     1                 
20000c0a 20000c0a        0     1                 
20000c0e 20000c0e        0     1                 
20000c10 20000c10        0     1                 
20000c14 20000c14        0     1                 .Lpcrel_hi16
20000c14 20000c14        0     1                 
20000c28 20000c28        0     1                 
20000c28 20000c28        0     1                 .Lpcrel_hi17
20000c28 20000c28        0     1                 
20000c38 20000c38        0     1                 
20000c44 20000c44        0     1                 
20000c44 20000c44        0     1                 
20000c4c 20000c4c        0     1                 
20000c4c 20000c4c        0     1                 
20000c4e 20000c4e        0     1                 
20000c54 20000c54        0     1                 
20000c5c 20000c5c        0     1                 
20000c5c 20000c5c        0     1                 
20000c6a 20000c6a        0     1                 
20000c6a 20000c6a        0     1                 
20000c72 20000c72        0     1                 
20000c7c 20000c7c        0     1                 
20000c80 20000c80        0     1                 
20000c82 20000c82        0     1                 
20000c84 20000c84        0     1                 .Lpcrel_hi18
20000c84 20000c84        0     1                 
20000c96 20000c96        0     1                 
20000c96 20000c96        0     1                 .Lpcrel_hi19
20000c96 20000c96        0     1                 
20000ca6 20000ca6        0     1                 
20000cb2 20000cb2        0     1                 
20000cb2 20000cb2        0     1                 
20000cba 20000cba        0     1                 
20000cba 20000cba        0     1                 
20000cbc 20000cbc        0     1                 
20000cc2 20000cc2        0     1                 
20000cca 20000cca        0     1                 
20000cca 20000cca        0     1                 
20000cda 20000cda        0     1                 
20000cda 20000cda        0     1                 
20000ce2 20000ce2        0     1                 
20000ce2 20000ce2        0     1                 
20000ce4 20000ce4        0     1                 
20000ce8 20000ce8        0     1                 .Lpcrel_hi20
20000ce8 20000ce8        0     1                 
20000cfc 20000cfc        0     1                 
20000cfc 20000cfc        0     1                 .Lpcrel_hi21
20000cfc 20000cfc        0     1                 
20000d0c 20000d0c        0     1                 
20000d18 20000d18        0     1                 
20000d18 20000d18        0     1                 
20000d20 20000d20        0     1                 
20000d20 20000d20        0     1                 
20000d22 20000d22        0     1                 
20000d28 20000d28        0     1                 
20000d30 20000d30        0     1                 
20000d30 20000d30        0     1                 
20000d40 20000d40        0     1                 
20000d40 20000d40        0     1                 
20000d48 20000d48        0     1                 
20000d48 20000d48        0     1                 
20000d4a 20000d4a        0     1                 
20000d4e 20000d4e        0     1                 .Lpcrel_hi22
20000d4e 20000d4e        0     1                 
20000d62 20000d62        0     1                 
20000d62 20000d62        0     1                 .Lpcrel_hi23
20000d62 20000d62        0     1                 
20000d72 20000d72        0     1                 
20000d7e 20000d7e        0     1                 
20000d7e 20000d7e        0     1                 
20000d86 20000d86        0     1                 
20000d86 20000d86        0     1                 
20000d88 20000d88        0     1                 
20000d8e 20000d8e        0     1                 
20000d96 20000d96        0     1                 
20000d96 20000d96        0     1                 
20000da6 20000da6        0     1                 
20000da6 20000da6        0     1                 
20000dae 20000dae        0     1                 
20000dae 20000dae        0     1                 
20000db0 20000db0        0     1                 
20000db4 20000db4        0     1                 .Lpcrel_hi24
20000db4 20000db4        0     1                 
20000dc8 20000dc8        0     1                 
20000dc8 20000dc8        0     1                 .Lpcrel_hi25
20000dc8 20000dc8        0     1                 
20000dd8 20000dd8        0     1                 
20000de4 20000de4        0     1                 
20000de4 20000de4        0     1                 
20000dec 20000dec        0     1                 
20000dec 20000dec        0     1                 
20000dee 20000dee        0     1                 
20000df4 20000df4        0     1                 
20000dfc 20000dfc        0     1                 
20000dfc 20000dfc        0     1                 
20000e0c 20000e0c        0     1                 
20000e18 20000e18        0     1                 
20000e1c 20000e1c        0     1                 
20000e1e 20000e1e        0     1                 
20000e22 20000e22        0     1                 .Lpcrel_hi26
20000e22 20000e22        0     1                 
20000e36 20000e36        0     1                 
20000e36 20000e36        0     1                 .Lpcrel_hi27
20000e36 20000e36        0     1                 
20000e46 20000e46        0     1                 
20000e52 20000e52        0     1                 
20000e52 20000e52        0     1                 
20000e5a 20000e5a        0     1                 
20000e5a 20000e5a        0     1                 
20000e5c 20000e5c        0     1                 
20000e62 20000e62        0     1                 
20000e6a 20000e6a        0     1                 
20000e6a 20000e6a        0     1                 
20000e6c 20000e6c        0     1                 
20000e6c 20000e6c        0     1                 
20000e70 20000e70        0     1                 
20000e74 20000e74        0     1                 
20000e76 20000e76        0     1                 
20000e7a 20000e7a        0     1                 .Lpcrel_hi28
20000e7a 20000e7a        0     1                 
20000e8e 20000e8e        0     1                 
20000e8e 20000e8e        0     1                 .Lpcrel_hi29
20000e8e 20000e8e        0     1                 
20000e9e 20000e9e        0     1                 
20000eaa 20000eaa        0     1                 
20000eaa 20000eaa        0     1                 
20000eb2 20000eb2        0     1                 
20000eb2 20000eb2        0     1                 
20000eb4 20000eb4        0     1                 
20000eba 20000eba        0     1                 
20000ec2 20000ec2        0     1                 
20000ec2 20000ec2        0     1                 
20000eca 20000eca        0     1                 
20000ed2 20000ed2        0     1                 
20000edc 20000edc        0     1                 
20000ede 20000ede        0     1                 
20000ee2 20000ee2        0     1                 
20000ee6 20000ee6        0     1                 
20000ee6 20000ee6        0     1                 
20000eea 20000eea        0     1                 
20000efc 20000efc        0     1                 
20000f02 20000f02        0     1                 
20000f0c 20000f0c        0     1                 
20000f0c 20000f0c        0     1                 
20000f0c 20000f0c        0     1                 
20000f0c 20000f0c        0     1                 
20000f0e 20000f0e        0     1                 
20000f10 20000f10        0     1                 
20000f10 20000f10        0     1                 
20000f20 20000f20        0     1                 
20000f26 20000f26        0     1                 
20000f30 20000f30        0     1                 
20000f30 20000f30        0     1                 
20000f30 20000f30        0     1                 
20000f30 20000f30        0     1                 
20000f32 20000f32        0     1                 
20000f34 20000f34        0     1                 
20000f34 20000f34        0     1                 
20000f42 20000f42        0     1                 
20000f42 20000f42        0     1                 
20000f50 20000f50        0     1                 
20000f50 20000f50        0     1                 
20000f54 20000f54        0     1                 
20000f5e 20000f5e        0     1                 
20000f5e 20000f5e        0     1                 
20000f5e 20000f5e        0     1                 
20000f5e 20000f5e        0     1                 
20000f64 20000f64        0     1                 
20000f64 20000f64        0     1                 
20000f7a 20000f7a        0     1                 
20000f80 20000f80        0     1                 
20000f8a 20000f8a        0     1                 
20000f8a 20000f8a        0     1                 
20000f8a 20000f8a        0     1                 
20000f8a 20000f8a        0     1                 
20000f8c 20000f8c        0     1                 
20000f8e 20000f8e        0     1                 
20000f8e 20000f8e        0     1                 
20000f9e 20000f9e        0     1                 
20000fa4 20000fa4        0     1                 
20000fae 20000fae        0     1                 
20000fae 20000fae        0     1                 
20000fae 20000fae        0     1                 
20000fae 20000fae        0     1                 
20000fb0 20000fb0        0     1                 
20000fb2 20000fb2        0     1                 
20000fb2 20000fb2        0     1                 
20000fc0 20000fc0        0     1                 
20000fc0 20000fc0        0     1                 
20000fce 20000fce        0     1                 
20000fce 20000fce        0     1                 
20000fd2 20000fd2        0     1                 
20000fdc 20000fdc        0     1                 
20000fdc 20000fdc        0     1                 
20000fe8 20000fe8        0     1                 
20000fe8 20000fe8        0     1                 
20000fee 20000fee        0     1                 
20000fee 20000fee        0     1                 
20000ff8 20000ff8        0     1                 
20000ffc 20000ffc        0     1                 
20000ffe 20000ffe        0     1                 
20001002 20001002        0     1                 .Lpcrel_hi30
20001002 20001002        0     1                 
20001016 20001016        0     1                 
20001016 20001016        0     1                 .Lpcrel_hi31
20001016 20001016        0     1                 
20001026 20001026        0     1                 
20001032 20001032        0     1                 
20001032 20001032        0     1                 
2000103a 2000103a        0     1                 
2000103a 2000103a        0     1                 
2000103c 2000103c        0     1                 
20001042 20001042        0     1                 
2000104a 2000104a        0     1                 
2000104a 2000104a        0     1                 
2000104c 2000104c        0     1                 
2000104c 2000104c        0     1                 
20001050 20001050        0     1                 
20001054 20001054        0     1                 
20001056 20001056        0     1                 
2000105a 2000105a        0     1                 .Lpcrel_hi32
2000105a 2000105a        0     1                 
2000106e 2000106e        0     1                 
2000106e 2000106e        0     1                 .Lpcrel_hi33
2000106e 2000106e        0     1                 
2000107e 2000107e        0     1                 
2000108a 2000108a        0     1                 
2000108a 2000108a        0     1                 
20001092 20001092        0     1                 
20001092 20001092        0     1                 
20001094 20001094        0     1                 
2000109a 2000109a        0     1                 
200010a2 200010a2        0     1                 
200010a2 200010a2        0     1                 
200010b2 200010b2        0     1                 
200010b2 200010b2        0     1                 
200010ba 200010ba        0     1                 
200010ba 200010ba        0     1                 
200010bc 200010bc        0     1                 
200010c0 200010c0        0     1                 .Lpcrel_hi34
200010c0 200010c0        0     1                 
200010d4 200010d4        0     1                 
200010d4 200010d4        0     1                 .Lpcrel_hi35
200010d4 200010d4        0     1                 
200010e4 200010e4        0     1                 
200010f0 200010f0        0     1                 
200010f0 200010f0        0     1                 
200010f8 200010f8        0     1                 
200010f8 200010f8        0     1                 
200010fa 200010fa        0     1                 
20001100 20001100        0     1                 
20001108 20001108        0     1                 
20001108 20001108        0     1                 
2000110c 2000110c        0     1                 
2000111c 2000111c        0     1                 
2000111c 2000111c        0     1                 
2000112c 2000112c        0     1                 
2000112c 2000112c        0     1                 
20001134 20001134        0     1                 
2000113e 2000113e        0     1                 
20001142 20001142        0     1                 
20001144 20001144        0     1                 
20001148 20001148        0     1                 .Lpcrel_hi36
20001148 20001148        0     1                 
2000115c 2000115c        0     1                 
2000115c 2000115c        0     1                 .Lpcrel_hi37
2000115c 2000115c        0     1                 
2000116c 2000116c        0     1                 
20001178 20001178        0     1                 
20001178 20001178        0     1                 
20001180 20001180        0     1                 
20001180 20001180        0     1                 
20001182 20001182        0     1                 
20001188 20001188        0     1                 
20001190 20001190        0     1                 
20001190 20001190        0     1                 
20001192 20001192        0     1                 
200011c8 200011c8        0     1                 
200011c8 200011c8        0     1                 
200011c8 200011c8      2a0     2         lto.tmp:(.text.otcrypto_hmac)
200011c8 200011c8      2a0     1                 otcrypto_hmac
200011c8 200011c8        0     1                 
200011c8 200011c8        0     1                 
200011c8 200011c8        0     1                 
200011ca 200011ca        0     1                 
200011e4 200011e4        0     1                 
200011e6 200011e6        0     1                 
200011ee 200011ee        0     1                 
200011f2 200011f2        0     1                 
200011f4 200011f4        0     1                 
200011f6 200011f6        0     1                 
200011f6 200011f6        0     1                 
200011f8 200011f8        0     1                 
20001200 20001200        0     1                 
20001206 20001206        0     1                 
20001208 20001208        0     1                 
2000120a 2000120a        0     1                 
2000120a 2000120a        0     1                 
20001216 20001216        0     1                 
2000121c 2000121c        0     1                 
20001226 20001226        0     1                 
20001226 20001226        0     1                 
20001226 20001226        0     1                 
20001226 20001226        0     1                 
20001228 20001228        0     1                 
2000122a 2000122a        0     1                 
2000122a 2000122a        0     1                 
20001234 20001234        0     1                 
2000123a 2000123a        0     1                 
20001244 20001244        0     1                 
20001244 20001244        0     1                 
20001244 20001244        0     1                 
20001244 20001244        0     1                 
20001246 20001246        0     1                 
20001248 20001248        0     1                 
20001248 20001248        0     1                 
2000124a 2000124a        0     1                 
2000124a 2000124a        0     1                 
20001256 20001256        0     1                 
2000125a 2000125a        0     1                 
2000125a 2000125a        0     1                 
2000125e 2000125e        0     1                 
20001262 20001262        0     1                 
2000126a 2000126a        0     1                 
2000126e 2000126e        0     1                 
2000126e 2000126e        0     1                 
2000126e 2000126e        0     1                 
2000126e 2000126e        0     1                 
20001272 20001272        0     1                 
20001272 20001272        0     1                 
20001278 20001278        0     1                 
20001278 20001278        0     1                 .Lpcrel_hi38
20001278 20001278        0     1                 
20001280 20001280        0     1                 
20001280 20001280        0     1                 .Lpcrel_hi39
20001288 20001288        0     1                 
2000128a 2000128a        0     1                 
2000128c 2000128c        0     1                 
2000128c 2000128c        0     1                 
2000128e 2000128e        0     1                 
20001290 20001290        0     1                 
2000129a 2000129a        0     1                 
2000129a 2000129a        0     1                 
2000129a 2000129a        0     1                 
2000129a 2000129a        0     1                 
2000129c 2000129c        0     1                 
2000129c 2000129c        0     1                 .Lpcrel_hi40
2000129c 2000129c        0     1                 
200012a4 200012a4        0     1                 
200012a4 200012a4        0     1                 .Lpcrel_hi41
200012ac 200012ac        0     1                 
200012ae 200012ae        0     1                 
200012ae 200012ae        0     1                 
200012ae 200012ae        0     1                 
200012ae 200012ae        0     1                 
200012b6 200012b6        0     1                 
200012b6 200012b6        0     1                 .Lpcrel_hi42
200012be 200012be        0     1                 
200012be 200012be        0     1                 .Lpcrel_hi43
200012c6 200012c6        0     1                 
200012ca 200012ca        0     1                 
200012ca 200012ca        0     1                 
200012ca 200012ca        0     1                 
200012ca 200012ca        0     1                 
200012d8 200012d8        0     1                 
200012d8 200012d8        0     1                 
200012e6 200012e6        0     1                 
200012ec 200012ec        0     1                 
200012f6 200012f6        0     1                 
200012f6 200012f6        0     1                 
200012f6 200012f6        0     1                 
200012f6 200012f6        0     1                 
200012f8 200012f8        0     1                 
200012fa 200012fa        0     1                 
200012fa 200012fa        0     1                 
20001304 20001304        0     1                 
2000130e 2000130e        0     1                 
20001312 20001312        0     1                 
20001312 20001312        0     1                 
20001316 20001316        0     1                 
20001316 20001316        0     1                 
20001320 20001320        0     1                 
20001324 20001324        0     1                 
20001328 20001328        0     1                 
20001328 20001328        0     1                 
2000132a 2000132a        0     1                 
2000132a 2000132a        0     1                 
2000132c 2000132c        0     1                 
2000132c 2000132c        0     1                 
20001336 20001336        0     1                 
20001336 20001336        0     1                 
20001338 20001338        0     1                 
2000133e 2000133e        0     1                 
20001344 20001344        0     1                 
2000134e 2000134e        0     1                 
2000134e 2000134e        0     1                 
2000134e 2000134e        0     1                 
2000134e 2000134e        0     1                 
20001350 20001350        0     1                 
20001352 20001352        0     1                 
20001352 20001352        0     1                 
2000135a 2000135a        0     1                 
2000135a 2000135a        0     1                 
20001362 20001362        0     1                 
20001368 20001368        0     1                 
20001372 20001372        0     1                 
20001372 20001372        0     1                 
20001372 20001372        0     1                 
20001372 20001372        0     1                 
20001374 20001374        0     1                 
20001376 20001376        0     1                 
20001376 20001376        0     1                 
2000137e 2000137e        0     1                 
20001384 20001384        0     1                 
2000138e 2000138e        0     1                 
2000138e 2000138e        0     1                 
2000138e 2000138e        0     1                 
2000138e 2000138e        0     1                 
20001390 20001390        0     1                 
20001392 20001392        0     1                 
20001392 20001392        0     1                 
200013a0 200013a0        0     1                 
200013a0 200013a0        0     1                 
200013a4 200013a4        0     1                 
200013b0 200013b0        0     1                 
200013b0 200013b0        0     1                 
200013b0 200013b0        0     1                 
200013b6 200013b6        0     1                 
200013b6 200013b6        0     1                 
200013c0 200013c0        0     1                 
200013c0 200013c0        0     1                 
200013c8 200013c8        0     1                 
200013ce 200013ce        0     1                 
200013d8 200013d8        0     1                 
200013d8 200013d8        0     1                 
200013d8 200013d8        0     1                 
200013d8 200013d8        0     1                 
200013da 200013da        0     1                 
200013dc 200013dc        0     1                 
200013dc 200013dc        0     1                 
200013e4 200013e4        0     1                 
200013e4 200013e4        0     1                 
200013ec 200013ec        0     1                 
200013f2 200013f2        0     1                 
200013fc 200013fc        0     1                 
200013fc 200013fc        0     1                 
200013fc 200013fc        0     1                 
200013fc 200013fc        0     1                 
200013fe 200013fe        0     1                 
20001400 20001400        0     1                 
20001400 20001400        0     1                 
20001408 20001408        0     1                 
2000140e 2000140e        0     1                 
20001418 20001418        0     1                 
20001418 20001418        0     1                 
20001418 20001418        0     1                 
20001418 20001418        0     1                 
2000141a 2000141a        0     1                 
2000141c 2000141c        0     1                 
2000141c 2000141c        0     1                 
2000142a 2000142a        0     1                 
2000142a 2000142a        0     1                 
2000142e 2000142e        0     1                 
20001438 20001438        0     1                 
20001438 20001438        0     1                 
20001444 20001444        0     1                 
20001446 20001446        0     1                 
2000144a 2000144a        0     1                 
2000144a 2000144a        0     1                 
20001458 20001458        0     1                 
20001464 20001464        0     1                 
20001468 20001468        0     1                 
20001468 20001468        0     1                 
20001468 20001468       5c     2         lto.tmp:(.text.check_key)
20001468 20001468       5c     1                 check_key
20001468 20001468        0     1                 
20001468 20001468        0     1                 
20001468 20001468        0     1                 
2000146a 2000146a        0     1                 
20001470 20001470        0     1                 
20001472 20001472        0     1                 
2000147a 2000147a        0     1                 
2000147c 2000147c        0     1                 
2000147e 2000147e        0     1                 
20001480 20001480        0     1                 
20001486 20001486        0     1                 
20001490 20001490        0     1                 
2000149a 2000149a        0     1                 
2000149a 2000149a        0     1                 
2000149a 2000149a        0     1                 
2000149a 2000149a        0     1                 
200014a0 200014a0        0     1                 
200014aa 200014aa        0     1                 
200014aa 200014aa        0     1                 
200014ae 200014ae        0     1                 
200014b8 200014b8        0     1                 
200014c0 200014c0        0     1                 
200014c0 200014c0        0     1                 
200014c4 200014c4        0     1                 
200014c4 200014c4        0     1                 
200014c4 200014c4      37e     2         lto.tmp:(.text.hmac_key_construct)
200014c4 200014c4      37e     1                 hmac_key_construct
200014c4 200014c4        0     1                 
200014c4 200014c4        0     1                 
200014c4 200014c4        0     1                 
200014c6 200014c6        0     1                 
200014de 200014de        0     1                 
200014de 200014de        0     1                 
200014e0 200014e0        0     1                 
200014e2 200014e2        0     1                 
200014e2 200014e2        0     1                 
200014ea 200014ea        0     1                 
200014ea 200014ea        0     1                 
200014ec 200014ec        0     1                 
200014ec 200014ec        0     1                 
200014f6 200014f6        0     1                 
200014f8 200014f8        0     1                 
200014f8 200014f8        0     1                 
20001504 20001504        0     1                 
20001506 20001506        0     1                 
2000151c 2000151c        0     1                 
2000151c 2000151c        0     1                 
20001526 20001526        0     1                 
20001526 20001526        0     1                 
2000152a 2000152a        0     1                 
2000152e 2000152e        0     1                 
2000152e 2000152e        0     1                 
2000154a 2000154a        0     1                 
2000154a 2000154a        0     1                 
2000154e 2000154e        0     1                 
2000154e 2000154e        0     1                 
2000154e 2000154e        0     1                 
2000154e 2000154e        0     1                 
20001552 20001552        0     1                 
20001556 20001556        0     1                 
20001564 20001564        0     1                 
20001576 20001576        0     1                 
20001576 20001576        0     1                 
20001578 20001578        0     1                 
2000157e 2000157e        0     1                 
20001582 20001582        0     1                 
20001582 20001582        0     1                 
20001588 20001588        0     1                 
20001592 20001592        0     1                 
20001592 20001592        0     1                 
20001592 20001592        0     1                 
20001592 20001592        0     1                 
20001594 20001594        0     1                 
20001596 20001596        0     1                 
20001596 20001596        0     1                 
200015a4 200015a4        0     1                 
200015a4 200015a4        0     1                 
200015a6 200015a6        0     1                 
200015a6 200015a6        0     1                 
200015ae 200015ae        0     1                 
200015ae 200015ae        0     1                 
200015b0 200015b0        0     1                 
200015b0 200015b0        0     1                 
200015b4 200015b4        0     1                 
200015b4 200015b4        0     1                 
200015ba 200015ba        0     1                 
200015c4 200015c4        0     1                 
200015c4 200015c4        0     1                 
200015c4 200015c4        0     1                 
200015c4 200015c4        0     1                 
200015c6 200015c6        0     1                 
200015c8 200015c8        0     1                 
200015c8 200015c8        0     1                 
200015cc 200015cc        0     1                 
200015d6 200015d6        0     1                 
200015dc 200015dc        0     1                 
200015e6 200015e6        0     1                 
200015e6 200015e6        0     1                 
200015e6 200015e6        0     1                 
200015e6 200015e6        0     1                 
200015ea 200015ea        0     1                 
200015ea 200015ea        0     1                 
200015ec 200015ec        0     1                 
200015f0 200015f0        0     1                 
200015f0 200015f0        0     1                 
200015f4 200015f4        0     1                 
200015f4 200015f4        0     1                 
200015fa 200015fa        0     1                 
20001604 20001604        0     1                 
20001604 20001604        0     1                 
20001604 20001604        0     1                 
20001604 20001604        0     1                 
20001606 20001606        0     1                 
20001608 20001608        0     1                 
20001608 20001608        0     1                 
2000160c 2000160c        0     1                 
20001610 20001610        0     1                 
2000161e 2000161e        0     1                 
2000161e 2000161e        0     1                 
20001622 20001622        0     1                 
20001622 20001622        0     1                 
20001622 20001622        0     1                 
20001622 20001622        0     1                 
20001626 20001626        0     1                 
20001626 20001626        0     1                 
20001628 20001628        0     1                 
20001628 20001628        0     1                 
20001634 20001634        0     1                 
20001638 20001638        0     1                 
20001638 20001638        0     1                 
2000163c 2000163c        0     1                 
20001640 20001640        0     1                 
20001648 20001648        0     1                 
2000164c 2000164c        0     1                 
2000164c 2000164c        0     1                 
2000164c 2000164c        0     1                 
2000164c 2000164c        0     1                 
20001650 20001650        0     1                 
20001650 20001650        0     1                 
20001656 20001656        0     1                 
20001656 20001656        0     1                 .Lpcrel_hi44
20001656 20001656        0     1                 
2000165e 2000165e        0     1                 
20001660 20001660        0     1                 
20001660 20001660        0     1                 
2000166e 2000166e        0     1                 
2000166e 2000166e        0     1                 
2000167c 2000167c        0     1                 
20001682 20001682        0     1                 
2000168c 2000168c        0     1                 
2000168c 2000168c        0     1                 
2000168c 2000168c        0     1                 
2000168c 2000168c        0     1                 
2000168e 2000168e        0     1                 
20001690 20001690        0     1                 
20001690 20001690        0     1                 
2000169e 2000169e        0     1                 
2000169e 2000169e        0     1                 
200016a2 200016a2        0     1                 
200016ac 200016ac        0     1                 
200016b0 200016b0        0     1                 
200016b4 200016b4        0     1                 
200016b4 200016b4        0     1                 
200016b8 200016b8        0     1                 
200016b8 200016b8        0     1                 
200016bc 200016bc        0     1                 
200016c0 200016c0        0     1                 
200016c0 200016c0        0     1                 
200016c4 200016c4        0     1                 
200016c6 200016c6        0     1                 
200016c6 200016c6        0     1                 
200016ca 200016ca        0     1                 
200016d4 200016d4        0     1                 
200016d4 200016d4        0     1                 
200016d6 200016d6        0     1                 
200016d6 200016d6        0     1                 
200016dc 200016dc        0     1                 
200016dc 200016dc        0     1                 
200016dc 200016dc        0     1                 
200016dc 200016dc        0     1                 
200016de 200016de        0     1                 
200016de 200016de        0     1                 .Lpcrel_hi45
200016de 200016de        0     1                 
200016e6 200016e6        0     1                 
200016e8 200016e8        0     1                 
200016e8 200016e8        0     1                 
200016e8 200016e8        0     1                 
200016e8 200016e8        0     1                 
200016f0 200016f0        0     1                 
200016f0 200016f0        0     1                 .Lpcrel_hi46
200016f8 200016f8        0     1                 
200016f8 200016f8        0     1                 
20001706 20001706        0     1                 
20001708 20001708        0     1                 
20001708 20001708        0     1                 
2000170e 2000170e        0     1                 
20001712 20001712        0     1                 
20001712 20001712        0     1                 
2000171c 2000171c        0     1                 
2000171e 2000171e        0     1                 
2000171e 2000171e        0     1                 
20001722 20001722        0     1                 
20001724 20001724        0     1                 
20001724 20001724        0     1                 
20001738 20001738        0     1                 
20001738 20001738        0     1                 
20001742 20001742        0     1                 
20001748 20001748        0     1                 
20001752 20001752        0     1                 
20001752 20001752        0     1                 
20001752 20001752        0     1                 
20001752 20001752        0     1                 
20001754 20001754        0     1                 
20001756 20001756        0     1                 
20001756 20001756        0     1                 
2000175e 2000175e        0     1                 
2000175e 2000175e        0     1                 
20001760 20001760        0     1                 
20001762 20001762        0     1                 
20001762 20001762        0     1                 
2000176a 2000176a        0     1                 
20001770 20001770        0     1                 
2000177a 2000177a        0     1                 
2000177a 2000177a        0     1                 
2000177a 2000177a        0     1                 
2000177a 2000177a        0     1                 
2000177c 2000177c        0     1                 
2000177e 2000177e        0     1                 
2000177e 2000177e        0     1                 
20001786 20001786        0     1                 
2000178c 2000178c        0     1                 
20001796 20001796        0     1                 
20001796 20001796        0     1                 
20001796 20001796        0     1                 
20001796 20001796        0     1                 
20001798 20001798        0     1                 
2000179c 2000179c        0     1                 
2000179c 2000179c        0     1                 
200017a4 200017a4        0     1                 
200017aa 200017aa        0     1                 
200017b4 200017b4        0     1                 
200017b4 200017b4        0     1                 
200017b4 200017b4        0     1                 
200017b4 200017b4        0     1                 
200017b6 200017b6        0     1                 
200017ba 200017ba        0     1                 
200017ba 200017ba        0     1                 
200017ca 200017ca        0     1                 
200017ca 200017ca        0     1                 
200017d2 200017d2        0     1                 
200017d8 200017d8        0     1                 
200017e2 200017e2        0     1                 
200017e2 200017e2        0     1                 
200017e2 200017e2        0     1                 
200017e2 200017e2        0     1                 
200017e4 200017e4        0     1                 
200017e6 200017e6        0     1                 
200017e6 200017e6        0     1                 
200017ee 200017ee        0     1                 
200017f4 200017f4        0     1                 
200017fe 200017fe        0     1                 
200017fe 200017fe        0     1                 
200017fe 200017fe        0     1                 
200017fe 200017fe        0     1                 
20001800 20001800        0     1                 
20001802 20001802        0     1                 
20001802 20001802        0     1                 
20001804 20001804        0     1                 
20001804 20001804        0     1                 
20001808 20001808        0     1                 
20001812 20001812        0     1                 
20001812 20001812        0     1                 
2000181a 2000181a        0     1                 
20001826 20001826        0     1                 
20001828 20001828        0     1                 
2000182a 2000182a        0     1                 
20001830 20001830        0     1                 
2000183a 2000183a        0     1                 
2000183a 2000183a        0     1                 
2000183e 2000183e        0     1                 
2000183e 2000183e        0     1                 
20001842 20001842        0     1                 
20001842 20001842        0     1                 
20001842 20001842        0     1                 
20001842 20001842      1f6     2         lto.tmp:(.text.otcrypto_hmac_init)
20001842 20001842      1f6     1                 otcrypto_hmac_init
20001842 20001842        0     1                 
20001842 20001842        0     1                 
20001842 20001842        0     1                 
20001846 20001846        0     1                 
20001846 20001846        0     1                 
20001858 20001858        0     1                 
2000185a 2000185a        0     1                 
2000185c 2000185c        0     1                 
2000185e 2000185e        0     1                 
2000185e 2000185e        0     1                 
20001868 20001868        0     1                 
2000186e 2000186e        0     1                 
20001878 20001878        0     1                 
20001878 20001878        0     1                 
20001878 20001878        0     1                 
20001878 20001878        0     1                 
2000187a 2000187a        0     1                 
2000187c 2000187c        0     1                 
2000187c 2000187c        0     1                 
2000187e 2000187e        0     1                 
2000187e 2000187e        0     1                 
20001880 20001880        0     1                 
20001880 20001880        0     1                 
20001880 20001880        0     1                 
20001888 20001888        0     1                 
20001888 20001888        0     1                 
2000188c 2000188c        0     1                 
2000188c 2000188c        0     1                 
20001890 20001890        0     1                 
20001894 20001894        0     1                 
2000189c 2000189c        0     1                 
200018a0 200018a0        0     1                 
200018a0 200018a0        0     1                 
200018a0 200018a0        0     1                 
200018a0 200018a0        0     1                 
200018a4 200018a4        0     1                 
200018a4 200018a4        0     1                 
200018aa 200018aa        0     1                 
200018aa 200018aa        0     1                 .Lpcrel_hi47
200018aa 200018aa        0     1                 
200018b2 200018b2        0     1                 
200018b4 200018b4        0     1                 .Lpcrel_hi48
200018bc 200018bc        0     1                 
200018be 200018be        0     1                 
200018c8 200018c8        0     1                 
200018c8 200018c8        0     1                 
200018c8 200018c8        0     1                 
200018c8 200018c8        0     1                 
200018ca 200018ca        0     1                 
200018ca 200018ca        0     1                 .Lpcrel_hi49
200018ca 200018ca        0     1                 
200018d2 200018d2        0     1                 
200018d6 200018d6        0     1                 .Lpcrel_hi50
200018de 200018de        0     1                 
200018e0 200018e0        0     1                 
200018e0 200018e0        0     1                 
200018e0 200018e0        0     1                 
200018e0 200018e0        0     1                 
200018e8 200018e8        0     1                 
200018e8 200018e8        0     1                 .Lpcrel_hi51
200018f0 200018f0        0     1                 
200018f4 200018f4        0     1                 .Lpcrel_hi52
200018fc 200018fc        0     1                 
200018fc 200018fc        0     1                 
200018fc 200018fc        0     1                 
200018fc 200018fc        0     1                 
20001908 20001908        0     1                 
20001908 20001908        0     1                 
20001914 20001914        0     1                 
2000191a 2000191a        0     1                 
20001924 20001924        0     1                 
20001924 20001924        0     1                 
20001924 20001924        0     1                 
20001924 20001924        0     1                 
20001926 20001926        0     1                 
20001928 20001928        0     1                 
20001928 20001928        0     1                 
2000193e 2000193e        0     1                 
2000193e 2000193e        0     1                 
20001940 20001940        0     1                 
20001940 20001940        0     1                 
20001940 20001940        0     1                 
20001940 20001940        0     1                 
20001942 20001942        0     1                 
20001946 20001946        0     1                 
20001946 20001946        0     1                 
20001948 20001948        0     1                 
2000194c 2000194c        0     1                 
20001958 20001958        0     1                 
2000195e 2000195e        0     1                 
20001962 20001962        0     1                 
20001964 20001964        0     1                 
20001964 20001964        0     1                 
20001964 20001964        0     1                 
20001964 20001964        0     1                 
2000196e 2000196e        0     1                 
20001984 20001984        0     1                 
20001984 20001984        0     1                 
20001986 20001986        0     1                 
20001986 20001986        0     1                 
2000199c 2000199c        0     1                 
200019a2 200019a2        0     1                 
200019ac 200019ac        0     1                 
200019ac 200019ac        0     1                 
200019ac 200019ac        0     1                 
200019ac 200019ac        0     1                 
200019ae 200019ae        0     1                 
200019b0 200019b0        0     1                 
200019b0 200019b0        0     1                 
200019b2 200019b2        0     1                 
200019b6 200019b6        0     1                 
200019ba 200019ba        0     1                 
200019ba 200019ba        0     1                 
200019c6 200019c6        0     1                 
200019c6 200019c6        0     1                 
200019d2 200019d2        0     1                 
200019d2 200019d2        0     1                 
200019d6 200019d6        0     1                 
200019d6 200019d6        0     1                 
200019e0 200019e0        0     1                 
200019e2 200019e2        0     1                 
200019e2 200019e2        0     1                 
200019e2 200019e2        0     1                 
200019e2 200019e2        0     1                 
200019e8 200019e8        0     1                 
200019ec 200019ec        0     1                 
200019f8 200019f8        0     1                 
200019f8 200019f8        0     1                 
20001a04 20001a04        0     1                 
20001a0e 20001a0e        0     1                 
20001a1a 20001a1a        0     1                 
20001a1a 20001a1a        0     1                 
20001a20 20001a20        0     1                 
20001a20 20001a20        0     1                 
20001a32 20001a32        0     1                 
20001a38 20001a38        0     1                 
20001a38 20001a38        0     1                 
20001a38 20001a38      242     2         lto.tmp:(.text.otcrypto_hmac_final)
20001a38 20001a38      242     1                 otcrypto_hmac_final
20001a38 20001a38        0     1                 
20001a38 20001a38        0     1                 
20001a38 20001a38        0     1                 
20001a3c 20001a3c        0     1                 
20001a4a 20001a4a        0     1                 
20001a4c 20001a4c        0     1                 
20001a4e 20001a4e        0     1                 
20001a4e 20001a4e        0     1                 
20001a56 20001a56        0     1                 
20001a64 20001a64        0     1                 
20001a66 20001a66        0     1                 
20001a6a 20001a6a        0     1                 
20001a6e 20001a6e        0     1                 
20001a6e 20001a6e        0     1                 
20001a80 20001a80        0     1                 
20001a86 20001a86        0     1                 
20001a90 20001a90        0     1                 
20001a90 20001a90        0     1                 
20001a90 20001a90        0     1                 
20001a90 20001a90        0     1                 
20001a92 20001a92        0     1                 
20001a94 20001a94        0     1                 
20001a94 20001a94        0     1                 
20001a96 20001a96        0     1                 
20001a96 20001a96        0     1                 
20001a96 20001a96        0     1                 
20001a96 20001a96        0     1                 
20001a9a 20001a9a        0     1                 
20001a9e 20001a9e        0     1                 
20001aaa 20001aaa        0     1                 
20001aaa 20001aaa        0     1                 
20001aac 20001aac        0     1                 
20001aac 20001aac        0     1                 
20001ab0 20001ab0        0     1                 
20001ab2 20001ab2        0     1                 
20001ab2 20001ab2        0     1                 
20001ab2 20001ab2        0     1                 
20001ab2 20001ab2        0     1                 
20001ab6 20001ab6        0     1                 
20001ab6 20001ab6        0     1                 
20001ac0 20001ac0        0     1                 
20001acc 20001acc        0     1                 
20001acc 20001acc        0     1                 
20001ace 20001ace        0     1                 
20001ace 20001ace        0     1                 
20001ada 20001ada        0     1                 
20001ae0 20001ae0        0     1                 
20001aea 20001aea        0     1                 
20001aea 20001aea        0     1                 
20001aea 20001aea        0     1                 
20001aea 20001aea        0     1                 
20001aec 20001aec        0     1                 
20001aee 20001aee        0     1                 
20001aee 20001aee        0     1                 
20001b00 20001b00        0     1                 
20001b06 20001b06        0     1                 
20001b10 20001b10        0     1                 
20001b10 20001b10        0     1                 
20001b10 20001b10        0     1                 
[...]
    473a     473a        0     1                 
    4760     4760        0     1                 
    4786     4786        0     1                 
    47ac     47ac        0     1                 
    47d2     47d2        0     1                 
    47f8     47f8        0     1                 
    4813     4813        0     1                 
    4839     4839        0     1                 
    4877     4877        0     1                 
    48ab     48ab        0     1                 
    48e2     48e2        0     1                 
    4916     4916        0     1                 
    494d     494d        0     1                 
    49d5     49d5        0     1                 
    49fc     49fc        0     1                 
    4a30     4a30        0     1                 
    4c02     4c02        0     1                 
    4dd4     4dd4        0     1                 
    4dfa     4dfa        0     1                 
    4e20     4e20        0     1                 
    4e46     4e46        0     1                 
    4e6c     4e6c        0     1                 
    4e92     4e92        0     1                 
    4eb8     4eb8        0     1                 
    4ede     4ede        0     1                 
    4f04     4f04        0     1                 
    4f2a     4f2a        0     1                 
    4f51     4f51        0     1                 
    4f78     4f78        0     1                 
    4f9f     4f9f        0     1                 
    4fc6     4fc6        0     1                 
    4fed     4fed        0     1                 
    5008     5008        0     1                 
    5023     5023        0     1                 
    504a     504a        0     1                 
    5065     5065        0     1                 
    5080     5080        0     1                 
    509b     509b        0     1                 
    50ee     50ee        0     1                 
    5109     5109        0     1                 
    512c     512c        0     1                 
    5154     5154        0     1                 
    5172     5172        0     1                 
    5190     5190        0     1                 
    51ae     51ae        0     1                 
    51cc     51cc        0     1                 
    51f4     51f4        0     1                 
    521c     521c        0     1                 
    5244     5244        0     1                 
    52a5     52a5        0     1                 
    52c7     52c7        0     1                 
    52ef     52ef        0     1                 
    532e     532e        0     1                 
    53a1     53a1        0     1                 
    53bc     53bc        0     1                 
    53f8     53f8        0     1                 
    541a     541a        0     1                 
    5443     5443        0     1                 
    5465     5465        0     1                 
    5487     5487        0     1                 
    54a9     54a9        0     1                 
    54cf     54cf        0     1                 
    54ed     54ed        0     1                 
    5508     5508        0     1                 
    5526     5526        0     1                 
    5541     5541        0     1                 
    5567     5567        0     1                 
    5582     5582        0     1                 
    559d     559d        0     1                 
    55be     55be        0     1                 
    55d9     55d9        0     1                 
    55f4     55f4        0     1                 
    5615     5615        0     1                 
    5630     5630        0     1                 
    5651     5651        0     1                 
    566c     566c        0     1                 
    5687     5687        0     1                 
    56a2     56a2        0     1                 
    56c3     56c3        0     1                 
    56ea     56ea        0     1                 
    5705     5705        0     1                 
    5720     5720        0     1                 
    573b     573b        0     1                 
    5762     5762        0     1                 
    577d     577d        0     1                 
    579f     579f        0     1                 
    57bb     57bb        0     1                 
    57d7     57d7        0     1                 
    57f2     57f2        0     1                 
    580e     580e        0     1                 
    584c     584c        0     1                 
    5878     5878        0     1                 
    5894     5894        0     1                 
    58b8     58b8        0     1                 
    58da     58da        0     1                 
    58f5     58f5        0     1                 
    5911     5911        0     1                 
    592d     592d        0     1                 
    5948     5948        0     1                 
    5963     5963        0     1                 
    5997     5997        0     1                 
    59aa     59aa        0     1                 
    59bd     59bd        0     1                 
    59e8     59e8        0     1                 
    59fd     59fd        0     1                 
    5a23     5a23        0     1                 
    5a49     5a49        0     1                 
    5a64     5a64        0     1                 
    5a7f     5a7f        0     1                 
    5a9b     5a9b        0     1                 
    5ab9     5ab9        0     1                 
    5c7f     5c7f        0     1                 
    5ca8     5ca8        0     1                 
    5ded     5ded        0     1                 
    5e0b     5e0b        0     1                 
    5e31     5e31        0     1                 
    5e4c     5e4c        0     1                 
    5e67     5e67        0     1                 
    5e82     5e82        0     1                 
    5e9d     5e9d        0     1                 
    5eb8     5eb8        0     1                 
    5ed3     5ed3        0     1                 
    5eee     5eee        0     1                 
    5f09     5f09        0     1                 
    5f35     5f35        0     1                 
    5f50     5f50        0     1                 
    5f6b     5f6b        0     1                 
    5f86     5f86        0     1                 
    5fac     5fac        0     1                 
    5ff8     5ff8        0     1                 
    601e     601e        0     1                 
    6046     6046        0     1                 
    6061     6061        0     1                 
    607c     607c        0     1                 
    6097     6097        0     1                 
    60b2     60b2        0     1                 
    60cd     60cd        0     1                 
    60e8     60e8        0     1                 
    6134     6134        0     1                 
    6165     6165        0     1                 
    6196     6196        0     1                 
    61b1     61b1        0     1                 
    61cc     61cc        0     1                 
    61e7     61e7        0     1                 
    620e     620e        0     1                 
    622e     622e        0     1                 
    6254     6254        0     1                 
    627a     627a        0     1                 
    62ab     62ab        0     1                 
    62d1     62d1        0     1                 
    6301     6301        0     1                 
    6327     6327        0     1                 
    6359     6359        0     1                 
    6397     6397        0     1                 
    63c4     63c4        0     1                 
    63df     63df        0     1                 
    63fa     63fa        0     1                 
    6415     6415        0     1                 
    6428     6428        0     1                 
    645c     645c        0     1                 
    646f     646f        0     1                 
    648d     648d        0     1                 
    64a0     64a0        0     1                 
    64b3     64b3        0     1                 
    64d0     64d0        0     1                 
    64e4     64e4        0     1                 
    6503     6503        0     1                 
    651d     651d        0     1                 
    653c     653c        0     1                 
    654f     654f        0     1                 
    656b     656b        0     1                 
    6586     6586        0     1                 
    65a1     65a1        0     1                 
    65bc     65bc        0     1                 
    65d7     65d7        0     1                 
    65f2     65f2        0     1                 
    6611     6611        0     1                 
    6630     6630        0     1                 
    664b     664b        0     1                 
    66a5     66a5        0     1                 
    66c0     66c0        0     1                 
    66db     66db        0     1                 
    66f6     66f6        0     1                 
    6711     6711        0     1                 
    672c     672c        0     1                 
    6747     6747        0     1                 
    67a1     67a1        0     1                 
    67c0     67c0        0     1                 
    67db     67db        0     1                 
    67f6     67f6        0     1                 
    6811     6811        0     1                 
    682c     682c        0     1                 
    6876     6876        0     1                 
    68b4     68b4        0     1                 
    6902     6902        0     1                 
    6954     6954        0     1                 
    69a2     69a2        0     1                 
       0        0      938     1 .debug_ranges
       0        0       28     1         bazel-out/k8-fastbuild-ST-1df456420242/bin/sw/device/lib/testing/test_framework/libottf_start.a(ottf_start.o):(.debug_ranges)
       0        0        0     1                 
      28       28      910     1         lto.tmp:(.debug_ranges)
      28       28        0     1                 
      40       40        0     1                 
      58       58        0     1                 
      80       80        0     1                 
      a0       a0        0     1                 
      b8       b8        0     1                 
      d0       d0        0     1                 
      e8       e8        0     1                 
     100      100        0     1                 
     120      120        0     1                 
     138      138        0     1                 
     150      150        0     1                 
     168      168        0     1                 
     180      180        0     1                 
     198      198        0     1                 
     1b8      1b8        0     1                 
     1d0      1d0        0     1                 
     1e8      1e8        0     1                 
     200      200        0     1                 
     218      218        0     1                 
     230      230        0     1                 
     248      248        0     1                 
     260      260        0     1                 
     280      280        0     1                 
     298      298        0     1                 
     2b0      2b0        0     1                 
     2c8      2c8        0     1                 
     2e8      2e8        0     1                 
     308      308        0     1                 
     320      320        0     1                 
     338      338        0     1                 
     350      350        0     1                 
     370      370        0     1                 
     390      390        0     1                 
     3b0      3b0        0     1                 
     3c8      3c8        0     1                 
     3e0      3e0        0     1                 
     3f8      3f8        0     1                 
     410      410        0     1                 
     428      428        0     1                 
     440      440        0     1                 
     458      458        0     1                 
     470      470        0     1                 
     488      488        0     1                 
     4a0      4a0        0     1                 
     4b8      4b8        0     1                 
     4d8      4d8        0     1                 
     4f0      4f0        0     1                 
     508      508        0     1                 
     520      520        0     1                 
     538      538        0     1                 
     550      550        0     1                 
     568      568        0     1                 
     580      580        0     1                 
     598      598        0     1                 
     5b0      5b0        0     1                 
     5c8      5c8        0     1                 
     5e0      5e0        0     1                 
     5f8      5f8        0     1                 
     610      610        0     1                 
     648      648        0     1                 
     688      688        0     1                 
     6a0      6a0        0     1                 
     7c8      7c8        0     1                 
     808      808        0     1                 
     820      820        0     1                 
     840      840        0     1                 
     898      898        0     1                 
     8b8      8b8        0     1                 
     8e0      8e0        0     1                 
     8f8      8f8        0     1                 
       0        0    10d5f     1 .debug_str
       0        0    10d5f     1         <internal>:(.debug_str)
       0        0      910     4 .debug_frame
       0        0      910     4         lto.tmp:(.debug_frame)
       0        0        0     1                 
       0        0     1f00     4 .ot.status_create_record
       0        0        0     1         . = .
       0        0     1f00     4         lto.tmp:(.ot.status_create_record)
       0        0       80     1                 test_main.kOtStatusRecord
      80       80       80     1                 test_main.kOtStatusRecord.34
     100      100       80     1                 run_test_vector.kOtStatusRecord
     180      180       80     1                 run_test_vector.kOtStatusRecord.69
     200      200       80     1                 run_negative_tests.kOtStatusRecord
     280      280       80     1                 run_negative_tests.kOtStatusRecord.77
     300      300       80     1                 run_negative_tests.kOtStatusRecord.81
     380      380       80     1                 run_negative_tests.kOtStatusRecord.85
     400      400       80     1                 run_negative_tests.kOtStatusRecord.89
     480      480       80     1                 run_negative_tests.kOtStatusRecord.93
     500      500       80     1                 run_negative_tests.kOtStatusRecord.97
     580      580       80     1                 run_negative_tests.kOtStatusRecord.101
     600      600       80     1                 run_negative_tests.kOtStatusRecord.105
     680      680       80     1                 run_negative_tests.kOtStatusRecord.109
     700      700       80     1                 run_negative_tests.kOtStatusRecord.113
     780      780       80     1                 run_negative_tests.kOtStatusRecord.117
     800      800       80     1                 run_negative_tests.kOtStatusRecord.121
     880      880       80     1                 run_negative_tests.kOtStatusRecord.125
     900      900       80     1                 run_negative_tests.kOtStatusRecord.129
     980      980       80     1                 run_negative_tests.kOtStatusRecord.133
     a00      a00       80     1                 run_negative_tests.kOtStatusRecord.137
     a80      a80       80     1                 _ottf_main.kOtStatusRecord
     b00      b00       80     1                 ottf_console_flush.kOtStatusRecord
     b80      b80       80     1                 ottf_console_null_getc.kOtStatusRecord
     c00      c00       80     1                 ottf_console_write_unbuffered.kOtStatusRecord
     c80      c80       80     1                 ottf_console_configure_uart.kOtStatusRecord
     d00      d00       80     1                 ottf_console_configure_uart.kOtStatusRecord.8
     d80      d80       80     1                 ottf_console_uart_flow_control_enable.kOtStatusRecord
     e00      e00       80     1                 ottf_console_uart_flow_control_isr.kOtStatusRecord
     e80      e80       80     1                 ottf_console_uart_flow_control.kOtStatusRecord
     f00      f00       80     1                 manage_flow_control.kOtStatusRecord
     f80      f80       80     1                 ottf_console_spi_device_read.kOtStatusRecord
    1000     1000       80     1                 spi_device_testutils_configure_read_pipeline.kOtStatusRecord
    1080     1080       80     1                 spi_device_testutils_wait_for_upload.kOtStatusRecord
    1100     1100       80     1                 spi_device_testutils_wait_for_upload.kOtStatusRecord.5
    1180     1180       80     1                 ottf_alerts_expect_alert_start.kOtStatusRecord
    1200     1200       80     1                 ottf_alerts_expect_alert_start.kOtStatusRecord.16
    1280     1280       80     1                 ottf_alerts_expect_alert_finish.kOtStatusRecord
    1300     1300       80     1                 ottf_alerts_expect_alert_finish.kOtStatusRecord.17
    1380     1380       80     1                 ottf_alerts_expect_alert_finish.kOtStatusRecord.18
    1400     1400       80     1                 alert_handler_testutils_info_parse.kOtStatusRecord
    1480     1480       80     1                 alert_handler_testutils_info_parse.kOtStatusRecord.4
    1500     1500       80     1                 alert_handler_testutils_configure_all.kOtStatusRecord
    1580     1580       80     1                 alert_handler_testutils_configure_all.kOtStatusRecord.31
    1600     1600       80     1                 alert_handler_testutils_configure_all.kOtStatusRecord.35
    1680     1680       80     1                 alert_handler_testutils_configure_all.kOtStatusRecord.39
    1700     1700       80     1                 alert_handler_testutils_configure_all.kOtStatusRecord.43
    1780     1780       80     1                 alert_handler_testutils_configure_all.kOtStatusRecord.47
    1800     1800       80     1                 alert_handler_testutils_get_cycles_from_us.kOtStatusRecord
    1880     1880       80     1                 alert_handler_testutils_status_log.kOtStatusRecord
    1900     1900       80     1                 alert_handler_testutils_dump_log.kOtStatusRecord
    1980     1980       80     1                 alert_handler_testutils_dump_log.kOtStatusRecord.56
    1a00     1a00       80     1                 alert_handler_testutils_dump_enable.kOtStatusRecord
    1a80     1a80       80     1                 alert_handler_testutils_dump_enable.kOtStatusRecord.77
    1b00     1b00       80     1                 get_next_n_bits.kOtStatusRecord
    1b80     1b80       80     1                 get_next_n_bits.kOtStatusRecord.85
    1c00     1c00       80     1                 rand_testutils_init.kOtStatusRecord
    1c80     1c80       80     1                 rand_testutils_gen32_range.kOtStatusRecord
    1d00     1d00       80     1                 rand_testutils_gen32_range.kOtStatusRecord.6
    1d80     1d80       80     1                 rv_core_ibex_testutils_get_rnd_data.kOtStatusRecord
    1e00     1e00       80     1                 rv_core_ibex_testutils_get_rnd_data.kOtStatusRecord.2
    1e80     1e80       80     1                 rv_core_ibex_testutils_get_rnd_data.kOtStatusRecord.6
