     VMA      LMA     Size Align Out     In      Symbol
       0        0        0     1 
       0        0        0     1 
       0        0        0     1 
       0        0        0     1 
       0        0        0     1 
       0        0        0     1 _exception_frame_size = 128
       0        0        0     1 _exception_frame_end = ORIGIN ( ram_main ) + LENGTH ( ram_main )
       0        0        0     1 _exception_frame_start = _exception_frame_end - _exception_frame_size
       0        0        0     1 _stack_size = 16384 - _exception_frame_size
       0        0        0     1 _stack_end = _exception_frame_start
       0        0        0     1 _stack_start = _stack_end - _stack_size
       0        0        0     1 _static_critical_size = 8168
       0        0        0     1 _chip_info_size = 128
       0        0        0     1 _rom_chip_info_end = ORIGIN ( rom ) + LENGTH ( rom )
       0        0        0     1 _rom_chip_info_start = _rom_chip_info_end - _chip_info_size
       0        0        0     1 _epmp_reset_rx_size = 2048
       0        0        0     1 _ottf_size = LENGTH ( ottf_storage ) / 2
       0        0        0     1 _ottf_start_address = ORIGIN ( ottf_storage )
       0        0        0     1 __DYNAMIC = 0
       0        0        0     1 _dv_log_offset = 0x10000
       0        0        0     1 _manifest_code_start = _text_start - _ottf_start_address
       0        0        0     1 _manifest_code_end = _text_end - _ottf_start_address
       0        0        0     1 _manifest_entry_point = _ottf_start - _ottf_start_address
       0        0        0     1 _manifest_address_translation = ( _text_start >= ORIGIN ( ottf_storage ) && _text_start < ( ORIGIN ( ottf_storage ) + LENGTH ( ottf_storage ) ) ) ? 0x1d4 : 0x739
10000000 10000000     1fe8     4 .static_critical
10000000 10000000        0     1         
10000000 10000000        4     4         lto.tmp:(.static_critical.version)
10000000 10000000        4     1                 static_critical_version
10000004 10000004       40     4         lto.tmp:(.static_critical.boot_measurements)
10000004 10000004       40     1                 boot_measurements
10000044 10000044       54     4         lto.tmp:(.static_critical.epmp_state)
10000044 10000044       54     1                 epmp_state
10000098 10000098     1f50     4         lto.tmp:(.static_critical.sec_mmio_ctx)
10000098 10000098     1f50     1                 sec_mmio_ctx
10001fe8 10001fe8        0     1         
20000000 20000000      400     4 .manifest
20000000 20000000      400     4         lto.tmp:(.manifest)
20000000 20000000      400     1                 kManifest_
20000400 20000400        0     1         . = ALIGN ( 4 )
20000400 20000400        0     4 .rom_ext_immutable
20000400 20000400        0     1         _text_start = .
20000400 20000400        0     1         _rom_ext_immutable_start = .
20000400 20000400        0     1         . = ALIGN ( 256 )
20000400 20000400        0     1         _rom_ext_immutable_end = .
20000400 20000400       80   256 .vectors
20000400 20000400       80   256         bazel-out/k8-fastbuild-ST-1df456420242/bin/sw/device/lib/testing/test_framework/libottf_start.a(ottf_start.o):(.vectors)
20000400 20000400        0     1                 
20000400 20000400        0     1                 
20000400 20000400       80     1                 _ottf_interrupt_vector
20000404 20000404        0     1                 
20000408 20000408        0     1                 
2000040c 2000040c        0     1                 
20000410 20000410        0     1                 
20000414 20000414        0     1                 
20000418 20000418        0     1                 
2000041c 2000041c        0     1                 
20000420 20000420        0     1                 
20000424 20000424        0     1                 
20000428 20000428        0     1                 
2000042c 2000042c        0     1                 
20000430 20000430        0     1                 
20000434 20000434        0     1                 
20000438 20000438        0     1                 
2000043c 2000043c        0     1                 
20000440 20000440        0     1                 
20000444 20000444        0     1                 
20000448 20000448        0     1                 
2000044c 2000044c        0     1                 
20000450 20000450        0     1                 
20000454 20000454        0     1                 
20000458 20000458        0     1                 
2000045c 2000045c        0     1                 
20000460 20000460        0     1                 
20000464 20000464        0     1                 
20000468 20000468        0     1                 
2000046c 2000046c        0     1                 
20000470 20000470        0     1                 
20000474 20000474        0     1                 
20000478 20000478        0     1                 
2000047c 2000047c        0     1                 
20000480 20000480        0     1                 
20000480 20000480       aa     4 .crt
20000480 20000480       4a     4         bazel-out/k8-fastbuild-ST-1df456420242/bin/sw/device/lib/testing/test_framework/libottf_start.a(ottf_start.o):(.crt)
20000480 20000480        0     1                 
20000480 20000480        0     1                 .Lpcrel_hi0
20000480 20000480        0     1                 
20000480 20000480       4a     1                 _ottf_start
20000488 20000488        0     1                 .Lpcrel_hi1
20000488 20000488        0     1                 
20000490 20000490        0     1                 .Lpcrel_hi2
20000490 20000490        0     1                 
20000498 20000498        0     1                 
2000049c 2000049c        0     1                 .Lpcrel_hi3
2000049c 2000049c        0     1                 
200004a4 200004a4        0     1                 .Lpcrel_hi4
200004a4 200004a4        0     1                 
200004ac 200004ac        0     1                 .Lpcrel_hi5
200004ac 200004ac        0     1                 
200004b4 200004b4        0     1                 
200004b6 200004b6        0     1                 .Lpcrel_hi6
200004b6 200004b6        0     1                 
200004be 200004be        0     1                 .Lpcrel_hi7
200004be 200004be        0     1                 
200004c6 200004c6        0     1                 
200004c8 200004c8        0     1                 
200004ca 200004ca        0     1                 
200004cc 200004cc       5e     4         bazel-out/k8-fastbuild-ST-1df456420242/bin/sw/device/lib/crt/libcrt.a(crt.o):(.crt)
200004cc 200004cc        0     1                 
200004cc 200004cc        0     1                 
200004cc 200004cc       24     1                 crt_section_clear
200004d0 200004d0        0     1                 
200004d4 200004d4        0     1                 
200004d8 200004d8        0     1                 
200004dc 200004dc        0     1                 .L_clear_loop
200004dc 200004dc        0     1                 
200004e0 200004e0        0     1                 
200004e2 200004e2        0     1                 
200004e6 200004e6        0     1                 
200004e8 200004e8        0     1                 .L_clear_nothing
200004e8 200004e8        0     1                 
200004ec 200004ec        0     1                 
200004ee 200004ee        0     1                 .L_clear_error
200004ee 200004ee        0     1                 
200004f0 200004f0        0     1                 
200004f0 200004f0        0     1                 
200004f0 200004f0       3a     1                 crt_section_copy
200004f4 200004f4        0     1                 
200004f8 200004f8        0     1                 
200004fc 200004fc        0     1                 
20000500 20000500        0     1                 
20000504 20000504        0     1                 
20000508 20000508        0     1                 
2000050c 2000050c        0     1                 
20000510 20000510        0     1                 .L_copy_loop
20000510 20000510        0     1                 
20000514 20000514        0     1                 
20000516 20000516        0     1                 
2000051a 2000051a        0     1                 
2000051c 2000051c        0     1                 
20000520 20000520        0     1                 
20000522 20000522        0     1                 .L_copy_nothing
20000522 20000522        0     1                 
20000526 20000526        0     1                 
20000528 20000528        0     1                 .L_copy_error
20000528 20000528        0     1                 
2000052a 2000052a        0     1                 
2000052c 2000052c     2288     4 .text
2000052c 2000052c      254     4         bazel-out/k8-fastbuild-ST-1df456420242/bin/sw/device/lib/testing/test_framework/libottf_isrs.a(ottf_isrs.o):(.text)
2000052c 2000052c       26     1                 compute_mepc_on_synchronous_irq
2000052c 2000052c        0     1                 
2000052c 2000052c        0     1                 
20000530 20000530        0     1                 
20000534 20000534        0     1                 
20000536 20000536        0     1                 
2000053a 2000053a        0     1                 
2000053c 2000053c        0     1                 .L_load_mepc
2000053c 2000053c        0     1                 
20000540 20000540        0     1                 
20000542 20000542        0     1                 
20000546 20000546        0     1                 
2000054a 2000054a        0     1                 
2000054c 2000054c        0     1                 
2000054e 2000054e        0     1                 .L_32bit_trap_instr
2000054e 2000054e        0     1                 
20000550 20000550        0     1                 
20000554 20000554       1e     1                 save_current_sp_to_tcb
20000554 20000554        0     1                 
20000554 20000554        0     1                 .Lpcrel_hi0
20000554 20000554        0     1                 
2000055c 2000055c        0     1                 
20000560 20000560        0     1                 
20000564 20000564        0     1                 .Lpcrel_hi1
20000564 20000564        0     1                 
2000056c 2000056c        0     1                 
20000570 20000570        0     1                 .L_skip_sp_save
20000570 20000570        0     1                 
20000574 20000574        0     1                 
20000574 20000574        0     1                 
20000574 20000574       52     1                 handler_exception
20000578 20000578        0     1                 
2000057a 2000057a        0     1                 
2000057c 2000057c        0     1                 
2000057e 2000057e        0     1                 
20000580 20000580        0     1                 
20000582 20000582        0     1                 
20000584 20000584        0     1                 
20000586 20000586        0     1                 
20000588 20000588        0     1                 
2000058a 2000058a        0     1                 
2000058c 2000058c        0     1                 
2000058e 2000058e        0     1                 
20000590 20000590        0     1                 
20000592 20000592        0     1                 
20000594 20000594        0     1                 
20000596 20000596        0     1                 
20000598 20000598        0     1                 
2000059a 2000059a        0     1                 
2000059c 2000059c        0     1                 
2000059e 2000059e        0     1                 
200005a0 200005a0        0     1                 
200005a2 200005a2        0     1                 
200005a4 200005a4        0     1                 
200005a6 200005a6        0     1                 
200005a8 200005a8        0     1                 
200005aa 200005aa        0     1                 
200005ac 200005ac        0     1                 
200005ae 200005ae        0     1                 
200005b0 200005b0        0     1                 
200005b4 200005b4        0     1                 
200005b6 200005b6        0     1                 
200005b8 200005b8        0     1                 
200005ba 200005ba        0     1                 
200005bc 200005bc        0     1                 
200005be 200005be        0     1                 
200005c2 200005c2        0     1                 
200005c8 200005c8        0     1                 
200005c8 200005c8        0     1                 
200005c8 200005c8       54     1                 handler_irq_software
200005cc 200005cc        0     1                 
200005ce 200005ce        0     1                 
200005d0 200005d0        0     1                 
200005d2 200005d2        0     1                 
200005d4 200005d4        0     1                 
200005d6 200005d6        0     1                 
200005d8 200005d8        0     1                 
200005da 200005da        0     1                 
200005dc 200005dc        0     1                 
200005de 200005de        0     1                 
200005e0 200005e0        0     1                 
200005e2 200005e2        0     1                 
200005e4 200005e4        0     1                 
200005e6 200005e6        0     1                 
200005e8 200005e8        0     1                 
200005ea 200005ea        0     1                 
200005ec 200005ec        0     1                 
200005ee 200005ee        0     1                 
200005f0 200005f0        0     1                 
200005f2 200005f2        0     1                 
200005f4 200005f4        0     1                 
200005f6 200005f6        0     1                 
200005f8 200005f8        0     1                 
200005fa 200005fa        0     1                 
200005fc 200005fc        0     1                 
200005fe 200005fe        0     1                 
20000600 20000600        0     1                 
20000602 20000602        0     1                 
20000604 20000604        0     1                 
20000608 20000608        0     1                 
2000060a 2000060a        0     1                 
2000060e 2000060e        0     1                 
20000610 20000610        0     1                 
20000612 20000612        0     1                 
20000614 20000614        0     1                 
20000618 20000618        0     1                 
2000061c 2000061c        0     1                 
2000061c 2000061c        0     1                 
2000061c 2000061c       54     1                 handler_irq_timer
20000620 20000620        0     1                 
20000622 20000622        0     1                 
20000624 20000624        0     1                 
20000626 20000626        0     1                 
20000628 20000628        0     1                 
2000062a 2000062a        0     1                 
2000062c 2000062c        0     1                 
2000062e 2000062e        0     1                 
20000630 20000630        0     1                 
20000632 20000632        0     1                 
20000634 20000634        0     1                 
20000636 20000636        0     1                 
20000638 20000638        0     1                 
2000063a 2000063a        0     1                 
2000063c 2000063c        0     1                 
2000063e 2000063e        0     1                 
20000640 20000640        0     1                 
20000642 20000642        0     1                 
20000644 20000644        0     1                 
20000646 20000646        0     1                 
20000648 20000648        0     1                 
2000064a 2000064a        0     1                 
2000064c 2000064c        0     1                 
2000064e 2000064e        0     1                 
20000650 20000650        0     1                 
20000652 20000652        0     1                 
20000654 20000654        0     1                 
20000656 20000656        0     1                 
20000658 20000658        0     1                 
2000065c 2000065c        0     1                 
2000065e 2000065e        0     1                 
20000662 20000662        0     1                 
20000664 20000664        0     1                 
20000666 20000666        0     1                 
20000668 20000668        0     1                 
2000066c 2000066c        0     1                 
20000670 20000670        0     1                 
20000670 20000670        0     1                 
20000670 20000670       54     1                 handler_irq_external
20000674 20000674        0     1                 
20000676 20000676        0     1                 
20000678 20000678        0     1                 
2000067a 2000067a        0     1                 
2000067c 2000067c        0     1                 
2000067e 2000067e        0     1                 
20000680 20000680        0     1                 
20000682 20000682        0     1                 
20000684 20000684        0     1                 
20000686 20000686        0     1                 
20000688 20000688        0     1                 
2000068a 2000068a        0     1                 
2000068c 2000068c        0     1                 
2000068e 2000068e        0     1                 
20000690 20000690        0     1                 
20000692 20000692        0     1                 
20000694 20000694        0     1                 
20000696 20000696        0     1                 
20000698 20000698        0     1                 
2000069a 2000069a        0     1                 
2000069c 2000069c        0     1                 
2000069e 2000069e        0     1                 
200006a0 200006a0        0     1                 
200006a2 200006a2        0     1                 
200006a4 200006a4        0     1                 
200006a6 200006a6        0     1                 
200006a8 200006a8        0     1                 
200006aa 200006aa        0     1                 
200006ac 200006ac        0     1                 
200006b0 200006b0        0     1                 
200006b2 200006b2        0     1                 
200006b6 200006b6        0     1                 
200006b8 200006b8        0     1                 
200006ba 200006ba        0     1                 
200006bc 200006bc        0     1                 
200006c0 200006c0        0     1                 
200006c4 200006c4        0     1                 
200006c4 200006c4        0     1                 
200006c4 200006c4       54     1                 handler_irq_internal
200006c8 200006c8        0     1                 
200006ca 200006ca        0     1                 
200006cc 200006cc        0     1                 
200006ce 200006ce        0     1                 
200006d0 200006d0        0     1                 
200006d2 200006d2        0     1                 
200006d4 200006d4        0     1                 
200006d6 200006d6        0     1                 
200006d8 200006d8        0     1                 
200006da 200006da        0     1                 
200006dc 200006dc        0     1                 
200006de 200006de        0     1                 
200006e0 200006e0        0     1                 
200006e2 200006e2        0     1                 
200006e4 200006e4        0     1                 
200006e6 200006e6        0     1                 
200006e8 200006e8        0     1                 
200006ea 200006ea        0     1                 
200006ec 200006ec        0     1                 
200006ee 200006ee        0     1                 
200006f0 200006f0        0     1                 
200006f2 200006f2        0     1                 
200006f4 200006f4        0     1                 
200006f6 200006f6        0     1                 
200006f8 200006f8        0     1                 
200006fa 200006fa        0     1                 
200006fc 200006fc        0     1                 
200006fe 200006fe        0     1                 
20000700 20000700        0     1                 
20000704 20000704        0     1                 
20000706 20000706        0     1                 
2000070a 2000070a        0     1                 
2000070c 2000070c        0     1                 
2000070e 2000070e        0     1                 
20000710 20000710        0     1                 
20000714 20000714        0     1                 
20000718 20000718        0     1                 
20000718 20000718        0     1                 .Lpcrel_hi2
20000718 20000718        0     1                 
20000718 20000718       68     1                 ottf_isr_exit
20000720 20000720        0     1                 
20000724 20000724        0     1                 
20000728 20000728        0     1                 .Lpcrel_hi3
20000728 20000728        0     1                 
20000730 20000730        0     1                 
20000734 20000734        0     1                 .L_skip_sp_restore
20000734 20000734        0     1                 
20000736 20000736        0     1                 
2000073a 2000073a        0     1                 
2000073c 2000073c        0     1                 
20000740 20000740        0     1                 
20000742 20000742        0     1                 
20000744 20000744        0     1                 
20000746 20000746        0     1                 
20000748 20000748        0     1                 
2000074a 2000074a        0     1                 
2000074c 2000074c        0     1                 
2000074e 2000074e        0     1                 
20000750 20000750        0     1                 
20000752 20000752        0     1                 
20000754 20000754        0     1                 
20000756 20000756        0     1                 
20000758 20000758        0     1                 
2000075a 2000075a        0     1                 
2000075c 2000075c        0     1                 
2000075e 2000075e        0     1                 
20000760 20000760        0     1                 
20000762 20000762        0     1                 
20000764 20000764        0     1                 
20000766 20000766        0     1                 
20000768 20000768        0     1                 
2000076a 2000076a        0     1                 
2000076c 2000076c        0     1                 
2000076e 2000076e        0     1                 
20000770 20000770        0     1                 
20000772 20000772        0     1                 
20000774 20000774        0     1                 
20000776 20000776        0     1                 
20000778 20000778        0     1                 
2000077c 2000077c        0     1                 
20000780 20000780        0     1                 
20000780 20000780       24     2         lto.tmp:(.text.aes_clear_internal_state)
20000780 20000780       24     1                 aes_clear_internal_state
20000780 20000780        0     1                 
20000780 20000780        0     1                 
20000780 20000780        0     1                 
20000782 20000782        0     1                 
20000782 20000782        0     1                 
20000786 20000786        0     1                 
20000786 20000786        0     1                 
20000788 20000788        0     1                 
20000788 20000788        0     1                 
2000078a 2000078a        0     1                 
2000078a 2000078a        0     1                 
2000078c 2000078c        0     1                 
2000078c 2000078c        0     1                 
2000078e 2000078e        0     1                 
2000078e 2000078e        0     1                 
20000790 20000790        0     1                 
20000790 20000790        0     1                 
20000792 20000792        0     1                 
20000794 20000794        0     1                 
20000794 20000794        0     1                 
2000079a 2000079a        0     1                 
2000079a 2000079a        0     1                 
2000079e 2000079e        0     1                 
2000079e 2000079e        0     1                 
200007a0 200007a0        0     1                 
200007a0 200007a0        0     1                 
200007a2 200007a2        0     1                 
200007a4 200007a4        0     1                 
200007a4 200007a4        0     1                 
200007a4 200007a4      108     2         lto.tmp:(.text.dif_aes_start)
200007a4 200007a4      108     1                 dif_aes_start
200007a4 200007a4        0     1                 
200007a4 200007a4        0     1                 
200007a4 200007a4        0     1                 
200007a6 200007a6        0     1                 
200007ae 200007ae        0     1                 
200007b0 200007b0        0     1                 
200007b2 200007b2        0     1                 
200007b2 200007b2        0     1                 
200007ba 200007ba        0     1                 
200007c0 200007c0        0     1                 
200007c4 200007c4        0     1                 
200007c8 200007c8        0     1                 
200007c8 200007c8        0     1                 
200007ca 200007ca        0     1                 
200007ca 200007ca        0     1                 
200007ce 200007ce        0     1                 
200007ce 200007ce        0     1                 
200007d4 200007d4        0     1                 
200007d4 200007d4        0     1                 
200007d6 200007d6        0     1                 
200007d6 200007d6        0     1                 
200007d8 200007d8        0     1                 
200007da 200007da        0     1                 
200007da 200007da        0     1                 
200007dc 200007dc        0     1                 
200007dc 200007dc        0     1                 
200007de 200007de        0     1                 
200007de 200007de        0     1                 
200007e0 200007e0        0     1                 
200007e2 200007e2        0     1                 
200007e4 200007e4        0     1                 
200007e4 200007e4        0     1                 
200007e6 200007e6        0     1                 
200007e6 200007e6        0     1                 
200007e8 200007e8        0     1                 
200007e8 200007e8        0     1                 
200007ea 200007ea        0     1                 
200007ec 200007ec        0     1                 
200007ec 200007ec        0     1                 
200007ee 200007ee        0     1                 
200007f4 200007f4        0     1                 
200007f4 200007f4        0     1                 
200007f6 200007f6        0     1                 
200007f6 200007f6        0     1                 
200007fe 200007fe        0     1                 
200007fe 200007fe        0     1                 
20000800 20000800        0     1                 
20000800 20000800        0     1                 
20000802 20000802        0     1                 
20000802 20000802        0     1                 
20000804 20000804        0     1                 
20000806 20000806        0     1                 
20000806 20000806        0     1                 
20000808 20000808        0     1                 
20000808 20000808        0     1                 
2000080a 2000080a        0     1                 
2000080a 2000080a        0     1                 
2000080c 2000080c        0     1                 
2000080c 2000080c        0     1                 
2000080e 2000080e        0     1                 
2000080e 2000080e        0     1                 
20000810 20000810        0     1                 
20000810 20000810        0     1                 
20000814 20000814        0     1                 
20000814 20000814        0     1                 
20000818 20000818        0     1                 
20000818 20000818        0     1                 
2000081a 2000081a        0     1                 
2000081c 2000081c        0     1                 
2000081e 2000081e        0     1                 
2000081e 2000081e        0     1                 
20000820 20000820        0     1                 
20000820 20000820        0     1                 
20000822 20000822        0     1                 
20000822 20000822        0     1                 
20000826 20000826        0     1                 
20000828 20000828        0     1                 
20000828 20000828        0     1                 
2000082c 2000082c        0     1                 
2000082c 2000082c        0     1                 
2000082e 2000082e        0     1                 
2000082e 2000082e        0     1                 
20000830 20000830        0     1                 .Lpcrel_hi0
20000830 20000830        0     1                 
20000848 20000848        0     1                 
20000848 20000848        0     1                 
2000085c 2000085c        0     1                 
2000085c 2000085c        0     1                 
20000860 20000860        0     1                 
20000864 20000864        0     1                 
20000866 20000866        0     1                 
20000866 20000866        0     1                 
2000086a 2000086a        0     1                 
2000086a 2000086a        0     1                 
2000086c 2000086c        0     1                 
2000086c 2000086c        0     1                 
2000086e 2000086e        0     1                 
20000880 20000880        0     1                 
20000880 20000880        0     1                 
20000884 20000884        0     1                 
20000884 20000884        0     1                 
20000886 20000886        0     1                 
20000886 20000886        0     1                 
2000088a 2000088a        0     1                 
20000890 20000890        0     1                 
20000894 20000894        0     1                 
20000898 20000898        0     1                 
2000089c 2000089c        0     1                 
2000089c 2000089c        0     1                 
200008a0 200008a0        0     1                 
200008a0 200008a0        0     1                 
200008a4 200008a4        0     1                 
200008a6 200008a6        0     1                 
200008a8 200008a8        0     1                 
200008ac 200008ac        0     1                 
200008ac 200008ac        0     1                 
200008ac 200008ac       18     2         lto.tmp:(.text.aes_set_multireg)
200008ac 200008ac       18     1                 aes_set_multireg
200008ac 200008ac        0     1                 
200008ac 200008ac        0     1                 
200008ac 200008ac        0     1                 
200008ae 200008ae        0     1                 
200008ae 200008ae        0     1                 
200008b0 200008b0        0     1                 
200008b0 200008b0        0     1                 
200008b2 200008b2        0     1                 
200008b4 200008b4        0     1                 
200008b4 200008b4        0     1                 
200008b8 200008b8        0     1                 
200008b8 200008b8        0     1                 
200008ba 200008ba        0     1                 
200008ba 200008ba        0     1                 
200008c0 200008c0        0     1                 
200008c2 200008c2        0     1                 
200008c2 200008c2        0     1                 
200008c4 200008c4        0     1                 
200008c4 200008c4        0     1                 
200008c4 200008c4       2a     2         lto.tmp:(.text.dif_aes_end)
200008c4 200008c4       2a     1                 dif_aes_end
200008c4 200008c4        0     1                 
200008c4 200008c4        0     1                 
200008c4 200008c4        0     1                 
200008c6 200008c6        0     1                 
200008c6 200008c6        0     1                 
200008c8 200008c8        0     1                 
200008ca 200008ca        0     1                 
200008ca 200008ca        0     1                 
200008cc 200008cc        0     1                 
200008cc 200008cc        0     1                 
200008d0 200008d0        0     1                 
200008d0 200008d0        0     1                 
200008d6 200008d6        0     1                 
200008d6 200008d6        0     1                 
200008d8 200008d8        0     1                 
200008e0 200008e0        0     1                 
200008e0 200008e0        0     1                 
200008e4 200008e4        0     1                 
200008e6 200008e6        0     1                 
200008e6 200008e6        0     1                 
200008ea 200008ea        0     1                 
200008ee 200008ee        0     1                 
200008ee 200008ee        0     1                 
200008ee 200008ee       30     2         lto.tmp:(.text.dif_aes_load_data)
200008ee 200008ee       30     1                 dif_aes_load_data
200008ee 200008ee        0     1                 
200008ee 200008ee        0     1                 
200008ee 200008ee        0     1                 
200008f0 200008f0        0     1                 
200008f0 200008f0        0     1                 
200008f2 200008f2        0     1                 
200008f4 200008f4        0     1                 
200008f4 200008f4        0     1                 
200008f6 200008f6        0     1                 
200008f6 200008f6        0     1                 
200008fa 200008fa        0     1                 
200008fa 200008fa        0     1                 
20000900 20000900        0     1                 
20000900 20000900        0     1                 
20000902 20000902        0     1                 
20000910 20000910        0     1                 
20000910 20000910        0     1                 
20000914 20000914        0     1                 
20000916 20000916        0     1                 
20000916 20000916        0     1                 
2000091a 2000091a        0     1                 
2000091e 2000091e        0     1                 
2000091e 2000091e        0     1                 
2000091e 2000091e       3a     2         lto.tmp:(.text.dif_aes_read_output)
2000091e 2000091e       3a     1                 dif_aes_read_output
2000091e 2000091e        0     1                 
2000091e 2000091e        0     1                 
2000091e 2000091e        0     1                 
2000091e 2000091e        0     1                 
20000926 20000926        0     1                 
2000092c 2000092c        0     1                 
2000092c 2000092c        0     1                 
2000092e 2000092e        0     1                 
2000092e 2000092e        0     1                 
20000932 20000932        0     1                 
20000932 20000932        0     1                 
20000938 20000938        0     1                 
20000938 20000938        0     1                 
2000093a 2000093a        0     1                 
2000093e 2000093e        0     1                 
2000093e 2000093e        0     1                 
20000944 20000944        0     1                 
20000944 20000944        0     1                 
20000946 20000946        0     1                 
20000946 20000946        0     1                 
20000948 20000948        0     1                 
2000094a 2000094a        0     1                 
2000094a 2000094a        0     1                 
2000094c 2000094c        0     1                 
2000094c 2000094c        0     1                 
20000952 20000952        0     1                 
20000952 20000952        0     1                 
20000954 20000954        0     1                 
20000956 20000956        0     1                 
20000958 20000958        0     1                 
20000958 20000958        0     1                 
20000958 20000958      860     2         lto.tmp:(.text._ottf_main)
20000958 20000958        0     1                 
20000958 20000958        0     1                 
20000958 20000958        0     1                 
20000958 20000958      860     1                 _ottf_main
2000095a 2000095a        0     1                 
2000096c 2000096c        0     1                 
20000972 20000972        0     1                 
2000097a 2000097a        0     1                 
2000097a 2000097a        0     1                 .Lpcrel_hi1
2000097a 2000097a        0     1                 
20000982 20000982        0     1                 .Lpcrel_hi2
20000996 20000996        0     1                 
20000996 20000996        0     1                 
2000099e 2000099e        0     1                 
200009a2 200009a2        0     1                 
200009a2 200009a2        0     1                 .Lpcrel_hi3
200009a2 200009a2        0     1                 
200009a6 200009a6        0     1                 
200009ac 200009ac        0     1                 .Lpcrel_hi4
200009b4 200009b4        0     1                 
200009cc 200009cc        0     1                 
200009cc 200009cc        0     1                 
200009d2 200009d2        0     1                 
200009d2 200009d2        0     1                 
200009da 200009da        0     1                 
200009da 200009da        0     1                 
200009e0 200009e0        0     1                 
200009e2 200009e2        0     1                 
200009e2 200009e2        0     1                 
200009e4 200009e4        0     1                 
200009e4 200009e4        0     1                 
200009e8 200009e8        0     1                 
200009ec 200009ec        0     1                 
200009ee 200009ee        0     1                 
200009f0 200009f0        0     1                 
200009f0 200009f0        0     1                 .Lpcrel_hi5
200009f0 200009f0        0     1                 
20000a02 20000a02        0     1                 
20000a02 20000a02        0     1                 .Lpcrel_hi6
20000a02 20000a02        0     1                 
20000a18 20000a18        0     1                 
20000a18 20000a18        0     1                 
20000a20 20000a20        0     1                 
20000a20 20000a20        0     1                 
20000a22 20000a22        0     1                 
20000a28 20000a28        0     1                 
20000a30 20000a30        0     1                 
20000a30 20000a30        0     1                 .Lpcrel_hi7
20000a30 20000a30        0     1                 
20000a62 20000a62        0     1                 
20000a62 20000a62        0     1                 
20000a68 20000a68        0     1                 
20000a6a 20000a6a        0     1                 
20000a6a 20000a6a        0     1                 
20000a74 20000a74        0     1                 
20000a74 20000a74        0     1                 
20000a7a 20000a7a        0     1                 
20000a7a 20000a7a        0     1                 
20000a7c 20000a7c        0     1                 
20000a7c 20000a7c        0     1                 
20000a7e 20000a7e        0     1                 
20000a7e 20000a7e        0     1                 .Lpcrel_hi8
20000a7e 20000a7e        0     1                 
20000a92 20000a92        0     1                 
20000a92 20000a92        0     1                 
20000a94 20000a94        0     1                 .Lpcrel_hi9
20000a9c 20000a9c        0     1                 .Lpcrel_hi10
20000aa8 20000aa8        0     1                 
20000aa8 20000aa8        0     1                 
20000aaa 20000aaa        0     1                 
20000aaa 20000aaa        0     1                 
20000aae 20000aae        0     1                 
20000ab2 20000ab2        0     1                 
20000ab4 20000ab4        0     1                 
20000ab8 20000ab8        0     1                 
20000ab8 20000ab8        0     1                 
20000aba 20000aba        0     1                 
20000ac0 20000ac0        0     1                 
20000ac0 20000ac0        0     1                 
20000ac2 20000ac2        0     1                 
20000ac2 20000ac2        0     1                 .Lpcrel_hi11
20000ac2 20000ac2        0     1                 
20000ada 20000ada        0     1                 
20000ada 20000ada        0     1                 
20000ade 20000ade        0     1                 .Lpcrel_hi12
20000af2 20000af2        0     1                 
20000af2 20000af2        0     1                 
20000afa 20000afa        0     1                 
20000afa 20000afa        0     1                 
20000b04 20000b04        0     1                 
20000b04 20000b04        0     1                 
20000b0c 20000b0c        0     1                 
20000b0c 20000b0c        0     1                 
20000b0e 20000b0e        0     1                 
20000b0e 20000b0e        0     1                 
20000b12 20000b12        0     1                 
20000b12 20000b12        0     1                 
20000b14 20000b14        0     1                 
20000b14 20000b14        0     1                 
20000b16 20000b16        0     1                 
20000b16 20000b16        0     1                 
20000b26 20000b26        0     1                 
20000b26 20000b26        0     1                 
20000b2c 20000b2c        0     1                 
20000b2c 20000b2c        0     1                 
20000b2e 20000b2e        0     1                 
20000b2e 20000b2e        0     1                 
20000b32 20000b32        0     1                 
20000b32 20000b32        0     1                 
20000b42 20000b42        0     1                 
20000b44 20000b44        0     1                 .Lpcrel_hi13
20000b44 20000b44        0     1                 
20000b54 20000b54        0     1                 
20000b54 20000b54        0     1                 
20000b60 20000b60        0     1                 
20000b64 20000b64        0     1                 
20000b64 20000b64        0     1                 .Lpcrel_hi14
20000b64 20000b64        0     1                 
20000b78 20000b78        0     1                 
20000b78 20000b78        0     1                 
20000b7e 20000b7e        0     1                 
20000b86 20000b86        0     1                 
20000b86 20000b86        0     1                 .Lpcrel_hi15
20000b86 20000b86        0     1                 
20000b9a 20000b9a        0     1                 
20000b9a 20000b9a        0     1                 
20000ba2 20000ba2        0     1                 
20000ba2 20000ba2        0     1                 
20000bac 20000bac        0     1                 
20000bac 20000bac        0     1                 
20000bb4 20000bb4        0     1                 
20000bb4 20000bb4        0     1                 
20000bb6 20000bb6        0     1                 
20000bb6 20000bb6        0     1                 
20000bba 20000bba        0     1                 
20000bba 20000bba        0     1                 
20000bbc 20000bbc        0     1                 
20000bbc 20000bbc        0     1                 
20000bbe 20000bbe        0     1                 
20000bbe 20000bbe        0     1                 
20000bce 20000bce        0     1                 
20000bce 20000bce        0     1                 
20000bd4 20000bd4        0     1                 
20000bd4 20000bd4        0     1                 
20000bd6 20000bd6        0     1                 
20000bd6 20000bd6        0     1                 
20000bda 20000bda        0     1                 
20000bda 20000bda        0     1                 
20000bea 20000bea        0     1                 
20000bec 20000bec        0     1                 .Lpcrel_hi16
20000bec 20000bec        0     1                 
20000bfc 20000bfc        0     1                 
20000bfc 20000bfc        0     1                 
20000c04 20000c04        0     1                 
20000c04 20000c04        0     1                 
20000c0e 20000c0e        0     1                 
20000c0e 20000c0e        0     1                 
20000c16 20000c16        0     1                 
20000c16 20000c16        0     1                 
20000c18 20000c18        0     1                 
20000c18 20000c18        0     1                 
20000c1c 20000c1c        0     1                 
20000c1c 20000c1c        0     1                 
20000c1e 20000c1e        0     1                 
20000c1e 20000c1e        0     1                 
20000c22 20000c22        0     1                 
20000c22 20000c22        0     1                 
20000c32 20000c32        0     1                 
20000c32 20000c32        0     1                 
20000c38 20000c38        0     1                 
20000c38 20000c38        0     1                 
20000c3a 20000c3a        0     1                 
20000c3a 20000c3a        0     1                 
20000c3e 20000c3e        0     1                 
20000c3e 20000c3e        0     1                 
20000c4e 20000c4e        0     1                 
20000c50 20000c50        0     1                 .Lpcrel_hi17
20000c50 20000c50        0     1                 
20000c5e 20000c5e        0     1                 
20000c5e 20000c5e        0     1                 
20000c68 20000c68        0     1                 
20000c68 20000c68        0     1                 
20000c6c 20000c6c        0     1                 
20000c6c 20000c6c        0     1                 .Lpcrel_hi19
20000c6c 20000c6c        0     1                 
20000c70 20000c70        0     1                 
20000c76 20000c76        0     1                 .Lpcrel_hi20
20000c7e 20000c7e        0     1                 
20000c96 20000c96        0     1                 
20000c96 20000c96        0     1                 
20000c9c 20000c9c        0     1                 
20000c9c 20000c9c        0     1                 
20000ca4 20000ca4        0     1                 
20000ca4 20000ca4        0     1                 
20000cac 20000cac        0     1                 
20000cac 20000cac        0     1                 
20000cb6 20000cb6        0     1                 
20000cb6 20000cb6        0     1                 
20000cbe 20000cbe        0     1                 
20000cbe 20000cbe        0     1                 
20000cc0 20000cc0        0     1                 
20000cc0 20000cc0        0     1                 
20000cc4 20000cc4        0     1                 
20000cc4 20000cc4        0     1                 
20000cc6 20000cc6        0     1                 
20000cc6 20000cc6        0     1                 
20000cc8 20000cc8        0     1                 
20000cc8 20000cc8        0     1                 
20000cd8 20000cd8        0     1                 
20000cd8 20000cd8        0     1                 
20000cde 20000cde        0     1                 
20000cde 20000cde        0     1                 
20000ce0 20000ce0        0     1                 
20000ce0 20000ce0        0     1                 
20000ce4 20000ce4        0     1                 
20000ce4 20000ce4        0     1                 
20000cf4 20000cf4        0     1                 
20000cf6 20000cf6        0     1                 .Lpcrel_hi21
20000cf6 20000cf6        0     1                 
20000d06 20000d06        0     1                 
20000d06 20000d06        0     1                 .Lpcrel_hi22
20000d06 20000d06        0     1                 
20000d1a 20000d1a        0     1                 
20000d1a 20000d1a        0     1                 
20000d26 20000d26        0     1                 
20000d2a 20000d2a        0     1                 
20000d2a 20000d2a        0     1                 .Lpcrel_hi23
20000d2a 20000d2a        0     1                 
20000d3e 20000d3e        0     1                 
20000d3e 20000d3e        0     1                 
20000d44 20000d44        0     1                 
20000d4c 20000d4c        0     1                 
20000d4c 20000d4c        0     1                 
20000d56 20000d56        0     1                 
20000d5a 20000d5a        0     1                 
20000d5a 20000d5a        0     1                 .Lpcrel_hi24
20000d5a 20000d5a        0     1                 
20000d6e 20000d6e        0     1                 
20000d6e 20000d6e        0     1                 
20000d74 20000d74        0     1                 
20000d7c 20000d7c        0     1                 
20000d7c 20000d7c        0     1                 .Lpcrel_hi25
20000d7c 20000d7c        0     1                 
20000d94 20000d94        0     1                 
20000d9c 20000d9c        0     1                 
20000da0 20000da0        0     1                 
20000da2 20000da2        0     1                 
20000da6 20000da6        0     1                 .Lpcrel_hi26
20000da6 20000da6        0     1                 
20000db0 20000db0        0     1                 .Lpcrel_hi27
20000dc2 20000dc2        0     1                 
20000dc2 20000dc2        0     1                 
20000dc6 20000dc6        0     1                 .Lpcrel_hi28
20000dd0 20000dd0        0     1                 
20000dd0 20000dd0        0     1                 
20000dd4 20000dd4        0     1                 
20000ddc 20000ddc        0     1                 
20000ddc 20000ddc        0     1                 
20000de4 20000de4        0     1                 
20000de4 20000de4        0     1                 
20000de6 20000de6        0     1                 
20000dea 20000dea        0     1                 
20000dea 20000dea        0     1                 .Lpcrel_hi29
20000dea 20000dea        0     1                 
20000e02 20000e02        0     1                 
20000e02 20000e02        0     1                 
20000e0a 20000e0a        0     1                 
20000e0a 20000e0a        0     1                 
20000e0c 20000e0c        0     1                 
20000e12 20000e12        0     1                 
20000e1a 20000e1a        0     1                 
20000e1a 20000e1a        0     1                 
20000e1c 20000e1c        0     1                 
20000e1e 20000e1e        0     1                 
20000e1e 20000e1e        0     1                 
20000e2a 20000e2a        0     1                 
20000e2e 20000e2e        0     1                 
20000e2e 20000e2e        0     1                 .Lpcrel_hi30
20000e2e 20000e2e        0     1                 
20000e42 20000e42        0     1                 
20000e42 20000e42        0     1                 
20000e48 20000e48        0     1                 
20000e50 20000e50        0     1                 
20000e50 20000e50        0     1                 
20000e58 20000e58        0     1                 
20000e58 20000e58        0     1                 
20000e62 20000e62        0     1                 
20000e62 20000e62        0     1                 
20000e6a 20000e6a        0     1                 
20000e6a 20000e6a        0     1                 
20000e6c 20000e6c        0     1                 
20000e6c 20000e6c        0     1                 
20000e70 20000e70        0     1                 
20000e70 20000e70        0     1                 
20000e72 20000e72        0     1                 
20000e72 20000e72        0     1                 
20000e74 20000e74        0     1                 
20000e74 20000e74        0     1                 
20000e84 20000e84        0     1                 
20000e84 20000e84        0     1                 
20000e8a 20000e8a        0     1                 
20000e8a 20000e8a        0     1                 
20000e8c 20000e8c        0     1                 
20000e8c 20000e8c        0     1                 
20000e90 20000e90        0     1                 
20000e90 20000e90        0     1                 
20000ea0 20000ea0        0     1                 
20000ea2 20000ea2        0     1                 .Lpcrel_hi31
20000ea2 20000ea2        0     1                 
20000eb2 20000eb2        0     1                 
20000eb2 20000eb2        0     1                 
20000ece 20000ece        0     1                 
20000ed2 20000ed2        0     1                 
20000ed2 20000ed2        0     1                 .Lpcrel_hi32
20000ed2 20000ed2        0     1                 
20000ee6 20000ee6        0     1                 
20000ee6 20000ee6        0     1                 
20000eec 20000eec        0     1                 
20000ef4 20000ef4        0     1                 
20000ef4 20000ef4        0     1                 
20000efc 20000efc        0     1                 
20000efc 20000efc        0     1                 
20000f06 20000f06        0     1                 
20000f06 20000f06        0     1                 
20000f0e 20000f0e        0     1                 
20000f0e 20000f0e        0     1                 
20000f10 20000f10        0     1                 
20000f10 20000f10        0     1                 
20000f14 20000f14        0     1                 
20000f14 20000f14        0     1                 
20000f16 20000f16        0     1                 
20000f16 20000f16        0     1                 
20000f1a 20000f1a        0     1                 
20000f1a 20000f1a        0     1                 
20000f2a 20000f2a        0     1                 
20000f2a 20000f2a        0     1                 
20000f30 20000f30        0     1                 
20000f30 20000f30        0     1                 
20000f32 20000f32        0     1                 
20000f32 20000f32        0     1                 
20000f36 20000f36        0     1                 
20000f36 20000f36        0     1                 
20000f46 20000f46        0     1                 
20000f48 20000f48        0     1                 .Lpcrel_hi33
20000f48 20000f48        0     1                 
20000f56 20000f56        0     1                 
20000f56 20000f56        0     1                 
20000f60 20000f60        0     1                 
20000f60 20000f60        0     1                 
20000f64 20000f64        0     1                 
20000f6a 20000f6a        0     1                 
20000f6a 20000f6a        0     1                 .Lpcrel_hi41
20000f6a 20000f6a        0     1                 
20000f7e 20000f7e        0     1                 
20000f7e 20000f7e        0     1                 .Lpcrel_hi42
20000f7e 20000f7e        0     1                 
20000f86 20000f86        0     1                 
20000f86 20000f86        0     1                 
20000f88 20000f88        0     1                 
20000f8c 20000f8c        0     1                 
20000f8c 20000f8c        0     1                 
20000f8e 20000f8e        0     1                 .Lpcrel_hi43
20000f96 20000f96        0     1                 .Lpcrel_hi44
20000fa2 20000fa2        0     1                 
20000fa2 20000fa2        0     1                 
20000fa6 20000fa6        0     1                 
20000faa 20000faa        0     1                 
20000fc2 20000fc2        0     1                 
20000fce 20000fce        0     1                 
20000fce 20000fce        0     1                 
20000fd2 20000fd2        0     1                 
20000fd2 20000fd2        0     1                 
20000fd4 20000fd4        0     1                 
20000fd6 20000fd6        0     1                 
20000fde 20000fde        0     1                 
20000fe2 20000fe2        0     1                 .Lpcrel_hi45
20000fe2 20000fe2        0     1                 
20000ff6 20000ff6        0     1                 
20000ff6 20000ff6        0     1                 
20001000 20001000        0     1                 
20001000 20001000        0     1                 
20001004 20001004        0     1                 
20001008 20001008        0     1                 
2000100a 2000100a        0     1                 
2000100c 2000100c        0     1                 .Lpcrel_hi46
2000100c 2000100c        0     1                 
2000101e 2000101e        0     1                 
2000101e 2000101e        0     1                 .Lpcrel_hi47
2000101e 2000101e        0     1                 
2000103c 2000103c        0     1                 
2000103c 2000103c        0     1                 
20001044 20001044        0     1                 
20001044 20001044        0     1                 
20001046 20001046        0     1                 
2000104c 2000104c        0     1                 
20001054 20001054        0     1                 
20001054 20001054        0     1                 
20001066 20001066        0     1                 
2000106a 2000106a        0     1                 
2000106a 2000106a        0     1                 
20001086 20001086        0     1                 
2000108c 2000108c        0     1                 
2000108c 2000108c        0     1                 .Lpcrel_hi18
2000108c 2000108c        0     1                 
200010a0 200010a0        0     1                 
200010a0 200010a0        0     1                 
200010a6 200010a6        0     1                 
200010ae 200010ae        0     1                 
200010ae 200010ae        0     1                 
200010b2 200010b2        0     1                 
200010b2 200010b2        0     1                 
200010be 200010be        0     1                 
200010c2 200010c2        0     1                 
200010c2 200010c2        0     1                 .Lpcrel_hi34
200010c2 200010c2        0     1                 
200010d6 200010d6        0     1                 
200010d6 200010d6        0     1                 
200010dc 200010dc        0     1                 
200010e4 200010e4        0     1                 
200010e4 200010e4        0     1                 
200010ee 200010ee        0     1                 
200010f2 200010f2        0     1                 
200010f2 200010f2        0     1                 .Lpcrel_hi35
200010f2 200010f2        0     1                 
20001106 20001106        0     1                 
20001106 20001106        0     1                 
2000110c 2000110c        0     1                 
20001114 20001114        0     1                 
20001114 20001114        0     1                 .Lpcrel_hi36
20001114 20001114        0     1                 
2000112c 2000112c        0     1                 
20001134 20001134        0     1                 
20001138 20001138        0     1                 
2000113a 2000113a        0     1                 
2000113e 2000113e        0     1                 .Lpcrel_hi37
2000113e 2000113e        0     1                 
20001148 20001148        0     1                 .Lpcrel_hi38
2000115a 2000115a        0     1                 
2000115a 2000115a        0     1                 
2000115e 2000115e        0     1                 .Lpcrel_hi39
20001168 20001168        0     1                 
20001168 20001168        0     1                 
2000116c 2000116c        0     1                 
20001174 20001174        0     1                 
20001174 20001174        0     1                 
2000117c 2000117c        0     1                 
2000117c 2000117c        0     1                 
2000117e 2000117e        0     1                 
20001182 20001182        0     1                 
20001182 20001182        0     1                 .Lpcrel_hi40
20001182 20001182        0     1                 
2000119a 2000119a        0     1                 
2000119a 2000119a        0     1                 
200011a2 200011a2        0     1                 
200011a2 200011a2        0     1                 
200011a6 200011a6        0     1                 
200011ac 200011ac        0     1                 
200011b4 200011b4        0     1                 
200011b4 200011b4        0     1                 
200011b8 200011b8        0     1                 
200011b8 200011b8        0     1                 
200011b8 200011b8        0     1                 
200011b8 200011b8       30     2         lto.tmp:(.text.vApplicationStackOverflowHook)
200011b8 200011b8       30     1                 vApplicationStackOverflowHook
200011b8 200011b8        0     1                 
200011b8 200011b8        0     1                 
200011b8 200011b8        0     1                 
200011ba 200011ba        0     1                 
200011bc 200011bc        0     1                 
200011be 200011be        0     1                 
200011be 200011be        0     1                 .Lpcrel_hi48
200011be 200011be        0     1                 
200011c6 200011c6        0     1                 .Lpcrel_hi49
200011da 200011da        0     1                 
200011da 200011da        0     1                 
200011dc 200011dc        0     1                 
200011dc 200011dc        0     1                 
200011e0 200011e0        0     1                 
200011e0 200011e0        0     1                 
200011e8 200011e8        0     1                 
200011e8 200011e8        0     1                 
200011e8 200011e8        0     1                 
200011e8 200011e8      11a     2         lto.tmp:(.text.ottf_generic_fault_print)
200011e8 200011e8      11a     1                 ottf_generic_fault_print
200011e8 200011e8        0     1                 
200011e8 200011e8        0     1                 
200011e8 200011e8        0     1                 
200011f0 200011f0        0     1                 
200011f0 200011f0        0     1                 
200011f2 200011f2        0     1                 
200011f6 200011f6        0     1                 
200011f6 200011f6        0     1                 
200011fa 200011fa        0     1                 
200011fa 200011fa        0     1                 
200011fc 200011fc        0     1                 
200011fe 200011fe        0     1                 
200011fe 200011fe        0     1                 
20001200 20001200        0     1                 
20001200 20001200        0     1                 
20001202 20001202        0     1                 
20001202 20001202        0     1                 .Lpcrel_hi50
20001202 20001202        0     1                 
20001214 20001214        0     1                 
20001214 20001214        0     1                 
20001216 20001216        0     1                 .Lpcrel_hi51
20001220 20001220        0     1                 .Lpcrel_hi52
20001228 20001228        0     1                 .Lpcrel_hi53
20001232 20001232        0     1                 
20001232 20001232        0     1                 
20001236 20001236        0     1                 
20001236 20001236        0     1                 
2000123a 2000123a        0     1                 
2000123c 2000123c        0     1                 
20001246 20001246        0     1                 
20001246 20001246        0     1                 
2000124a 2000124a        0     1                 
2000124a 2000124a        0     1                 
2000124c 2000124c        0     1                 
20001256 20001256        0     1                 
20001256 20001256        0     1                 
20001258 20001258        0     1                 
2000125c 2000125c        0     1                 
20001260 20001260        0     1                 
20001260 20001260        0     1                 
20001264 20001264        0     1                 
20001264 20001264        0     1                 .Lpcrel_hi54
20001264 20001264        0     1                 
20001274 20001274        0     1                 
20001274 20001274        0     1                 .Lpcrel_hi55
20001274 20001274        0     1                 
20001284 20001284        0     1                 
20001284 20001284        0     1                 
20001290 20001290        0     1                 .Lpcrel_hi56
20001298 20001298        0     1                 .Lpcrel_hi57
200012a0 200012a0        0     1                 .Lpcrel_hi58
200012a8 200012a8        0     1                 
200012a8 200012a8        0     1                 
200012b2 200012b2        0     1                 
200012b2 200012b2        0     1                 
200012b4 200012b4        0     1                 
200012b4 200012b4        0     1                 
200012c0 200012c0        0     1                 
200012c4 200012c4        0     1                 
200012ce 200012ce        0     1                 
200012ce 200012ce        0     1                 
200012d0 200012d0        0     1                 
200012d2 200012d2        0     1                 
200012d2 200012d2        0     1                 .Lpcrel_hi59
200012d2 200012d2        0     1                 
200012da 200012da        0     1                 .Lpcrel_hi60
200012f6 200012f6        0     1                 
200012f8 200012f8        0     1                 
20001302 20001302        0     1                 
20001302 20001302        0     1                 
20001302 20001302        0     1                 
20001302 20001302       c8     2         lto.tmp:(.text.ottf_exception_handler)
20001302 20001302        0     1                 
20001302 20001302        0     1                 
20001302 20001302        0     1                 
20001302 20001302        0     1                 
20001302 20001302       c8     1                 ottf_exception_handler
20001306 20001306        0     1                 
20001306 20001306        0     1                 
20001308 20001308        0     1                 
20001308 20001308        0     1                 
2000130a 2000130a        0     1                 
2000130e 2000130e        0     1                 .Lpcrel_hi61
2000130e 2000130e        0     1                 
2000131e 2000131e        0     1                 
2000131e 2000131e        0     1                 .LBB9_2
2000131e 2000131e        0     1                 .Lpcrel_hi62
2000131e 2000131e        0     1                 
20001322 20001322        0     1                 
20001326 20001326        0     1                 
20001328 20001328        0     1                 
20001328 20001328        0     1                 .Lpcrel_hi63
20001328 20001328        0     1                 
20001330 20001330        0     1                 
20001332 20001332        0     1                 .Lpcrel_hi64
20001332 20001332        0     1                 
2000133c 2000133c        0     1                 
2000133c 2000133c        0     1                 
2000133e 2000133e        0     1                 .Lpcrel_hi68
2000133e 2000133e        0     1                 
2000133e 2000133e        0     1                 
20001346 20001346        0     1                 .Lpcrel_hi69
2000135a 2000135a        0     1                 
2000135a 2000135a        0     1                 .Lpcrel_hi65
2000135a 2000135a        0     1                 
20001362 20001362        0     1                 
2000136e 2000136e        0     1                 
20001372 20001372        0     1                 
20001372 20001372        0     1                 .Lpcrel_hi66
20001372 20001372        0     1                 
20001382 20001382        0     1                 
20001382 20001382        0     1                 
20001386 20001386        0     1                 
20001386 20001386        0     1                 .Lpcrel_hi67
20001396 20001396        0     1                 
2000139a 2000139a        0     1                 
200013a0 200013a0        0     1                 
200013a2 200013a2        0     1                 
200013a4 200013a4        0     1                 
200013a6 200013a6        0     1                 
200013ac 200013ac        0     1                 
200013ac 200013ac        0     1                 
200013ae 200013ae        0     1                 .LBB9_10
200013ae 200013ae        0     1                 
200013ae 200013ae        0     1                 
200013b6 200013b6        0     1                 
200013b6 200013b6        0     1                 
200013ca 200013ca        0     1                 
200013ca 200013ca        0     1                 
200013ca 200013ca        0     1                 
200013ca 200013ca       2a     2         lto.tmp:(.text.generic_fault_handler)
200013ca 200013ca       2a     1                 generic_fault_handler
200013ca 200013ca        0     1                 
200013ca 200013ca        0     1                 
200013ca 200013ca        0     1                 
200013cc 200013cc        0     1                 
200013cc 200013cc        0     1                 
200013cc 200013cc        0     1                 
200013ce 200013ce        0     1                 
200013d2 200013d2        0     1                 
200013d2 200013d2        0     1                 
200013d6 200013d6        0     1                 .Lpcrel_hi70
200013d6 200013d6        0     1                 
200013e4 200013e4        0     1                 
200013ec 200013ec        0     1                 
200013ec 200013ec        0     1                 
200013f4 200013f4        0     1                 
200013f4 200013f4        0     1                 
200013f4 200013f4        0     1                 
200013f4 200013f4       20     2         lto.tmp:(.text.ottf_software_isr)
200013f4 200013f4        0     1                 
200013f4 200013f4        0     1                 
200013f4 200013f4        0     1                 
200013f4 200013f4       20     1                 ottf_software_isr
200013f6 200013f6        0     1                 
200013f6 200013f6        0     1                 
200013f6 200013f6        0     1                 
200013f8 200013f8        0     1                 
200013fc 200013fc        0     1                 
200013fc 200013fc        0     1                 .Lpcrel_hi71
200013fc 200013fc        0     1                 
2000140c 2000140c        0     1                 
2000140c 2000140c        0     1                 
20001414 20001414        0     1                 
20001414 20001414        0     1                 
20001414 20001414        0     1                 
20001414 20001414       20     2         lto.tmp:(.text.ottf_timer_isr)
20001414 20001414        0     1                 
20001414 20001414        0     1                 
20001414 20001414        0     1                 
20001414 20001414       20     1                 ottf_timer_isr
20001416 20001416        0     1                 
20001416 20001416        0     1                 
20001416 20001416        0     1                 
20001418 20001418        0     1                 
2000141c 2000141c        0     1                 
2000141c 2000141c        0     1                 .Lpcrel_hi72
2000141c 2000141c        0     1                 
2000142c 2000142c        0     1                 
2000142c 2000142c        0     1                 
20001434 20001434        0     1                 
20001434 20001434        0     1                 
20001434 20001434        0     1                 
20001434 20001434      19a     2         lto.tmp:(.text.ottf_external_isr)
20001434 20001434        0     1                 
20001434 20001434        0     1                 
20001434 20001434        0     1                 
20001434 20001434      19a     1                 ottf_external_isr
2000143c 2000143c        0     1                 
2000143c 2000143c        0     1                 
20001440 20001440        0     1                 
20001440 20001440        0     1                 
20001442 20001442        0     1                 
20001442 20001442        0     1                 
20001448 20001448        0     1                 
20001448 20001448        0     1                 
2000144c 2000144c        0     1                 
2000144c 2000144c        0     1                 
20001452 20001452        0     1                 
20001456 20001456        0     1                 
20001456 20001456        0     1                 
2000145c 2000145c        0     1                 
2000145e 2000145e        0     1                 
20001460 20001460        0     1                 .Lpcrel_hi74
20001464 20001464        0     1                 .Lpcrel_hi75
20001470 20001470        0     1                 .Lpcrel_hi76
20001474 20001474        0     1                 .Lpcrel_hi77
2000147c 2000147c        0     1                 .Lpcrel_hi78
20001484 20001484        0     1                 .Lpcrel_hi79
20001494 20001494        0     1                 
20001494 20001494        0     1                 
20001498 20001498        0     1                 
2000149c 2000149c        0     1                 
2000149c 2000149c        0     1                 
200014a4 200014a4        0     1                 
200014a4 200014a4        0     1                 
200014a8 200014a8        0     1                 
200014a8 200014a8        0     1                 
200014ac 200014ac        0     1                 
200014ac 200014ac        0     1                 
200014b0 200014b0        0     1                 
200014b4 200014b4        0     1                 
200014b4 200014b4        0     1                 
200014b6 200014b6        0     1                 
200014b6 200014b6        0     1                 
200014ba 200014ba        0     1                 
200014ba 200014ba        0     1                 
200014be 200014be        0     1                 
200014be 200014be        0     1                 
200014c0 200014c0        0     1                 
200014c4 200014c4        0     1                 
200014c4 200014c4        0     1                 
200014cc 200014cc        0     1                 
200014d2 200014d2        0     1                 
200014d4 200014d4        0     1                 
200014d4 200014d4        0     1                 
200014d6 200014d6        0     1                 
200014d6 200014d6        0     1                 
200014dc 200014dc        0     1                 
200014e4 200014e4        0     1                 
200014e4 200014e4        0     1                 
200014ee 200014ee        0     1                 
200014ee 200014ee        0     1                 
200014f0 200014f0        0     1                 
200014f2 200014f2        0     1                 
200014f2 200014f2        0     1                 
200014f8 200014f8        0     1                 
200014fe 200014fe        0     1                 
200014fe 200014fe        0     1                 
20001502 20001502        0     1                 
20001508 20001508        0     1                 
20001508 20001508        0     1                 
20001512 20001512        0     1                 
20001512 20001512        0     1                 
20001514 20001514        0     1                 
20001514 20001514        0     1                 
2000151c 2000151c        0     1                 
2000151c 2000151c        0     1                 
20001520 20001520        0     1                 
20001520 20001520        0     1                 
20001524 20001524        0     1                 
20001524 20001524        0     1                 .Lpcrel_hi73
20001532 20001532        0     1                 
20001532 20001532        0     1                 .Lpcrel_hi81
20001532 20001532        0     1                 
2000153a 2000153a        0     1                 .Lpcrel_hi82
2000154e 2000154e        0     1                 
2000154e 2000154e        0     1                 
20001552 20001552        0     1                 
20001552 20001552        0     1                 .Lpcrel_hi83
20001552 20001552        0     1                 
20001564 20001564        0     1                 
20001564 20001564        0     1                 
2000156c 2000156c        0     1                 
2000156c 2000156c        0     1                 
2000156e 2000156e        0     1                 .Lpcrel_hi80
20001578 20001578        0     1                 
20001578 20001578        0     1                 
2000157e 2000157e        0     1                 
2000157e 2000157e        0     1                 
20001582 20001582        0     1                 
20001582 20001582        0     1                 
20001586 20001586        0     1                 
2000158a 2000158a        0     1                 
2000158c 2000158c        0     1                 
2000158c 2000158c        0     1                 
20001594 20001594        0     1                 
2000159c 2000159c        0     1                 
2000159e 2000159e        0     1                 
200015a4 200015a4        0     1                 
200015a4 200015a4        0     1                 
200015a6 200015a6        0     1                 
200015b4 200015b4        0     1                 
200015b4 200015b4        0     1                 
200015b6 200015b6        0     1                 
200015b8 200015b8        0     1                 
200015be 200015be        0     1                 
200015c6 200015c6        0     1                 
200015c6 200015c6        0     1                 
200015ce 200015ce        0     1                 
200015ce 200015ce        0     1                 
200015ce 200015ce        0     1                 
200015ce 200015ce       18     2         lto.tmp:(.text.ottf_internal_isr)
200015ce 200015ce        0     1                 
200015ce 200015ce        0     1                 
200015ce 200015ce        0     1                 
200015ce 200015ce        0     1                 
200015ce 200015ce       18     1                 ottf_internal_isr
200015d2 200015d2        0     1                 
200015d2 200015d2        0     1                 
200015d8 200015d8        0     1                 
200015d8 200015d8        0     1                 
200015dc 200015dc        0     1                 
200015dc 200015dc        0     1                 
200015e6 200015e6        0     1                 
200015e6 200015e6        0     1                 
200015e6 200015e6        0     1                 
200015e6 200015e6       20     2         lto.tmp:(.text.generic_internal_irq_handler)
200015e6 200015e6       20     1                 generic_internal_irq_handler
200015e6 200015e6        0     1                 
200015e6 200015e6        0     1                 
200015e6 200015e6        0     1                 
200015e8 200015e8        0     1                 
200015e8 200015e8        0     1                 
200015e8 200015e8        0     1                 
200015ea 200015ea        0     1                 
200015ee 200015ee        0     1                 
200015ee 200015ee        0     1                 .Lpcrel_hi84
200015ee 200015ee        0     1                 
200015fe 200015fe        0     1                 
200015fe 200015fe        0     1                 
20001606 20001606        0     1                 
20001606 20001606        0     1                 
20001606 20001606        0     1                 
20001606 20001606      8b0     2         lto.tmp:(.text.ottf_alerts_enable_all)
20001606 20001606      8b0     1                 ottf_alerts_enable_all
20001606 20001606        0     1                 
20001606 20001606        0     1                 
20001606 20001606        0     1                 
20001608 20001608        0     1                 
20001608 20001608        0     1                 
20001608 20001608        0     1                 
20001622 20001622        0     1                 
20001622 20001622        0     1                 
20001624 20001624        0     1                 
20001624 20001624        0     1                 .Lpcrel_hi85
20001630 20001630        0     1                 
20001630 20001630        0     1                 
20001634 20001634        0     1                 
20001634 20001634        0     1                 
20001646 20001646        0     1                 
2000164a 2000164a        0     1                 
20001650 20001650        0     1                 .Lpcrel_hi86
20001662 20001662        0     1                 
20001664 20001664        0     1                 
20001664 20001664        0     1                 .Lpcrel_hi87
20001664 20001664        0     1                 
20001668 20001668        0     1                 .Lpcrel_hi88
20001670 20001670        0     1                 
20001670 20001670        0     1                 
20001674 20001674        0     1                 
20001674 20001674        0     1                 
2000167a 2000167a        0     1                 
2000167c 2000167c        0     1                 
2000167c 2000167c        0     1                 
20001680 20001680        0     1                 
2000168a 2000168a        0     1                 
2000168a 2000168a        0     1                 
2000168c 2000168c        0     1                 
2000168c 2000168c        0     1                 
20001698 20001698        0     1                 
20001698 20001698        0     1                 
2000169c 2000169c        0     1                 
2000169e 2000169e        0     1                 
[...]
    1260     1260        0     1                 
    1286     1286        0     1                 
    12ac     12ac        0     1                 
    12d2     12d2        0     1                 
    12ed     12ed        0     1                 
    1313     1313        0     1                 
    1351     1351        0     1                 
    1385     1385        0     1                 
    13bc     13bc        0     1                 
    13f0     13f0        0     1                 
    1427     1427        0     1                 
    14af     14af        0     1                 
    14d6     14d6        0     1                 
    150a     150a        0     1                 
    16dc     16dc        0     1                 
    18ae     18ae        0     1                 
    18d4     18d4        0     1                 
    18fa     18fa        0     1                 
    1920     1920        0     1                 
    1946     1946        0     1                 
    196c     196c        0     1                 
    1992     1992        0     1                 
    19b8     19b8        0     1                 
    19de     19de        0     1                 
    1a04     1a04        0     1                 
    1a2b     1a2b        0     1                 
    1a52     1a52        0     1                 
    1a79     1a79        0     1                 
    1aa0     1aa0        0     1                 
    1ac7     1ac7        0     1                 
    1ae2     1ae2        0     1                 
    1afd     1afd        0     1                 
    1b24     1b24        0     1                 
    1b3f     1b3f        0     1                 
    1b5a     1b5a        0     1                 
    1b75     1b75        0     1                 
    1bc8     1bc8        0     1                 
    1be3     1be3        0     1                 
    1c06     1c06        0     1                 
    1c2e     1c2e        0     1                 
    1c4c     1c4c        0     1                 
    1c6a     1c6a        0     1                 
    1c88     1c88        0     1                 
    1ca6     1ca6        0     1                 
    1cce     1cce        0     1                 
    1cf6     1cf6        0     1                 
    1d1e     1d1e        0     1                 
    1d7f     1d7f        0     1                 
    1da1     1da1        0     1                 
    1dc9     1dc9        0     1                 
    1e08     1e08        0     1                 
    1e7b     1e7b        0     1                 
    1e96     1e96        0     1                 
    1ed2     1ed2        0     1                 
    1ef4     1ef4        0     1                 
    1f1d     1f1d        0     1                 
    1f3f     1f3f        0     1                 
    1f61     1f61        0     1                 
    1f83     1f83        0     1                 
    1fa9     1fa9        0     1                 
    1fc7     1fc7        0     1                 
    1fe2     1fe2        0     1                 
    2000     2000        0     1                 
    201b     201b        0     1                 
    2041     2041        0     1                 
    205c     205c        0     1                 
    2077     2077        0     1                 
    2098     2098        0     1                 
    20b3     20b3        0     1                 
    20ce     20ce        0     1                 
    20ef     20ef        0     1                 
    210a     210a        0     1                 
    212b     212b        0     1                 
    2146     2146        0     1                 
    2161     2161        0     1                 
    217c     217c        0     1                 
    219d     219d        0     1                 
    21c4     21c4        0     1                 
    21df     21df        0     1                 
    21fa     21fa        0     1                 
    2215     2215        0     1                 
    223c     223c        0     1                 
    2257     2257        0     1                 
    2279     2279        0     1                 
    2295     2295        0     1                 
    22b1     22b1        0     1                 
    22cc     22cc        0     1                 
    22e8     22e8        0     1                 
    2326     2326        0     1                 
    2352     2352        0     1                 
    236e     236e        0     1                 
    2392     2392        0     1                 
    23b4     23b4        0     1                 
    23cf     23cf        0     1                 
    23eb     23eb        0     1                 
    2407     2407        0     1                 
    2422     2422        0     1                 
    243d     243d        0     1                 
    2471     2471        0     1                 
    2484     2484        0     1                 
    2497     2497        0     1                 
    24c2     24c2        0     1                 
    24d7     24d7        0     1                 
    24fd     24fd        0     1                 
    2523     2523        0     1                 
    253e     253e        0     1                 
    2559     2559        0     1                 
    2575     2575        0     1                 
    2593     2593        0     1                 
    2759     2759        0     1                 
    2782     2782        0     1                 
    28c7     28c7        0     1                 
    28e5     28e5        0     1                 
    290b     290b        0     1                 
    2926     2926        0     1                 
    2941     2941        0     1                 
    295c     295c        0     1                 
    2977     2977        0     1                 
    2992     2992        0     1                 
    29ad     29ad        0     1                 
    29c8     29c8        0     1                 
    29e3     29e3        0     1                 
    2a0f     2a0f        0     1                 
    2a2a     2a2a        0     1                 
    2a45     2a45        0     1                 
    2a60     2a60        0     1                 
    2a86     2a86        0     1                 
    2ad2     2ad2        0     1                 
    2af8     2af8        0     1                 
    2b20     2b20        0     1                 
    2b3b     2b3b        0     1                 
    2b56     2b56        0     1                 
    2b71     2b71        0     1                 
    2b8c     2b8c        0     1                 
    2ba7     2ba7        0     1                 
    2bc2     2bc2        0     1                 
    2c0e     2c0e        0     1                 
    2c3f     2c3f        0     1                 
    2c70     2c70        0     1                 
    2c8b     2c8b        0     1                 
    2ca6     2ca6        0     1                 
    2cc1     2cc1        0     1                 
    2ce8     2ce8        0     1                 
    2d08     2d08        0     1                 
    2d2e     2d2e        0     1                 
    2d54     2d54        0     1                 
    2d85     2d85        0     1                 
    2dab     2dab        0     1                 
    2ddb     2ddb        0     1                 
    2e01     2e01        0     1                 
    2e33     2e33        0     1                 
    2e71     2e71        0     1                 
    2e9e     2e9e        0     1                 
    2eb9     2eb9        0     1                 
    2ed4     2ed4        0     1                 
    2eef     2eef        0     1                 
    2f02     2f02        0     1                 
    2f36     2f36        0     1                 
    2f49     2f49        0     1                 
    2f67     2f67        0     1                 
    2f7a     2f7a        0     1                 
    2f8d     2f8d        0     1                 
    2faa     2faa        0     1                 
    2fbe     2fbe        0     1                 
    2fdd     2fdd        0     1                 
    2ff7     2ff7        0     1                 
    3016     3016        0     1                 
    3029     3029        0     1                 
    3045     3045        0     1                 
    3060     3060        0     1                 
    307b     307b        0     1                 
    3096     3096        0     1                 
    30b1     30b1        0     1                 
    30cc     30cc        0     1                 
    30eb     30eb        0     1                 
    310a     310a        0     1                 
    3125     3125        0     1                 
    317f     317f        0     1                 
    319a     319a        0     1                 
    31b5     31b5        0     1                 
    31d0     31d0        0     1                 
    31eb     31eb        0     1                 
    3206     3206        0     1                 
    3221     3221        0     1                 
    327b     327b        0     1                 
    329a     329a        0     1                 
    32b5     32b5        0     1                 
    32d0     32d0        0     1                 
    32eb     32eb        0     1                 
    3306     3306        0     1                 
    3337     3337        0     1                 
    3368     3368        0     1                 
    3383     3383        0     1                 
    33d8     33d8        0     1                 
    33f3     33f3        0     1                 
    3419     3419        0     1                 
    3434     3434        0     1                 
    344f     344f        0     1                 
    3462     3462        0     1                 
    34a9     34a9        0     1                 
    351a     351a        0     1                 
    3570     3570        0     1                 
    35a7     35a7        0     1                 
    35bb     35bb        0     1                 
    35da     35da        0     1                 
    35f9     35f9        0     1                 
    3643     3643        0     1                 
    3681     3681        0     1                 
    36cf     36cf        0     1                 
    3721     3721        0     1                 
    376f     376f        0     1                 
       0        0      600     1 .debug_ranges
       0        0       28     1         bazel-out/k8-fastbuild-ST-1df456420242/bin/sw/device/lib/testing/test_framework/libottf_start.a(ottf_start.o):(.debug_ranges)
       0        0        0     1                 
      28       28      5d8     1         lto.tmp:(.debug_ranges)
      28       28        0     1                 
      40       40        0     1                 
      58       58        0     1                 
      70       70        0     1                 
      88       88        0     1                 
      a0       a0        0     1                 
      b8       b8        0     1                 
      d0       d0        0     1                 
      e8       e8        0     1                 
     100      100        0     1                 
     118      118        0     1                 
     130      130        0     1                 
     148      148        0     1                 
     160      160        0     1                 
     180      180        0     1                 
     1a0      1a0        0     1                 
     1b8      1b8        0     1                 
     1d0      1d0        0     1                 
     1e8      1e8        0     1                 
     208      208        0     1                 
     228      228        0     1                 
     248      248        0     1                 
     260      260        0     1                 
     278      278        0     1                 
     290      290        0     1                 
     2a8      2a8        0     1                 
     2c0      2c0        0     1                 
     2d8      2d8        0     1                 
     2f0      2f0        0     1                 
     308      308        0     1                 
     320      320        0     1                 
     338      338        0     1                 
     350      350        0     1                 
     370      370        0     1                 
     388      388        0     1                 
     3a0      3a0        0     1                 
     3b8      3b8        0     1                 
     3d0      3d0        0     1                 
     3e8      3e8        0     1                 
     400      400        0     1                 
     418      418        0     1                 
     430      430        0     1                 
     448      448        0     1                 
     460      460        0     1                 
     478      478        0     1                 
     490      490        0     1                 
     4a8      4a8        0     1                 
     4e0      4e0        0     1                 
     500      500        0     1                 
     558      558        0     1                 
     578      578        0     1                 
     5a0      5a0        0     1                 
     5c0      5c0        0     1                 
       0        0     f084     1 .debug_str
       0        0     f084     1         <internal>:(.debug_str)
       0        0      3d4     4 .debug_frame
       0        0      3d4     4         lto.tmp:(.debug_frame)
       0        0        0     1                 
       0        0     1e80     4 .ot.status_create_record
       0        0        0     1         . = .
       0        0     1e80     4         lto.tmp:(.ot.status_create_record)
       0        0       80     1                 execute_test.kOtStatusRecord
      80       80       80     1                 aes_testutils_csrng_kat.kOtStatusRecord
     100      100       80     1                 aes_testutils_setup_encryption.kOtStatusRecord
     180      180       80     1                 aes_testutils_setup_encryption.kOtStatusRecord.3
     200      200       80     1                 aes_testutils_setup_encryption.kOtStatusRecord.4
     280      280       80     1                 aes_testutils_decrypt_ciphertext.kOtStatusRecord
     300      300       80     1                 aes_testutils_decrypt_ciphertext.kOtStatusRecord.21
     380      380       80     1                 aes_testutils_decrypt_ciphertext.kOtStatusRecord.25
     400      400       80     1                 aes_testutils_decrypt_ciphertext.kOtStatusRecord.35
     480      480       80     1                 csrng_testutils_seed_material_build.kOtStatusRecord
     500      500       80     1                 csrng_testutils_cmd_ready_wait.kOtStatusRecord
     580      580       80     1                 csrng_testutils_check_internal_state.kOtStatusRecord
     600      600       80     1                 csrng_testutils_check_internal_state.kOtStatusRecord.13
     680      680       80     1                 csrng_testutils_check_internal_state.kOtStatusRecord.17
     700      700       80     1                 csrng_testutils_check_internal_state.kOtStatusRecord.21
     780      780       80     1                 csrng_testutils_check_internal_state.kOtStatusRecord.25
     800      800       80     1                 csrng_testutils_check_internal_state.kOtStatusRecord.29
     880      880       80     1                 csrng_testutils_kat_generate.kOtStatusRecord
     900      900       80     1                 csrng_testutils_cmd_status_check.kOtStatusRecord
     980      980       80     1                 csrng_testutils_recoverable_alerts_check.kOtStatusRecord
     a00      a00       80     1                 _ottf_main.kOtStatusRecord
     a80      a80       80     1                 ottf_console_flush.kOtStatusRecord
     b00      b00       80     1                 ottf_console_null_getc.kOtStatusRecord
     b80      b80       80     1                 ottf_console_write_unbuffered.kOtStatusRecord
     c00      c00       80     1                 ottf_console_configure_uart.kOtStatusRecord
     c80      c80       80     1                 ottf_console_configure_uart.kOtStatusRecord.8
     d00      d00       80     1                 ottf_console_uart_flow_control_enable.kOtStatusRecord
     d80      d80       80     1                 ottf_console_uart_flow_control_isr.kOtStatusRecord
     e00      e00       80     1                 ottf_console_uart_flow_control.kOtStatusRecord
     e80      e80       80     1                 manage_flow_control.kOtStatusRecord
     f00      f00       80     1                 ottf_console_spi_device_read.kOtStatusRecord
     f80      f80       80     1                 spi_device_testutils_configure_read_pipeline.kOtStatusRecord
    1000     1000       80     1                 spi_device_testutils_wait_for_upload.kOtStatusRecord
    1080     1080       80     1                 spi_device_testutils_wait_for_upload.kOtStatusRecord.5
    1100     1100       80     1                 ottf_alerts_expect_alert_start.kOtStatusRecord
    1180     1180       80     1                 ottf_alerts_expect_alert_start.kOtStatusRecord.16
    1200     1200       80     1                 ottf_alerts_expect_alert_finish.kOtStatusRecord
    1280     1280       80     1                 ottf_alerts_expect_alert_finish.kOtStatusRecord.17
    1300     1300       80     1                 ottf_alerts_expect_alert_finish.kOtStatusRecord.18
    1380     1380       80     1                 alert_handler_testutils_info_parse.kOtStatusRecord
    1400     1400       80     1                 alert_handler_testutils_info_parse.kOtStatusRecord.4
    1480     1480       80     1                 alert_handler_testutils_configure_all.kOtStatusRecord
    1500     1500       80     1                 alert_handler_testutils_configure_all.kOtStatusRecord.31
    1580     1580       80     1                 alert_handler_testutils_configure_all.kOtStatusRecord.35
    1600     1600       80     1                 alert_handler_testutils_configure_all.kOtStatusRecord.39
    1680     1680       80     1                 alert_handler_testutils_configure_all.kOtStatusRecord.43
    1700     1700       80     1                 alert_handler_testutils_configure_all.kOtStatusRecord.47
    1780     1780       80     1                 alert_handler_testutils_get_cycles_from_us.kOtStatusRecord
    1800     1800       80     1                 alert_handler_testutils_status_log.kOtStatusRecord
    1880     1880       80     1                 alert_handler_testutils_dump_log.kOtStatusRecord
    1900     1900       80     1                 alert_handler_testutils_dump_log.kOtStatusRecord.56
    1980     1980       80     1                 alert_handler_testutils_dump_enable.kOtStatusRecord
    1a00     1a00       80     1                 alert_handler_testutils_dump_enable.kOtStatusRecord.77
    1a80     1a80       80     1                 get_next_n_bits.kOtStatusRecord
    1b00     1b00       80     1                 get_next_n_bits.kOtStatusRecord.85
    1b80     1b80       80     1                 rand_testutils_init.kOtStatusRecord
    1c00     1c00       80     1                 rand_testutils_gen32_range.kOtStatusRecord
    1c80     1c80       80     1                 rand_testutils_gen32_range.kOtStatusRecord.6
    1d00     1d00       80     1                 rv_core_ibex_testutils_get_rnd_data.kOtStatusRecord
    1d80     1d80       80     1                 rv_core_ibex_testutils_get_rnd_data.kOtStatusRecord.2
    1e00     1e00       80     1                 rv_core_ibex_testutils_get_rnd_data.kOtStatusRecord.6
