     VMA      LMA     Size Align Out     In      Symbol
       0        0        0     1 
       0        0        0     1 
       0        0        0     1 
       0        0        0     1 
       0        0        0     1 
       0        0        0     1 _exception_frame_size = 128
       0        0        0     1 _exception_frame_end = ORIGIN ( ram_main ) + LENGTH ( ram_main )
       0        0        0     1 _exception_frame_start = _exception_frame_end - _exception_frame_size
       0        0        0     1 _stack_size = 16384 - _exception_frame_size
       0        0        0     1 _stack_end = _exception_frame_start
       0        0        0     1 _stack_start = _stack_end - _stack_size
       0        0        0     1 _static_critical_size = 8168
       0        0        0     1 _chip_info_size = 128
       0        0        0     1 _rom_chip_info_end = ORIGIN ( rom ) + LENGTH ( rom )
       0        0        0     1 _rom_chip_info_start = _rom_chip_info_end - _chip_info_size
       0        0        0     1 _epmp_reset_rx_size = 2048
       0        0        0     1 _ottf_size = LENGTH ( ottf_storage ) / 2
       0        0        0     1 _ottf_start_address = ORIGIN ( ottf_storage )
       0        0        0     1 __DYNAMIC = 0
       0        0        0     1 _dv_log_offset = 0x10000
       0        0        0     1 _manifest_code_start = _text_start - _ottf_start_address
       0        0        0     1 _manifest_code_end = _text_end - _ottf_start_address
       0        0        0     1 _manifest_entry_point = _ottf_start - _ottf_start_address
       0        0        0     1 _manifest_address_translation = ( _text_start >= ORIGIN ( ottf_storage ) && _text_start < ( ORIGIN ( ottf_storage ) + LENGTH ( ottf_storage ) ) ) ? 0x1d4 : 0x739
10000000 10000000     1fe8     4 .static_critical
10000000 10000000        0     1         
10000000 10000000        4     4         lto.tmp:(.static_critical.version)
10000000 10000000        4     1                 static_critical_version
10000004 10000004       40     4         lto.tmp:(.static_critical.boot_measurements)
10000004 10000004       40     1                 boot_measurements
10000044 10000044       54     4         lto.tmp:(.static_critical.epmp_state)
10000044 10000044       54     1                 epmp_state
10000098 10000098     1f50     4         lto.tmp:(.static_critical.sec_mmio_ctx)
10000098 10000098     1f50     1                 sec_mmio_ctx
10001fe8 10001fe8        0     1         
20000000 20000000      400     4 .manifest
20000000 20000000      400     4         lto.tmp:(.manifest)
20000000 20000000      400     1                 kManifest_
20000400 20000400        0     1         . = ALIGN ( 4 )
20000400 20000400        0     4 .rom_ext_immutable
20000400 20000400        0     1         _text_start = .
20000400 20000400        0     1         _rom_ext_immutable_start = .
20000400 20000400        0     1         . = ALIGN ( 256 )
20000400 20000400        0     1         _rom_ext_immutable_end = .
20000400 20000400       80   256 .vectors
20000400 20000400       80   256         bazel-out/k8-fastbuild-ST-1df456420242/bin/sw/device/lib/testing/test_framework/libottf_start.a(ottf_start.o):(.vectors)
20000400 20000400        0     1                 
20000400 20000400        0     1                 
20000400 20000400       80     1                 _ottf_interrupt_vector
20000404 20000404        0     1                 
20000408 20000408        0     1                 
2000040c 2000040c        0     1                 
20000410 20000410        0     1                 
20000414 20000414        0     1                 
20000418 20000418        0     1                 
2000041c 2000041c        0     1                 
20000420 20000420        0     1                 
20000424 20000424        0     1                 
20000428 20000428        0     1                 
2000042c 2000042c        0     1                 
20000430 20000430        0     1                 
20000434 20000434        0     1                 
20000438 20000438        0     1                 
2000043c 2000043c        0     1                 
20000440 20000440        0     1                 
20000444 20000444        0     1                 
20000448 20000448        0     1                 
2000044c 2000044c        0     1                 
20000450 20000450        0     1                 
20000454 20000454        0     1                 
20000458 20000458        0     1                 
2000045c 2000045c        0     1                 
20000460 20000460        0     1                 
20000464 20000464        0     1                 
20000468 20000468        0     1                 
2000046c 2000046c        0     1                 
20000470 20000470        0     1                 
20000474 20000474        0     1                 
20000478 20000478        0     1                 
2000047c 2000047c        0     1                 
20000480 20000480        0     1                 
20000480 20000480       aa     4 .crt
20000480 20000480       4c     4         bazel-out/k8-fastbuild-ST-1df456420242/bin/sw/device/lib/testing/test_framework/libottf_start.a(ottf_start.o):(.crt)
20000480 20000480        0     1                 
20000480 20000480        0     1                 .Lpcrel_hi0
20000480 20000480        0     1                 
20000480 20000480       4c     1                 _ottf_start
20000488 20000488        0     1                 .Lpcrel_hi1
20000488 20000488        0     1                 
20000490 20000490        0     1                 .Lpcrel_hi2
20000490 20000490        0     1                 
20000498 20000498        0     1                 
2000049c 2000049c        0     1                 .Lpcrel_hi3
2000049c 2000049c        0     1                 
200004a4 200004a4        0     1                 .Lpcrel_hi4
200004a4 200004a4        0     1                 
200004ac 200004ac        0     1                 .Lpcrel_hi5
200004ac 200004ac        0     1                 
200004b4 200004b4        0     1                 
200004b6 200004b6        0     1                 .Lpcrel_hi6
200004b6 200004b6        0     1                 
200004be 200004be        0     1                 .Lpcrel_hi7
200004be 200004be        0     1                 
200004c6 200004c6        0     1                 
200004c8 200004c8        0     1                 
200004cc 200004cc        0     1                 
200004cc 200004cc       5e     4         bazel-out/k8-fastbuild-ST-1df456420242/bin/sw/device/lib/crt/libcrt.a(crt.o):(.crt)
200004cc 200004cc        0     1                 
200004cc 200004cc        0     1                 
200004cc 200004cc       24     1                 crt_section_clear
200004d0 200004d0        0     1                 
200004d4 200004d4        0     1                 
200004d8 200004d8        0     1                 
200004dc 200004dc        0     1                 .L_clear_loop
200004dc 200004dc        0     1                 
200004e0 200004e0        0     1                 
200004e2 200004e2        0     1                 
200004e6 200004e6        0     1                 
200004e8 200004e8        0     1                 .L_clear_nothing
200004e8 200004e8        0     1                 
200004ec 200004ec        0     1                 
200004ee 200004ee        0     1                 .L_clear_error
200004ee 200004ee        0     1                 
200004f0 200004f0        0     1                 
200004f0 200004f0        0     1                 
200004f0 200004f0       3a     1                 crt_section_copy
200004f4 200004f4        0     1                 
200004f8 200004f8        0     1                 
200004fc 200004fc        0     1                 
20000500 20000500        0     1                 
20000504 20000504        0     1                 
20000508 20000508        0     1                 
2000050c 2000050c        0     1                 
20000510 20000510        0     1                 .L_copy_loop
20000510 20000510        0     1                 
20000514 20000514        0     1                 
20000516 20000516        0     1                 
2000051a 2000051a        0     1                 
2000051c 2000051c        0     1                 
20000520 20000520        0     1                 
20000522 20000522        0     1                 .L_copy_nothing
20000522 20000522        0     1                 
20000526 20000526        0     1                 
20000528 20000528        0     1                 .L_copy_error
20000528 20000528        0     1                 
2000052a 2000052a        0     1                 
2000052c 2000052c     2064     4 .text
2000052c 2000052c      254     4         bazel-out/k8-fastbuild-ST-1df456420242/bin/sw/device/lib/testing/test_framework/libottf_isrs.a(ottf_isrs.o):(.text)
2000052c 2000052c       26     1                 compute_mepc_on_synchronous_irq
2000052c 2000052c        0     1                 
2000052c 2000052c        0     1                 
20000530 20000530        0     1                 
20000534 20000534        0     1                 
20000536 20000536        0     1                 
2000053a 2000053a        0     1                 
2000053c 2000053c        0     1                 .L_load_mepc
2000053c 2000053c        0     1                 
20000540 20000540        0     1                 
20000542 20000542        0     1                 
20000546 20000546        0     1                 
2000054a 2000054a        0     1                 
2000054c 2000054c        0     1                 
2000054e 2000054e        0     1                 .L_32bit_trap_instr
2000054e 2000054e        0     1                 
20000550 20000550        0     1                 
20000554 20000554       1e     1                 save_current_sp_to_tcb
20000554 20000554        0     1                 
20000554 20000554        0     1                 .Lpcrel_hi0
20000554 20000554        0     1                 
2000055c 2000055c        0     1                 
20000560 20000560        0     1                 
20000564 20000564        0     1                 .Lpcrel_hi1
20000564 20000564        0     1                 
2000056c 2000056c        0     1                 
20000570 20000570        0     1                 .L_skip_sp_save
20000570 20000570        0     1                 
20000574 20000574        0     1                 
20000574 20000574        0     1                 
20000574 20000574       52     1                 handler_exception
20000578 20000578        0     1                 
2000057a 2000057a        0     1                 
2000057c 2000057c        0     1                 
2000057e 2000057e        0     1                 
20000580 20000580        0     1                 
20000582 20000582        0     1                 
20000584 20000584        0     1                 
20000586 20000586        0     1                 
20000588 20000588        0     1                 
2000058a 2000058a        0     1                 
2000058c 2000058c        0     1                 
2000058e 2000058e        0     1                 
20000590 20000590        0     1                 
20000592 20000592        0     1                 
20000594 20000594        0     1                 
20000596 20000596        0     1                 
20000598 20000598        0     1                 
2000059a 2000059a        0     1                 
2000059c 2000059c        0     1                 
2000059e 2000059e        0     1                 
200005a0 200005a0        0     1                 
200005a2 200005a2        0     1                 
200005a4 200005a4        0     1                 
200005a6 200005a6        0     1                 
200005a8 200005a8        0     1                 
200005aa 200005aa        0     1                 
200005ac 200005ac        0     1                 
200005ae 200005ae        0     1                 
200005b0 200005b0        0     1                 
200005b4 200005b4        0     1                 
200005b6 200005b6        0     1                 
200005b8 200005b8        0     1                 
200005ba 200005ba        0     1                 
200005bc 200005bc        0     1                 
200005be 200005be        0     1                 
200005c2 200005c2        0     1                 
200005c8 200005c8        0     1                 
200005c8 200005c8        0     1                 
200005c8 200005c8       54     1                 handler_irq_software
200005cc 200005cc        0     1                 
200005ce 200005ce        0     1                 
200005d0 200005d0        0     1                 
200005d2 200005d2        0     1                 
200005d4 200005d4        0     1                 
200005d6 200005d6        0     1                 
200005d8 200005d8        0     1                 
200005da 200005da        0     1                 
200005dc 200005dc        0     1                 
200005de 200005de        0     1                 
200005e0 200005e0        0     1                 
200005e2 200005e2        0     1                 
200005e4 200005e4        0     1                 
200005e6 200005e6        0     1                 
200005e8 200005e8        0     1                 
200005ea 200005ea        0     1                 
200005ec 200005ec        0     1                 
200005ee 200005ee        0     1                 
200005f0 200005f0        0     1                 
200005f2 200005f2        0     1                 
200005f4 200005f4        0     1                 
200005f6 200005f6        0     1                 
200005f8 200005f8        0     1                 
200005fa 200005fa        0     1                 
200005fc 200005fc        0     1                 
200005fe 200005fe        0     1                 
20000600 20000600        0     1                 
20000602 20000602        0     1                 
20000604 20000604        0     1                 
20000608 20000608        0     1                 
2000060a 2000060a        0     1                 
2000060e 2000060e        0     1                 
20000610 20000610        0     1                 
20000612 20000612        0     1                 
20000614 20000614        0     1                 
20000618 20000618        0     1                 
2000061c 2000061c        0     1                 
2000061c 2000061c        0     1                 
2000061c 2000061c       54     1                 handler_irq_timer
20000620 20000620        0     1                 
20000622 20000622        0     1                 
20000624 20000624        0     1                 
20000626 20000626        0     1                 
20000628 20000628        0     1                 
2000062a 2000062a        0     1                 
2000062c 2000062c        0     1                 
2000062e 2000062e        0     1                 
20000630 20000630        0     1                 
20000632 20000632        0     1                 
20000634 20000634        0     1                 
20000636 20000636        0     1                 
20000638 20000638        0     1                 
2000063a 2000063a        0     1                 
2000063c 2000063c        0     1                 
2000063e 2000063e        0     1                 
20000640 20000640        0     1                 
20000642 20000642        0     1                 
20000644 20000644        0     1                 
20000646 20000646        0     1                 
20000648 20000648        0     1                 
2000064a 2000064a        0     1                 
2000064c 2000064c        0     1                 
2000064e 2000064e        0     1                 
20000650 20000650        0     1                 
20000652 20000652        0     1                 
20000654 20000654        0     1                 
20000656 20000656        0     1                 
20000658 20000658        0     1                 
2000065c 2000065c        0     1                 
2000065e 2000065e        0     1                 
20000662 20000662        0     1                 
20000664 20000664        0     1                 
20000666 20000666        0     1                 
20000668 20000668        0     1                 
2000066c 2000066c        0     1                 
20000670 20000670        0     1                 
20000670 20000670        0     1                 
20000670 20000670       54     1                 handler_irq_external
20000674 20000674        0     1                 
20000676 20000676        0     1                 
20000678 20000678        0     1                 
2000067a 2000067a        0     1                 
2000067c 2000067c        0     1                 
2000067e 2000067e        0     1                 
20000680 20000680        0     1                 
20000682 20000682        0     1                 
20000684 20000684        0     1                 
20000686 20000686        0     1                 
20000688 20000688        0     1                 
2000068a 2000068a        0     1                 
2000068c 2000068c        0     1                 
2000068e 2000068e        0     1                 
20000690 20000690        0     1                 
20000692 20000692        0     1                 
20000694 20000694        0     1                 
20000696 20000696        0     1                 
20000698 20000698        0     1                 
2000069a 2000069a        0     1                 
2000069c 2000069c        0     1                 
2000069e 2000069e        0     1                 
200006a0 200006a0        0     1                 
200006a2 200006a2        0     1                 
200006a4 200006a4        0     1                 
200006a6 200006a6        0     1                 
200006a8 200006a8        0     1                 
200006aa 200006aa        0     1                 
200006ac 200006ac        0     1                 
200006b0 200006b0        0     1                 
200006b2 200006b2        0     1                 
200006b6 200006b6        0     1                 
200006b8 200006b8        0     1                 
200006ba 200006ba        0     1                 
200006bc 200006bc        0     1                 
200006c0 200006c0        0     1                 
200006c4 200006c4        0     1                 
200006c4 200006c4        0     1                 
200006c4 200006c4       54     1                 handler_irq_internal
200006c8 200006c8        0     1                 
200006ca 200006ca        0     1                 
200006cc 200006cc        0     1                 
200006ce 200006ce        0     1                 
200006d0 200006d0        0     1                 
200006d2 200006d2        0     1                 
200006d4 200006d4        0     1                 
200006d6 200006d6        0     1                 
200006d8 200006d8        0     1                 
200006da 200006da        0     1                 
200006dc 200006dc        0     1                 
200006de 200006de        0     1                 
200006e0 200006e0        0     1                 
200006e2 200006e2        0     1                 
200006e4 200006e4        0     1                 
200006e6 200006e6        0     1                 
200006e8 200006e8        0     1                 
200006ea 200006ea        0     1                 
200006ec 200006ec        0     1                 
200006ee 200006ee        0     1                 
200006f0 200006f0        0     1                 
200006f2 200006f2        0     1                 
200006f4 200006f4        0     1                 
200006f6 200006f6        0     1                 
200006f8 200006f8        0     1                 
200006fa 200006fa        0     1                 
200006fc 200006fc        0     1                 
200006fe 200006fe        0     1                 
20000700 20000700        0     1                 
20000704 20000704        0     1                 
20000706 20000706        0     1                 
2000070a 2000070a        0     1                 
2000070c 2000070c        0     1                 
2000070e 2000070e        0     1                 
20000710 20000710        0     1                 
20000714 20000714        0     1                 
20000718 20000718        0     1                 
20000718 20000718        0     1                 .Lpcrel_hi2
20000718 20000718        0     1                 
20000718 20000718       68     1                 ottf_isr_exit
20000720 20000720        0     1                 
20000724 20000724        0     1                 
20000728 20000728        0     1                 .Lpcrel_hi3
20000728 20000728        0     1                 
20000730 20000730        0     1                 
20000734 20000734        0     1                 .L_skip_sp_restore
20000734 20000734        0     1                 
20000736 20000736        0     1                 
2000073a 2000073a        0     1                 
2000073c 2000073c        0     1                 
20000740 20000740        0     1                 
20000742 20000742        0     1                 
20000744 20000744        0     1                 
20000746 20000746        0     1                 
20000748 20000748        0     1                 
2000074a 2000074a        0     1                 
2000074c 2000074c        0     1                 
2000074e 2000074e        0     1                 
20000750 20000750        0     1                 
20000752 20000752        0     1                 
20000754 20000754        0     1                 
20000756 20000756        0     1                 
20000758 20000758        0     1                 
2000075a 2000075a        0     1                 
2000075c 2000075c        0     1                 
2000075e 2000075e        0     1                 
20000760 20000760        0     1                 
20000762 20000762        0     1                 
20000764 20000764        0     1                 
20000766 20000766        0     1                 
20000768 20000768        0     1                 
2000076a 2000076a        0     1                 
2000076c 2000076c        0     1                 
2000076e 2000076e        0     1                 
20000770 20000770        0     1                 
20000772 20000772        0     1                 
20000774 20000774        0     1                 
20000776 20000776        0     1                 
20000778 20000778        0     1                 
2000077c 2000077c        0     1                 
20000780 20000780        0     1                 
20000780 20000780       50     2         lto.tmp:(.text.usbdev_init)
20000780 20000780       50     1                 usbdev_init
20000780 20000780        0     1                 
20000780 20000780        0     1                 
20000780 20000780        0     1                 
20000782 20000782        0     1                 
20000782 20000782        0     1                 
20000782 20000782        0     1                 
20000784 20000784        0     1                 
20000786 20000786        0     1                 
20000788 20000788        0     1                 
20000788 20000788        0     1                 
2000078c 2000078c        0     1                 
2000078c 2000078c        0     1                 
20000790 20000790        0     1                 
20000792 20000792        0     1                 
20000792 20000792        0     1                 .Lpcrel_hi0
20000792 20000792        0     1                 
20000796 20000796        0     1                 
2000079a 2000079a        0     1                 .Lpcrel_hi1
2000079e 2000079e        0     1                 
200007b0 200007b0        0     1                 
200007b0 200007b0        0     1                 
200007b8 200007b8        0     1                 
200007b8 200007b8        0     1                 
200007c0 200007c0        0     1                 
200007c0 200007c0        0     1                 
200007c4 200007c4        0     1                 
200007c8 200007c8        0     1                 
200007c8 200007c8        0     1                 
200007ca 200007ca        0     1                 
200007ca 200007ca        0     1                 
200007cc 200007cc        0     1                 
200007d0 200007d0        0     1                 
200007d0 200007d0        0     1                 
200007d0 200007d0       28     2         lto.tmp:(.text.usbdev_base_addr)
200007d0 200007d0       28     1                 usbdev_base_addr
200007d0 200007d0        0     1                 
200007d0 200007d0        0     1                 
200007d0 200007d0        0     1                 
200007d0 200007d0        0     1                 
200007d4 200007d4        0     1                 
200007d4 200007d4        0     1                 
200007d8 200007d8        0     1                 
200007dc 200007dc        0     1                 
200007de 200007de        0     1                 
200007de 200007de        0     1                 
200007e2 200007e2        0     1                 
200007e2 200007e2        0     1                 
200007e6 200007e6        0     1                 
200007e6 200007e6        0     1                 .Lpcrel_hi2
200007f6 200007f6        0     1                 
200007f6 200007f6        0     1                 
200007f8 200007f8        0     1                 
200007f8 200007f8        0     1                 
200007f8 200007f8       2a     2         lto.tmp:(.text.usbdev_rstmgr_reset)
200007f8 200007f8       2a     1                 usbdev_rstmgr_reset
200007f8 200007f8        0     1                 
200007f8 200007f8        0     1                 
200007f8 200007f8        0     1                 
200007f8 200007f8        0     1                 
20000800 20000800        0     1                 
20000804 20000804        0     1                 
20000804 20000804        0     1                 
20000806 20000806        0     1                 
20000806 20000806        0     1                 
20000808 20000808        0     1                 
20000808 20000808        0     1                 
2000080c 2000080c        0     1                 
2000080c 2000080c        0     1                 
20000810 20000810        0     1                 
20000810 20000810        0     1                 .Lpcrel_hi3
20000820 20000820        0     1                 
20000820 20000820        0     1                 
20000822 20000822        0     1                 
20000822 20000822        0     1                 
20000822 20000822       50     2         lto.tmp:(.text.spi_device_init)
20000822 20000822       50     1                 spi_device_init
20000822 20000822        0     1                 
20000822 20000822        0     1                 
20000822 20000822        0     1                 
20000824 20000824        0     1                 
20000824 20000824        0     1                 
20000824 20000824        0     1                 
20000826 20000826        0     1                 
20000828 20000828        0     1                 
2000082a 2000082a        0     1                 
2000082a 2000082a        0     1                 
2000082e 2000082e        0     1                 
2000082e 2000082e        0     1                 
20000832 20000832        0     1                 
20000834 20000834        0     1                 
20000834 20000834        0     1                 .Lpcrel_hi4
20000834 20000834        0     1                 
20000838 20000838        0     1                 
2000083c 2000083c        0     1                 .Lpcrel_hi5
20000840 20000840        0     1                 
20000852 20000852        0     1                 
20000852 20000852        0     1                 
2000085a 2000085a        0     1                 
2000085a 2000085a        0     1                 
20000862 20000862        0     1                 
20000862 20000862        0     1                 
20000866 20000866        0     1                 
2000086a 2000086a        0     1                 
2000086a 2000086a        0     1                 
2000086c 2000086c        0     1                 
2000086c 2000086c        0     1                 
2000086e 2000086e        0     1                 
20000872 20000872        0     1                 
20000872 20000872        0     1                 
20000872 20000872       28     2         lto.tmp:(.text.spi_device_base_addr)
20000872 20000872       28     1                 spi_device_base_addr
20000872 20000872        0     1                 
20000872 20000872        0     1                 
20000872 20000872        0     1                 
20000872 20000872        0     1                 
20000876 20000876        0     1                 
20000876 20000876        0     1                 
2000087a 2000087a        0     1                 
2000087e 2000087e        0     1                 
20000880 20000880        0     1                 
20000880 20000880        0     1                 
20000884 20000884        0     1                 
20000884 20000884        0     1                 
20000888 20000888        0     1                 
20000888 20000888        0     1                 .Lpcrel_hi6
20000898 20000898        0     1                 
20000898 20000898        0     1                 
2000089a 2000089a        0     1                 
2000089a 2000089a        0     1                 
2000089a 2000089a       12     2         lto.tmp:(.text.spi_device_rstmgr_reset)
2000089a 2000089a       12     1                 spi_device_rstmgr_reset
2000089a 2000089a        0     1                 
2000089a 2000089a        0     1                 
2000089a 2000089a        0     1                 
2000089a 2000089a        0     1                 
2000089e 2000089e        0     1                 
2000089e 2000089e        0     1                 
200008a2 200008a2        0     1                 
200008aa 200008aa        0     1                 
200008aa 200008aa        0     1                 
200008ac 200008ac        0     1                 
200008ac 200008ac        0     1                 
200008ac 200008ac       60     2         lto.tmp:(.text.spi_host_init)
200008ac 200008ac       60     1                 spi_host_init
200008ac 200008ac        0     1                 
200008ac 200008ac        0     1                 
200008ac 200008ac        0     1                 
200008ae 200008ae        0     1                 
200008ae 200008ae        0     1                 
200008ae 200008ae        0     1                 
200008b0 200008b0        0     1                 
200008b2 200008b2        0     1                 
200008b4 200008b4        0     1                 
200008b6 200008b6        0     1                 
200008b6 200008b6        0     1                 
200008ba 200008ba        0     1                 
200008ba 200008ba        0     1                 
200008be 200008be        0     1                 
200008c4 200008c4        0     1                 
200008c4 200008c4        0     1                 .Lpcrel_hi8
200008c4 200008c4        0     1                 
200008c8 200008c8        0     1                 
200008cc 200008cc        0     1                 .Lpcrel_hi9
200008d0 200008d0        0     1                 
200008e2 200008e2        0     1                 
200008e2 200008e2        0     1                 
200008ea 200008ea        0     1                 
200008ea 200008ea        0     1                 
200008f2 200008f2        0     1                 
200008f2 200008f2        0     1                 
200008f6 200008f6        0     1                 
200008f8 200008f8        0     1                 .Lpcrel_hi7
20000904 20000904        0     1                 
20000904 20000904        0     1                 
20000906 20000906        0     1                 
20000906 20000906        0     1                 
20000908 20000908        0     1                 
2000090c 2000090c        0     1                 
2000090c 2000090c        0     1                 
2000090c 2000090c       28     2         lto.tmp:(.text.spi_host_base_addr)
2000090c 2000090c       28     1                 spi_host_base_addr
2000090c 2000090c        0     1                 
2000090c 2000090c        0     1                 
2000090c 2000090c        0     1                 
2000090e 2000090e        0     1                 
2000090e 2000090e        0     1                 
20000912 20000912        0     1                 
20000912 20000912        0     1                 
20000916 20000916        0     1                 
2000091a 2000091a        0     1                 
2000091c 2000091c        0     1                 
2000091c 2000091c        0     1                 
20000920 20000920        0     1                 
20000922 20000922        0     1                 .Lpcrel_hi10
20000932 20000932        0     1                 
20000932 20000932        0     1                 
20000934 20000934        0     1                 
20000934 20000934        0     1                 
20000934 20000934       24     2         lto.tmp:(.text.spi_host_rstmgr_reset)
20000934 20000934       24     1                 spi_host_rstmgr_reset
20000934 20000934        0     1                 
20000934 20000934        0     1                 
20000934 20000934        0     1                 
20000934 20000934        0     1                 
20000938 20000938        0     1                 
20000938 20000938        0     1                 
2000093c 2000093c        0     1                 
20000940 20000940        0     1                 
20000940 20000940        0     1                 
20000942 20000942        0     1                 
20000942 20000942        0     1                 
20000944 20000944        0     1                 
20000944 20000944        0     1                 
20000948 20000948        0     1                 
2000094a 2000094a        0     1                 .Lpcrel_hi11
20000954 20000954        0     1                 
20000956 20000956        0     1                 
20000956 20000956        0     1                 
20000958 20000958        0     1                 
20000958 20000958        0     1                 
20000958 20000958       60     2         lto.tmp:(.text.i2c_init)
20000958 20000958       60     1                 i2c_init
20000958 20000958        0     1                 
20000958 20000958        0     1                 
20000958 20000958        0     1                 
2000095a 2000095a        0     1                 
2000095a 2000095a        0     1                 
2000095a 2000095a        0     1                 
2000095c 2000095c        0     1                 
2000095e 2000095e        0     1                 
20000960 20000960        0     1                 
20000962 20000962        0     1                 
20000962 20000962        0     1                 
20000966 20000966        0     1                 
20000966 20000966        0     1                 
2000096a 2000096a        0     1                 
20000970 20000970        0     1                 
20000970 20000970        0     1                 .Lpcrel_hi13
20000970 20000970        0     1                 
20000974 20000974        0     1                 
20000978 20000978        0     1                 .Lpcrel_hi14
2000097c 2000097c        0     1                 
2000098e 2000098e        0     1                 
2000098e 2000098e        0     1                 
20000996 20000996        0     1                 
20000996 20000996        0     1                 
2000099e 2000099e        0     1                 
2000099e 2000099e        0     1                 
200009a2 200009a2        0     1                 
200009a4 200009a4        0     1                 .Lpcrel_hi12
200009b0 200009b0        0     1                 
200009b0 200009b0        0     1                 
200009b2 200009b2        0     1                 
200009b2 200009b2        0     1                 
200009b4 200009b4        0     1                 
200009b8 200009b8        0     1                 
200009b8 200009b8        0     1                 
200009b8 200009b8       28     2         lto.tmp:(.text.i2c_base_addr)
200009b8 200009b8       28     1                 i2c_base_addr
200009b8 200009b8        0     1                 
200009b8 200009b8        0     1                 
200009b8 200009b8        0     1                 
200009ba 200009ba        0     1                 
200009ba 200009ba        0     1                 
200009be 200009be        0     1                 
200009be 200009be        0     1                 
200009c2 200009c2        0     1                 
200009c6 200009c6        0     1                 
200009c8 200009c8        0     1                 
200009c8 200009c8        0     1                 
200009cc 200009cc        0     1                 
200009ce 200009ce        0     1                 .Lpcrel_hi15
200009de 200009de        0     1                 
200009de 200009de        0     1                 
200009e0 200009e0        0     1                 
200009e0 200009e0        0     1                 
200009e0 200009e0       24     2         lto.tmp:(.text.i2c_rstmgr_reset)
200009e0 200009e0       24     1                 i2c_rstmgr_reset
200009e0 200009e0        0     1                 
200009e0 200009e0        0     1                 
200009e0 200009e0        0     1                 
200009e0 200009e0        0     1                 
200009e4 200009e4        0     1                 
200009e4 200009e4        0     1                 
200009e8 200009e8        0     1                 
200009ec 200009ec        0     1                 
200009ec 200009ec        0     1                 
200009ee 200009ee        0     1                 
200009ee 200009ee        0     1                 
200009f0 200009f0        0     1                 
200009f0 200009f0        0     1                 
200009f4 200009f4        0     1                 
200009f6 200009f6        0     1                 .Lpcrel_hi16
20000a00 20000a00        0     1                 
20000a02 20000a02        0     1                 
20000a02 20000a02        0     1                 
20000a04 20000a04        0     1                 
20000a04 20000a04        0     1                 
20000a04 20000a04       20     2         lto.tmp:(.text.read_test_reg)
20000a04 20000a04       20     1                 read_test_reg
20000a04 20000a04        0     1                 
20000a04 20000a04        0     1                 
20000a04 20000a04        0     1                 
20000a06 20000a06        0     1                 
20000a0a 20000a0a        0     1                 
20000a0c 20000a0c        0     1                 
20000a0c 20000a0c        0     1                 
20000a0e 20000a0e        0     1                 
20000a10 20000a10        0     1                 
20000a12 20000a12        0     1                 
20000a14 20000a14        0     1                 
20000a14 20000a14        0     1                 
20000a16 20000a16        0     1                 
20000a16 20000a16        0     1                 
20000a18 20000a18        0     1                 
20000a1a 20000a1a        0     1                 
20000a1c 20000a1c        0     1                 
20000a1c 20000a1c        0     1                 
20000a20 20000a20        0     1                 
20000a20 20000a20        0     1                 
20000a24 20000a24        0     1                 
20000a24 20000a24        0     1                 
20000a24 20000a24       54     2         lto.tmp:(.text.spi_device_config)
20000a24 20000a24       54     1                 spi_device_config
20000a24 20000a24        0     1                 
20000a24 20000a24        0     1                 
20000a24 20000a24        0     1                 
20000a26 20000a26        0     1                 
20000a26 20000a26        0     1                 
20000a28 20000a28        0     1                 
20000a28 20000a28        0     1                 
20000a28 20000a28        0     1                 
20000a2a 20000a2a        0     1                 
20000a2a 20000a2a        0     1                 
20000a2e 20000a2e        0     1                 
20000a2e 20000a2e        0     1                 
20000a30 20000a30        0     1                 
20000a30 20000a30        0     1                 
20000a32 20000a32        0     1                 
20000a32 20000a32        0     1                 
20000a34 20000a34        0     1                 
20000a34 20000a34        0     1                 
20000a38 20000a38        0     1                 
20000a38 20000a38        0     1                 
20000a3a 20000a3a        0     1                 
20000a3a 20000a3a        0     1                 
20000a44 20000a44        0     1                 
20000a44 20000a44        0     1                 
20000a46 20000a46        0     1                 
20000a4a 20000a4a        0     1                 
20000a4a 20000a4a        0     1                 .Lpcrel_hi17
20000a4a 20000a4a        0     1                 
20000a4e 20000a4e        0     1                 
20000a52 20000a52        0     1                 .Lpcrel_hi18
20000a68 20000a68        0     1                 
20000a68 20000a68        0     1                 
20000a70 20000a70        0     1                 
20000a70 20000a70        0     1                 
20000a78 20000a78        0     1                 
20000a78 20000a78        0     1                 
20000a78 20000a78        0     1                 
20000a78 20000a78       4a     2         lto.tmp:(.text.spi_host0_config)
20000a78 20000a78       4a     1                 spi_host0_config
20000a78 20000a78        0     1                 
20000a78 20000a78        0     1                 
20000a78 20000a78        0     1                 
20000a7a 20000a7a        0     1                 
20000a7a 20000a7a        0     1                 
20000a7a 20000a7a        0     1                 
20000a7c 20000a7c        0     1                 
20000a7c 20000a7c        0     1                 .Lpcrel_hi19
20000a8c 20000a8c        0     1                 
20000a90 20000a90        0     1                 
20000a90 20000a90        0     1                 .Lpcrel_hi20
20000a90 20000a90        0     1                 
20000a98 20000a98        0     1                 .Lpcrel_hi21
20000aac 20000aac        0     1                 
20000aac 20000aac        0     1                 
20000ab4 20000ab4        0     1                 
20000ab4 20000ab4        0     1                 
20000abc 20000abc        0     1                 
20000abc 20000abc        0     1                 
20000abe 20000abe        0     1                 
20000ac2 20000ac2        0     1                 
20000ac2 20000ac2        0     1                 
20000ac2 20000ac2       4a     2         lto.tmp:(.text.spi_host1_config)
20000ac2 20000ac2       4a     1                 spi_host1_config
20000ac2 20000ac2        0     1                 
20000ac2 20000ac2        0     1                 
20000ac2 20000ac2        0     1                 
20000ac4 20000ac4        0     1                 
20000ac4 20000ac4        0     1                 
20000ac4 20000ac4        0     1                 
20000ac6 20000ac6        0     1                 
20000ac6 20000ac6        0     1                 .Lpcrel_hi22
20000ad6 20000ad6        0     1                 
20000ada 20000ada        0     1                 
20000ada 20000ada        0     1                 .Lpcrel_hi23
20000ada 20000ada        0     1                 
20000ae2 20000ae2        0     1                 .Lpcrel_hi24
20000af6 20000af6        0     1                 
20000af6 20000af6        0     1                 
20000afe 20000afe        0     1                 
20000afe 20000afe        0     1                 
20000b06 20000b06        0     1                 
20000b06 20000b06        0     1                 
20000b08 20000b08        0     1                 
20000b0c 20000b0c        0     1                 
20000b0c 20000b0c        0     1                 
20000b0c 20000b0c       4a     2         lto.tmp:(.text.i2c0_config)
20000b0c 20000b0c       4a     1                 i2c0_config
20000b0c 20000b0c        0     1                 
20000b0c 20000b0c        0     1                 
20000b0c 20000b0c        0     1                 
20000b0e 20000b0e        0     1                 
20000b0e 20000b0e        0     1                 
20000b0e 20000b0e        0     1                 
20000b10 20000b10        0     1                 
20000b10 20000b10        0     1                 .Lpcrel_hi25
20000b20 20000b20        0     1                 
20000b24 20000b24        0     1                 
20000b24 20000b24        0     1                 .Lpcrel_hi26
20000b24 20000b24        0     1                 
20000b2c 20000b2c        0     1                 .Lpcrel_hi27
20000b40 20000b40        0     1                 
20000b40 20000b40        0     1                 
20000b48 20000b48        0     1                 
20000b48 20000b48        0     1                 
20000b50 20000b50        0     1                 
20000b50 20000b50        0     1                 
20000b52 20000b52        0     1                 
20000b56 20000b56        0     1                 
20000b56 20000b56        0     1                 
20000b56 20000b56       4a     2         lto.tmp:(.text.i2c1_config)
20000b56 20000b56       4a     1                 i2c1_config
20000b56 20000b56        0     1                 
20000b56 20000b56        0     1                 
20000b56 20000b56        0     1                 
20000b58 20000b58        0     1                 
20000b58 20000b58        0     1                 
20000b58 20000b58        0     1                 
20000b5a 20000b5a        0     1                 
20000b5a 20000b5a        0     1                 .Lpcrel_hi28
20000b6a 20000b6a        0     1                 
20000b6e 20000b6e        0     1                 
20000b6e 20000b6e        0     1                 .Lpcrel_hi29
20000b6e 20000b6e        0     1                 
20000b76 20000b76        0     1                 .Lpcrel_hi30
20000b8a 20000b8a        0     1                 
20000b8a 20000b8a        0     1                 
20000b92 20000b92        0     1                 
20000b92 20000b92        0     1                 
20000b9a 20000b9a        0     1                 
20000b9a 20000b9a        0     1                 
20000b9c 20000b9c        0     1                 
20000ba0 20000ba0        0     1                 
20000ba0 20000ba0        0     1                 
20000ba0 20000ba0       4a     2         lto.tmp:(.text.i2c2_config)
20000ba0 20000ba0       4a     1                 i2c2_config
20000ba0 20000ba0        0     1                 
20000ba0 20000ba0        0     1                 
20000ba0 20000ba0        0     1                 
20000ba2 20000ba2        0     1                 
20000ba2 20000ba2        0     1                 
20000ba2 20000ba2        0     1                 
20000ba4 20000ba4        0     1                 
20000ba4 20000ba4        0     1                 .Lpcrel_hi31
20000bb4 20000bb4        0     1                 
20000bb8 20000bb8        0     1                 
20000bb8 20000bb8        0     1                 .Lpcrel_hi32
20000bb8 20000bb8        0     1                 
20000bc0 20000bc0        0     1                 .Lpcrel_hi33
20000bd4 20000bd4        0     1                 
20000bd4 20000bd4        0     1                 
20000bdc 20000bdc        0     1                 
20000bdc 20000bdc        0     1                 
20000be4 20000be4        0     1                 
20000be4 20000be4        0     1                 
20000be6 20000be6        0     1                 
20000bea 20000bea        0     1                 
20000bea 20000bea        0     1                 
20000bea 20000bea       7a     2         lto.tmp:(.text.dif_i2c_configure)
20000bea 20000bea       7a     1                 dif_i2c_configure
20000bea 20000bea        0     1                 
20000bea 20000bea        0     1                 
20000bea 20000bea        0     1                 
20000bea 20000bea        0     1                 
20000bec 20000bec        0     1                 
20000bec 20000bec        0     1                 
20000bf2 20000bf2        0     1                 
20000bf6 20000bf6        0     1                 
20000bf8 20000bf8        0     1                 
20000bf8 20000bf8        0     1                 
20000bfa 20000bfa        0     1                 
20000bfa 20000bfa        0     1                 
20000bfc 20000bfc        0     1                 
20000bfc 20000bfc        0     1                 
20000bfe 20000bfe        0     1                 
20000bfe 20000bfe        0     1                 
20000c00 20000c00        0     1                 
20000c02 20000c02        0     1                 
20000c02 20000c02        0     1                 
20000c04 20000c04        0     1                 
20000c04 20000c04        0     1                 
20000c08 20000c08        0     1                 
20000c08 20000c08        0     1                 
20000c0c 20000c0c        0     1                 
20000c0c 20000c0c        0     1                 
20000c10 20000c10        0     1                 
20000c10 20000c10        0     1                 
20000c12 20000c12        0     1                 
20000c12 20000c12        0     1                 
20000c16 20000c16        0     1                 
20000c16 20000c16        0     1                 
20000c18 20000c18        0     1                 
20000c1a 20000c1a        0     1                 
20000c1a 20000c1a        0     1                 
20000c1c 20000c1c        0     1                 
20000c1c 20000c1c        0     1                 
20000c20 20000c20        0     1                 
20000c20 20000c20        0     1                 
20000c24 20000c24        0     1                 
20000c24 20000c24        0     1                 
20000c26 20000c26        0     1                 
20000c26 20000c26        0     1                 
20000c28 20000c28        0     1                 
20000c28 20000c28        0     1                 
20000c2a 20000c2a        0     1                 
20000c2a 20000c2a        0     1                 
20000c2c 20000c2c        0     1                 
20000c2e 20000c2e        0     1                 
20000c2e 20000c2e        0     1                 
20000c30 20000c30        0     1                 
20000c30 20000c30        0     1                 
20000c34 20000c34        0     1                 
20000c34 20000c34        0     1                 
20000c38 20000c38        0     1                 
20000c38 20000c38        0     1                 
20000c3c 20000c3c        0     1                 
20000c3c 20000c3c        0     1                 
20000c3e 20000c3e        0     1                 
20000c3e 20000c3e        0     1                 
20000c40 20000c40        0     1                 
20000c40 20000c40        0     1                 
20000c42 20000c42        0     1                 
20000c44 20000c44        0     1                 
20000c44 20000c44        0     1                 
20000c46 20000c46        0     1                 
20000c46 20000c46        0     1                 
20000c4a 20000c4a        0     1                 
20000c4a 20000c4a        0     1                 
20000c4e 20000c4e        0     1                 
20000c50 20000c50        0     1                 
20000c50 20000c50        0     1                 
20000c52 20000c52        0     1                 
20000c52 20000c52        0     1                 
20000c54 20000c54        0     1                 
20000c54 20000c54        0     1                 
20000c56 20000c56        0     1                 
20000c58 20000c58        0     1                 
20000c5a 20000c5a        0     1                 
20000c5a 20000c5a        0     1                 
20000c5e 20000c5e        0     1                 
20000c5e 20000c5e        0     1                 
20000c60 20000c60        0     1                 
20000c60 20000c60        0     1                 
20000c64 20000c64        0     1                 
20000c64 20000c64        0     1                 
20000c64 20000c64       9e     2         lto.tmp:(.text.dif_spi_host_configure)
20000c64 20000c64       9e     1                 dif_spi_host_configure
20000c64 20000c64        0     1                 
20000c64 20000c64        0     1                 
20000c64 20000c64        0     1                 
20000c66 20000c66        0     1                 
20000c68 20000c68        0     1                 
20000c6a 20000c6a        0     1                 
20000c6c 20000c6c        0     1                 
20000c6e 20000c6e        0     1                 
20000c70 20000c70        0     1                 
20000c74 20000c74        0     1                 
20000c76 20000c76        0     1                 
20000c78 20000c78        0     1                 
20000c78 20000c78        0     1                 
20000c7c 20000c7c        0     1                 
20000c7e 20000c7e        0     1                 
20000c7e 20000c7e        0     1                 
20000c80 20000c80        0     1                 
20000c80 20000c80        0     1                 
20000c82 20000c82        0     1                 
20000c82 20000c82        0     1                 
20000c86 20000c86        0     1                 
20000c86 20000c86        0     1                 
20000c8a 20000c8a        0     1                 
20000c8a 20000c8a        0     1                 
20000c8c 20000c8c        0     1                 
20000c8c 20000c8c        0     1                 
20000c8e 20000c8e        0     1                 
20000c92 20000c92        0     1                 
20000c92 20000c92        0     1                 
20000c94 20000c94        0     1                 
20000c94 20000c94        0     1                 
20000c96 20000c96        0     1                 
20000c98 20000c98        0     1                 
20000c98 20000c98        0     1                 
20000c9c 20000c9c        0     1                 
20000c9c 20000c9c        0     1                 
20000ca0 20000ca0        0     1                 
20000ca0 20000ca0        0     1                 
20000ca4 20000ca4        0     1                 
20000ca4 20000ca4        0     1                 
20000ca6 20000ca6        0     1                 
20000caa 20000caa        0     1                 
20000caa 20000caa        0     1                 
20000cac 20000cac        0     1                 
20000cac 20000cac        0     1                 
20000cb0 20000cb0        0     1                 
20000cb0 20000cb0        0     1                 
20000cb2 20000cb2        0     1                 
20000cb2 20000cb2        0     1                 
20000cb6 20000cb6        0     1                 
20000cb8 20000cb8        0     1                 
20000cb8 20000cb8        0     1                 
20000cba 20000cba        0     1                 
20000cba 20000cba        0     1                 
20000cbe 20000cbe        0     1                 
20000cbe 20000cbe        0     1                 
20000cc0 20000cc0        0     1                 
20000cc0 20000cc0        0     1                 
20000cc4 20000cc4        0     1                 
20000cc4 20000cc4        0     1                 
20000cc6 20000cc6        0     1                 
20000cc6 20000cc6        0     1                 
20000cc8 20000cc8        0     1                 
20000cc8 20000cc8        0     1                 
20000ccc 20000ccc        0     1                 
20000ccc 20000ccc        0     1                 
20000cce 20000cce        0     1                 
20000cce 20000cce        0     1                 
20000cd0 20000cd0        0     1                 
20000cd0 20000cd0        0     1                 
20000cd2 20000cd2        0     1                 
20000cd2 20000cd2        0     1                 
20000cd4 20000cd4        0     1                 
20000cd4 20000cd4        0     1                 
20000cd6 20000cd6        0     1                 
20000cd8 20000cd8        0     1                 
20000cd8 20000cd8        0     1                 
20000cda 20000cda        0     1                 
20000cda 20000cda        0     1                 
20000cdc 20000cdc        0     1                 
20000cdc 20000cdc        0     1                 
20000cde 20000cde        0     1                 
20000cde 20000cde        0     1                 
20000ce2 20000ce2        0     1                 
20000ce6 20000ce6        0     1                 
20000ce6 20000ce6        0     1                 
20000ce8 20000ce8        0     1                 
20000ce8 20000ce8        0     1                 
20000cea 20000cea        0     1                 
20000cec 20000cec        0     1                 
20000cec 20000cec        0     1                 
20000cee 20000cee        0     1                 
20000cee 20000cee        0     1                 
20000cf0 20000cf0        0     1                 
20000cf0 20000cf0        0     1                 
20000cf2 20000cf2        0     1                 
20000cf2 20000cf2        0     1                 
20000cf4 20000cf4        0     1                 
20000cf4 20000cf4        0     1                 
20000cf6 20000cf6        0     1                 
20000cf6 20000cf6        0     1                 
20000cf8 20000cf8        0     1                 
20000cf8 20000cf8        0     1                 
20000cfc 20000cfc        0     1                 
20000cfc 20000cfc        0     1                 
20000cfe 20000cfe        0     1                 
20000cfe 20000cfe        0     1                 
20000d02 20000d02        0     1                 
20000d02 20000d02        0     1                 
20000d02 20000d02      386     2         lto.tmp:(.text._ottf_main)
20000d02 20000d02        0     1                 
20000d02 20000d02        0     1                 
20000d02 20000d02        0     1                 
20000d02 20000d02      386     1                 _ottf_main
20000d04 20000d04        0     1                 
20000d18 20000d18        0     1                 
20000d1e 20000d1e        0     1                 
20000d26 20000d26        0     1                 
20000d26 20000d26        0     1                 .Lpcrel_hi34
20000d26 20000d26        0     1                 
20000d2e 20000d2e        0     1                 .Lpcrel_hi35
20000d42 20000d42        0     1                 
20000d42 20000d42        0     1                 
20000d4a 20000d4a        0     1                 
20000d4e 20000d4e        0     1                 
20000d4e 20000d4e        0     1                 .Lpcrel_hi36
20000d4e 20000d4e        0     1                 
20000d52 20000d52        0     1                 
20000d58 20000d58        0     1                 .Lpcrel_hi37
20000d60 20000d60        0     1                 
20000d78 20000d78        0     1                 
20000d78 20000d78        0     1                 
20000d7e 20000d7e        0     1                 
20000d7e 20000d7e        0     1                 
20000d86 20000d86        0     1                 
20000d86 20000d86        0     1                 
20000d8c 20000d8c        0     1                 
20000d8e 20000d8e        0     1                 
20000d8e 20000d8e        0     1                 
20000d90 20000d90        0     1                 
20000d90 20000d90        0     1                 
20000d94 20000d94        0     1                 
20000d98 20000d98        0     1                 
20000d9a 20000d9a        0     1                 
20000d9c 20000d9c        0     1                 
20000d9c 20000d9c        0     1                 .Lpcrel_hi38
20000d9c 20000d9c        0     1                 
20000dae 20000dae        0     1                 
20000dae 20000dae        0     1                 .Lpcrel_hi39
20000dae 20000dae        0     1                 
20000dc4 20000dc4        0     1                 
20000dc4 20000dc4        0     1                 
20000dca 20000dca        0     1                 
20000dca 20000dca        0     1                 
20000dd0 20000dd0        0     1                 
20000dd2 20000dd2        0     1                 
20000dd8 20000dd8        0     1                 
20000de0 20000de0        0     1                 
20000de0 20000de0        0     1                 .Lpcrel_hi40
20000de0 20000de0        0     1                 
20000e12 20000e12        0     1                 
20000e12 20000e12        0     1                 
20000e18 20000e18        0     1                 
20000e1a 20000e1a        0     1                 
20000e1a 20000e1a        0     1                 
20000e26 20000e26        0     1                 
20000e2a 20000e2a        0     1                 
20000e2a 20000e2a        0     1                 .Lpcrel_hi41
20000e2a 20000e2a        0     1                 
20000e3e 20000e3e        0     1                 
20000e3e 20000e3e        0     1                 
20000e44 20000e44        0     1                 
20000e4c 20000e4c        0     1                 
20000e4c 20000e4c        0     1                 
20000e4e 20000e4e        0     1                 
20000e58 20000e58        0     1                 
20000e5c 20000e5c        0     1                 
20000e5c 20000e5c        0     1                 .Lpcrel_hi42
20000e5c 20000e5c        0     1                 
20000e70 20000e70        0     1                 
20000e70 20000e70        0     1                 
20000e76 20000e76        0     1                 
20000e7e 20000e7e        0     1                 
20000e7e 20000e7e        0     1                 
20000e82 20000e82        0     1                 .Lpcrel_hi43
20000e8c 20000e8c        0     1                 .Lpcrel_hi44
20000e96 20000e96        0     1                 
20000e96 20000e96        0     1                 
20000e98 20000e98        0     1                 
20000e9a 20000e9a        0     1                 
20000e9c 20000e9c        0     1                 
20000e9e 20000e9e        0     1                 
20000ea0 20000ea0        0     1                 
20000ea0 20000ea0        0     1                 
20000eaa 20000eaa        0     1                 
20000eaa 20000eaa        0     1                 
20000eac 20000eac        0     1                 
20000eae 20000eae        0     1                 
20000eb2 20000eb2        0     1                 
20000ebe 20000ebe        0     1                 
20000ebe 20000ebe        0     1                 
20000ec0 20000ec0        0     1                 
20000ec6 20000ec6        0     1                 
20000ec6 20000ec6        0     1                 
20000ec8 20000ec8        0     1                 
20000ec8 20000ec8        0     1                 
20000eca 20000eca        0     1                 .Lpcrel_hi45
20000edc 20000edc        0     1                 .Lpcrel_hi46
20000ee6 20000ee6        0     1                 
20000ee6 20000ee6        0     1                 
20000ee8 20000ee8        0     1                 
20000ee8 20000ee8        0     1                 
20000eec 20000eec        0     1                 
20000eec 20000eec        0     1                 
20000ef2 20000ef2        0     1                 
20000ef2 20000ef2        0     1                 
20000ef4 20000ef4        0     1                 
20000ef6 20000ef6        0     1                 
20000ef8 20000ef8        0     1                 
20000ef8 20000ef8        0     1                 
20000f02 20000f02        0     1                 
20000f04 20000f04        0     1                 
20000f04 20000f04        0     1                 
20000f10 20000f10        0     1                 
20000f10 20000f10        0     1                 
20000f12 20000f12        0     1                 
20000f16 20000f16        0     1                 
20000f16 20000f16        0     1                 
20000f18 20000f18        0     1                 
20000f18 20000f18        0     1                 
20000f1c 20000f1c        0     1                 .Lpcrel_hi47
20000f26 20000f26        0     1                 .Lpcrel_hi48
20000f30 20000f30        0     1                 .Lpcrel_hi49
20000f3e 20000f3e        0     1                 .Lpcrel_hi50
20000f48 20000f48        0     1                 .Lpcrel_hi51
20000f54 20000f54        0     1                 
20000f54 20000f54        0     1                 
20000f56 20000f56        0     1                 
20000f58 20000f58        0     1                 
20000f5a 20000f5a        0     1                 
20000f5c 20000f5c        0     1                 
20000f5c 20000f5c        0     1                 
20000f66 20000f66        0     1                 
20000f66 20000f66        0     1                 
20000f68 20000f68        0     1                 
20000f6a 20000f6a        0     1                 
20000f6a 20000f6a        0     1                 
20000f76 20000f76        0     1                 
20000f76 20000f76        0     1                 
20000f80 20000f80        0     1                 
20000f80 20000f80        0     1                 
20000f82 20000f82        0     1                 
20000f8c 20000f8c        0     1                 
20000f8c 20000f8c        0     1                 
20000f8e 20000f8e        0     1                 
20000f90 20000f90        0     1                 
20000f90 20000f90        0     1                 
20000f9c 20000f9c        0     1                 
20000f9c 20000f9c        0     1                 
20000fa6 20000fa6        0     1                 
20000fa6 20000fa6        0     1                 
20000fb0 20000fb0        0     1                 
20000fb0 20000fb0        0     1                 
20000fb4 20000fb4        0     1                 
20000fb4 20000fb4        0     1                 
20000fb6 20000fb6        0     1                 
20000fb6 20000fb6        0     1                 
20000fc0 20000fc0        0     1                 
20000fc4 20000fc4        0     1                 
20000fca 20000fca        0     1                 
20000fcc 20000fcc        0     1                 
20000fd8 20000fd8        0     1                 
20000fd8 20000fd8        0     1                 
20000fea 20000fea        0     1                 
20000fea 20000fea        0     1                 
20000ff0 20000ff0        0     1                 
20000ff0 20000ff0        0     1                 
20000ff6 20000ff6        0     1                 
20000ff8 20000ff8        0     1                 
20001002 20001002        0     1                 
20001002 20001002        0     1                 
20001004 20001004        0     1                 
2000100a 2000100a        0     1                 
2000100a 2000100a        0     1                 
2000100c 2000100c        0     1                 
20001010 20001010        0     1                 
20001010 20001010        0     1                 
20001018 20001018        0     1                 
20001018 20001018        0     1                 
2000101c 2000101c        0     1                 
20001020 20001020        0     1                 
20001022 20001022        0     1                 
20001024 20001024        0     1                 .Lpcrel_hi52
20001024 20001024        0     1                 
20001036 20001036        0     1                 
20001036 20001036        0     1                 .Lpcrel_hi53
20001036 20001036        0     1                 
20001054 20001054        0     1                 
20001054 20001054        0     1                 
2000105a 2000105a        0     1                 
2000105a 2000105a        0     1                 
20001060 20001060        0     1                 
20001062 20001062        0     1                 
20001068 20001068        0     1                 
20001070 20001070        0     1                 
20001070 20001070        0     1                 
20001084 20001084        0     1                 
20001088 20001088        0     1                 
20001088 20001088        0     1                 
20001088 20001088       30     2         lto.tmp:(.text.vApplicationStackOverflowHook)
20001088 20001088       30     1                 vApplicationStackOverflowHook
20001088 20001088        0     1                 
20001088 20001088        0     1                 
20001088 20001088        0     1                 
2000108a 2000108a        0     1                 
2000108c 2000108c        0     1                 
2000108e 2000108e        0     1                 
2000108e 2000108e        0     1                 .Lpcrel_hi54
2000108e 2000108e        0     1                 
20001096 20001096        0     1                 .Lpcrel_hi55
200010aa 200010aa        0     1                 
200010aa 200010aa        0     1                 
200010ac 200010ac        0     1                 
200010ac 200010ac        0     1                 
200010b0 200010b0        0     1                 
200010b0 200010b0        0     1                 
200010b8 200010b8        0     1                 
200010b8 200010b8        0     1                 
200010b8 200010b8        0     1                 
200010b8 200010b8      11a     2         lto.tmp:(.text.ottf_generic_fault_print)
200010b8 200010b8      11a     1                 ottf_generic_fault_print
200010b8 200010b8        0     1                 
200010b8 200010b8        0     1                 
200010b8 200010b8        0     1                 
200010c0 200010c0        0     1                 
200010c0 200010c0        0     1                 
200010c2 200010c2        0     1                 
200010c6 200010c6        0     1                 
200010c6 200010c6        0     1                 
200010ca 200010ca        0     1                 
200010ca 200010ca        0     1                 
200010cc 200010cc        0     1                 
200010ce 200010ce        0     1                 
200010ce 200010ce        0     1                 
200010d0 200010d0        0     1                 
200010d0 200010d0        0     1                 
200010d2 200010d2        0     1                 
200010d2 200010d2        0     1                 .Lpcrel_hi56
200010d2 200010d2        0     1                 
200010e4 200010e4        0     1                 
200010e4 200010e4        0     1                 
200010e6 200010e6        0     1                 .Lpcrel_hi57
200010f0 200010f0        0     1                 .Lpcrel_hi58
200010f8 200010f8        0     1                 .Lpcrel_hi59
20001102 20001102        0     1                 
20001102 20001102        0     1                 
20001106 20001106        0     1                 
20001106 20001106        0     1                 
2000110a 2000110a        0     1                 
2000110c 2000110c        0     1                 
20001116 20001116        0     1                 
20001116 20001116        0     1                 
2000111a 2000111a        0     1                 
2000111a 2000111a        0     1                 
2000111c 2000111c        0     1                 
20001126 20001126        0     1                 
20001126 20001126        0     1                 
20001128 20001128        0     1                 
2000112c 2000112c        0     1                 
20001130 20001130        0     1                 
20001130 20001130        0     1                 
20001134 20001134        0     1                 
20001134 20001134        0     1                 .Lpcrel_hi60
20001134 20001134        0     1                 
20001144 20001144        0     1                 
20001144 20001144        0     1                 .Lpcrel_hi61
20001144 20001144        0     1                 
20001154 20001154        0     1                 
20001154 20001154        0     1                 
20001160 20001160        0     1                 .Lpcrel_hi62
20001168 20001168        0     1                 .Lpcrel_hi63
20001170 20001170        0     1                 .Lpcrel_hi64
20001178 20001178        0     1                 
20001178 20001178        0     1                 
20001182 20001182        0     1                 
20001182 20001182        0     1                 
20001184 20001184        0     1                 
20001184 20001184        0     1                 
20001190 20001190        0     1                 
20001194 20001194        0     1                 
2000119e 2000119e        0     1                 
2000119e 2000119e        0     1                 
200011a0 200011a0        0     1                 
200011a2 200011a2        0     1                 
200011a2 200011a2        0     1                 .Lpcrel_hi65
200011a2 200011a2        0     1                 
200011aa 200011aa        0     1                 .Lpcrel_hi66
200011c6 200011c6        0     1                 
200011c8 200011c8        0     1                 
200011d2 200011d2        0     1                 
200011d2 200011d2        0     1                 
200011d2 200011d2        0     1                 
200011d2 200011d2       c8     2         lto.tmp:(.text.ottf_exception_handler)
200011d2 200011d2        0     1                 
200011d2 200011d2        0     1                 
200011d2 200011d2        0     1                 
200011d2 200011d2        0     1                 
200011d2 200011d2       c8     1                 ottf_exception_handler
200011d6 200011d6        0     1                 
200011d6 200011d6        0     1                 
200011d8 200011d8        0     1                 
200011d8 200011d8        0     1                 
200011da 200011da        0     1                 
200011de 200011de        0     1                 .Lpcrel_hi67
200011de 200011de        0     1                 
200011ee 200011ee        0     1                 
200011ee 200011ee        0     1                 .LBB24_2
200011ee 200011ee        0     1                 .Lpcrel_hi68
200011ee 200011ee        0     1                 
200011f2 200011f2        0     1                 
200011f6 200011f6        0     1                 
200011f8 200011f8        0     1                 
200011f8 200011f8        0     1                 .Lpcrel_hi69
200011f8 200011f8        0     1                 
20001200 20001200        0     1                 
20001202 20001202        0     1                 .Lpcrel_hi70
20001202 20001202        0     1                 
2000120c 2000120c        0     1                 
2000120c 2000120c        0     1                 
2000120e 2000120e        0     1                 .Lpcrel_hi74
2000120e 2000120e        0     1                 
2000120e 2000120e        0     1                 
20001216 20001216        0     1                 .Lpcrel_hi75
2000122a 2000122a        0     1                 
2000122a 2000122a        0     1                 .Lpcrel_hi71
2000122a 2000122a        0     1                 
20001232 20001232        0     1                 
2000123e 2000123e        0     1                 
20001242 20001242        0     1                 
20001242 20001242        0     1                 .Lpcrel_hi72
20001242 20001242        0     1                 
20001252 20001252        0     1                 
20001252 20001252        0     1                 
20001256 20001256        0     1                 
20001256 20001256        0     1                 .Lpcrel_hi73
20001266 20001266        0     1                 
2000126a 2000126a        0     1                 
20001270 20001270        0     1                 
20001272 20001272        0     1                 
20001274 20001274        0     1                 
20001276 20001276        0     1                 
2000127c 2000127c        0     1                 
2000127c 2000127c        0     1                 
2000127e 2000127e        0     1                 .LBB24_10
2000127e 2000127e        0     1                 
2000127e 2000127e        0     1                 
20001286 20001286        0     1                 
20001286 20001286        0     1                 
2000129a 2000129a        0     1                 
2000129a 2000129a        0     1                 
2000129a 2000129a        0     1                 
2000129a 2000129a       2a     2         lto.tmp:(.text.generic_fault_handler)
2000129a 2000129a       2a     1                 generic_fault_handler
2000129a 2000129a        0     1                 
2000129a 2000129a        0     1                 
2000129a 2000129a        0     1                 
2000129c 2000129c        0     1                 
2000129c 2000129c        0     1                 
2000129c 2000129c        0     1                 
2000129e 2000129e        0     1                 
200012a2 200012a2        0     1                 
200012a2 200012a2        0     1                 
200012a6 200012a6        0     1                 .Lpcrel_hi76
200012a6 200012a6        0     1                 
200012b4 200012b4        0     1                 
200012bc 200012bc        0     1                 
200012bc 200012bc        0     1                 
200012c4 200012c4        0     1                 
200012c4 200012c4        0     1                 
200012c4 200012c4        0     1                 
200012c4 200012c4       20     2         lto.tmp:(.text.ottf_software_isr)
200012c4 200012c4        0     1                 
200012c4 200012c4        0     1                 
200012c4 200012c4        0     1                 
200012c4 200012c4       20     1                 ottf_software_isr
200012c6 200012c6        0     1                 
200012c6 200012c6        0     1                 
200012c6 200012c6        0     1                 
200012c8 200012c8        0     1                 
200012cc 200012cc        0     1                 
200012cc 200012cc        0     1                 .Lpcrel_hi77
200012cc 200012cc        0     1                 
200012dc 200012dc        0     1                 
200012dc 200012dc        0     1                 
200012e4 200012e4        0     1                 
200012e4 200012e4        0     1                 
200012e4 200012e4        0     1                 
200012e4 200012e4       20     2         lto.tmp:(.text.ottf_timer_isr)
200012e4 200012e4        0     1                 
200012e4 200012e4        0     1                 
200012e4 200012e4        0     1                 
200012e4 200012e4       20     1                 ottf_timer_isr
200012e6 200012e6        0     1                 
200012e6 200012e6        0     1                 
200012e6 200012e6        0     1                 
200012e8 200012e8        0     1                 
200012ec 200012ec        0     1                 
200012ec 200012ec        0     1                 .Lpcrel_hi78
200012ec 200012ec        0     1                 
200012fc 200012fc        0     1                 
200012fc 200012fc        0     1                 
20001304 20001304        0     1                 
20001304 20001304        0     1                 
20001304 20001304        0     1                 
20001304 20001304      19a     2         lto.tmp:(.text.ottf_external_isr)
20001304 20001304        0     1                 
20001304 20001304        0     1                 
20001304 20001304        0     1                 
20001304 20001304      19a     1                 ottf_external_isr
2000130c 2000130c        0     1                 
2000130c 2000130c        0     1                 
20001310 20001310        0     1                 
20001310 20001310        0     1                 
20001312 20001312        0     1                 
20001312 20001312        0     1                 
20001318 20001318        0     1                 
20001318 20001318        0     1                 
2000131c 2000131c        0     1                 
2000131c 2000131c        0     1                 
20001322 20001322        0     1                 
20001326 20001326        0     1                 
20001326 20001326        0     1                 
2000132c 2000132c        0     1                 
2000132e 2000132e        0     1                 
[...]
    13fb     13fb        0     1                 
    1421     1421        0     1                 
    143c     143c        0     1                 
    1457     1457        0     1                 
    1472     1472        0     1                 
    148d     148d        0     1                 
    14a8     14a8        0     1                 
    14c9     14c9        0     1                 
    14e8     14e8        0     1                 
    1509     1509        0     1                 
    152a     152a        0     1                 
    1545     1545        0     1                 
    156b     156b        0     1                 
    1586     1586        0     1                 
    15a1     15a1        0     1                 
    15bc     15bc        0     1                 
    15d7     15d7        0     1                 
    15f2     15f2        0     1                 
    160d     160d        0     1                 
    163e     163e        0     1                 
    165a     165a        0     1                 
    1696     1696        0     1                 
    16b2     16b2        0     1                 
    16e6     16e6        0     1                 
    1702     1702        0     1                 
    1728     1728        0     1                 
    1750     1750        0     1                 
    1772     1772        0     1                 
    178d     178d        0     1                 
    17a9     17a9        0     1                 
    17c4     17c4        0     1                 
    17e0     17e0        0     1                 
    17fc     17fc        0     1                 
    1817     1817        0     1                 
    1832     1832        0     1                 
    184d     184d        0     1                 
    1868     1868        0     1                 
    1891     1891        0     1                 
    18b9     18b9        0     1                 
    18df     18df        0     1                 
    1905     1905        0     1                 
    192b     192b        0     1                 
    1951     1951        0     1                 
    1977     1977        0     1                 
    1992     1992        0     1                 
    19b8     19b8        0     1                 
    19f6     19f6        0     1                 
    1a2a     1a2a        0     1                 
    1a61     1a61        0     1                 
    1a95     1a95        0     1                 
    1acc     1acc        0     1                 
    1b54     1b54        0     1                 
    1b7b     1b7b        0     1                 
    1baf     1baf        0     1                 
    1d81     1d81        0     1                 
    1f53     1f53        0     1                 
    1f79     1f79        0     1                 
    1f9f     1f9f        0     1                 
    1fc5     1fc5        0     1                 
    1feb     1feb        0     1                 
    2011     2011        0     1                 
    2037     2037        0     1                 
    205d     205d        0     1                 
    2083     2083        0     1                 
    20a9     20a9        0     1                 
    20d0     20d0        0     1                 
    20f7     20f7        0     1                 
    211e     211e        0     1                 
    2145     2145        0     1                 
    216c     216c        0     1                 
    2187     2187        0     1                 
    21a2     21a2        0     1                 
    21c9     21c9        0     1                 
    21e4     21e4        0     1                 
    2237     2237        0     1                 
    2252     2252        0     1                 
    2275     2275        0     1                 
    229d     229d        0     1                 
    22bb     22bb        0     1                 
    22d9     22d9        0     1                 
    22f7     22f7        0     1                 
    2315     2315        0     1                 
    233d     233d        0     1                 
    2365     2365        0     1                 
    238d     238d        0     1                 
    23ee     23ee        0     1                 
    2410     2410        0     1                 
    2438     2438        0     1                 
    2477     2477        0     1                 
    24ea     24ea        0     1                 
    2505     2505        0     1                 
    2541     2541        0     1                 
    2563     2563        0     1                 
    258c     258c        0     1                 
    25ae     25ae        0     1                 
    25d0     25d0        0     1                 
    25f2     25f2        0     1                 
    2618     2618        0     1                 
    2636     2636        0     1                 
    2651     2651        0     1                 
    266f     266f        0     1                 
    2695     2695        0     1                 
    26b0     26b0        0     1                 
    26cb     26cb        0     1                 
    26ec     26ec        0     1                 
    2707     2707        0     1                 
    2722     2722        0     1                 
    2743     2743        0     1                 
    275e     275e        0     1                 
    277f     277f        0     1                 
    279a     279a        0     1                 
    27b5     27b5        0     1                 
    27d0     27d0        0     1                 
    27f1     27f1        0     1                 
    2818     2818        0     1                 
    283f     283f        0     1                 
    285a     285a        0     1                 
    287c     287c        0     1                 
    2898     2898        0     1                 
    28b4     28b4        0     1                 
    28cf     28cf        0     1                 
    28eb     28eb        0     1                 
    2929     2929        0     1                 
    2955     2955        0     1                 
    2971     2971        0     1                 
    2995     2995        0     1                 
    29b7     29b7        0     1                 
    29d2     29d2        0     1                 
    29ee     29ee        0     1                 
    2a0a     2a0a        0     1                 
    2a25     2a25        0     1                 
    2a40     2a40        0     1                 
    2a5b     2a5b        0     1                 
    2a76     2a76        0     1                 
    2a91     2a91        0     1                 
    2aac     2aac        0     1                 
    2add     2add        0     1                 
    2af8     2af8        0     1                 
    2b19     2b19        0     1                 
    2b34     2b34        0     1                 
    2b4f     2b4f        0     1                 
    2b75     2b75        0     1                 
    2ba9     2ba9        0     1                 
    2bbc     2bbc        0     1                 
    2bcf     2bcf        0     1                 
    2bfa     2bfa        0     1                 
    2c0f     2c0f        0     1                 
    2c35     2c35        0     1                 
    2c5b     2c5b        0     1                 
    2c76     2c76        0     1                 
    2c91     2c91        0     1                 
    2cad     2cad        0     1                 
    2ccb     2ccb        0     1                 
    2e91     2e91        0     1                 
    2eba     2eba        0     1                 
    2fff     2fff        0     1                 
    301d     301d        0     1                 
    3043     3043        0     1                 
    305e     305e        0     1                 
    3079     3079        0     1                 
    3094     3094        0     1                 
    30af     30af        0     1                 
    30ca     30ca        0     1                 
    30e5     30e5        0     1                 
    3100     3100        0     1                 
    311b     311b        0     1                 
    3147     3147        0     1                 
    3162     3162        0     1                 
    317d     317d        0     1                 
    3198     3198        0     1                 
    31be     31be        0     1                 
    320a     320a        0     1                 
    3230     3230        0     1                 
    3258     3258        0     1                 
    3273     3273        0     1                 
    328e     328e        0     1                 
    32a9     32a9        0     1                 
    32c4     32c4        0     1                 
    32df     32df        0     1                 
    32fa     32fa        0     1                 
    3346     3346        0     1                 
    3377     3377        0     1                 
    33a8     33a8        0     1                 
    33c3     33c3        0     1                 
    33de     33de        0     1                 
    33f9     33f9        0     1                 
    3420     3420        0     1                 
    3440     3440        0     1                 
    3466     3466        0     1                 
    348c     348c        0     1                 
    34bd     34bd        0     1                 
    34e3     34e3        0     1                 
    3513     3513        0     1                 
    3539     3539        0     1                 
    356b     356b        0     1                 
    35a9     35a9        0     1                 
    35d6     35d6        0     1                 
    35f1     35f1        0     1                 
    360c     360c        0     1                 
    3627     3627        0     1                 
    363a     363a        0     1                 
    366e     366e        0     1                 
    3681     3681        0     1                 
    369f     369f        0     1                 
    36b2     36b2        0     1                 
    36c5     36c5        0     1                 
    36e2     36e2        0     1                 
    36f6     36f6        0     1                 
    3715     3715        0     1                 
    372f     372f        0     1                 
    374e     374e        0     1                 
    3761     3761        0     1                 
    377d     377d        0     1                 
    3798     3798        0     1                 
    37b3     37b3        0     1                 
    37ce     37ce        0     1                 
    37e9     37e9        0     1                 
    3804     3804        0     1                 
    3823     3823        0     1                 
    3842     3842        0     1                 
    385d     385d        0     1                 
    38b7     38b7        0     1                 
    38d2     38d2        0     1                 
    38ed     38ed        0     1                 
    3908     3908        0     1                 
    3923     3923        0     1                 
    393e     393e        0     1                 
    3959     3959        0     1                 
    39b3     39b3        0     1                 
    39d2     39d2        0     1                 
    39ed     39ed        0     1                 
    3a08     3a08        0     1                 
    3a23     3a23        0     1                 
    3a3e     3a3e        0     1                 
    3a88     3a88        0     1                 
    3ac6     3ac6        0     1                 
    3b14     3b14        0     1                 
    3b66     3b66        0     1                 
    3bb4     3bb4        0     1                 
       0        0      760     1 .debug_ranges
       0        0       28     1         bazel-out/k8-fastbuild-ST-1df456420242/bin/sw/device/lib/testing/test_framework/libottf_start.a(ottf_start.o):(.debug_ranges)
       0        0        0     1                 
      28       28      738     1         lto.tmp:(.debug_ranges)
      28       28        0     1                 
      40       40        0     1                 
      58       58        0     1                 
      70       70        0     1                 
      88       88        0     1                 
      a0       a0        0     1                 
      b8       b8        0     1                 
      d0       d0        0     1                 
      e8       e8        0     1                 
     100      100        0     1                 
     118      118        0     1                 
     130      130        0     1                 
     148      148        0     1                 
     160      160        0     1                 
     178      178        0     1                 
     190      190        0     1                 
     1a8      1a8        0     1                 
     1c0      1c0        0     1                 
     1e0      1e0        0     1                 
     200      200        0     1                 
     218      218        0     1                 
     230      230        0     1                 
     248      248        0     1                 
     260      260        0     1                 
     280      280        0     1                 
     2a0      2a0        0     1                 
     2b8      2b8        0     1                 
     2d0      2d0        0     1                 
     2e8      2e8        0     1                 
     308      308        0     1                 
     328      328        0     1                 
     348      348        0     1                 
     360      360        0     1                 
     378      378        0     1                 
     390      390        0     1                 
     3a8      3a8        0     1                 
     3c0      3c0        0     1                 
     3d8      3d8        0     1                 
     3f0      3f0        0     1                 
     408      408        0     1                 
     420      420        0     1                 
     438      438        0     1                 
     450      450        0     1                 
     470      470        0     1                 
     488      488        0     1                 
     4a0      4a0        0     1                 
     4b8      4b8        0     1                 
     4d0      4d0        0     1                 
     4e8      4e8        0     1                 
     500      500        0     1                 
     518      518        0     1                 
     530      530        0     1                 
     548      548        0     1                 
     560      560        0     1                 
     578      578        0     1                 
     590      590        0     1                 
     5a8      5a8        0     1                 
     650      650        0     1                 
     6a8      6a8        0     1                 
     6c8      6c8        0     1                 
     6e0      6e0        0     1                 
     708      708        0     1                 
     720      720        0     1                 
       0        0     f157     1 .debug_str
       0        0     f157     1         <internal>:(.debug_str)
       0        0      4f0     4 .debug_frame
       0        0      4f0     4         lto.tmp:(.debug_frame)
       0        0        0     1                 
       0        0     1500     4 .ot.status_create_record
       0        0        0     1         . = .
       0        0     1500     4         lto.tmp:(.ot.status_create_record)
       0        0       80     1                 test_main.kOtStatusRecord
      80       80       80     1                 _ottf_main.kOtStatusRecord
     100      100       80     1                 ottf_console_flush.kOtStatusRecord
     180      180       80     1                 ottf_console_null_getc.kOtStatusRecord
     200      200       80     1                 ottf_console_write_unbuffered.kOtStatusRecord
     280      280       80     1                 ottf_console_configure_uart.kOtStatusRecord
     300      300       80     1                 ottf_console_configure_uart.kOtStatusRecord.8
     380      380       80     1                 ottf_console_uart_flow_control_enable.kOtStatusRecord
     400      400       80     1                 ottf_console_uart_flow_control_isr.kOtStatusRecord
     480      480       80     1                 ottf_console_uart_flow_control.kOtStatusRecord
     500      500       80     1                 manage_flow_control.kOtStatusRecord
     580      580       80     1                 ottf_console_spi_device_read.kOtStatusRecord
     600      600       80     1                 spi_device_testutils_configure_read_pipeline.kOtStatusRecord
     680      680       80     1                 spi_device_testutils_wait_for_upload.kOtStatusRecord
     700      700       80     1                 spi_device_testutils_wait_for_upload.kOtStatusRecord.5
     780      780       80     1                 ottf_alerts_expect_alert_start.kOtStatusRecord
     800      800       80     1                 ottf_alerts_expect_alert_start.kOtStatusRecord.16
     880      880       80     1                 ottf_alerts_expect_alert_finish.kOtStatusRecord
     900      900       80     1                 ottf_alerts_expect_alert_finish.kOtStatusRecord.17
     980      980       80     1                 ottf_alerts_expect_alert_finish.kOtStatusRecord.18
     a00      a00       80     1                 alert_handler_testutils_info_parse.kOtStatusRecord
     a80      a80       80     1                 alert_handler_testutils_info_parse.kOtStatusRecord.4
     b00      b00       80     1                 alert_handler_testutils_configure_all.kOtStatusRecord
     b80      b80       80     1                 alert_handler_testutils_configure_all.kOtStatusRecord.31
     c00      c00       80     1                 alert_handler_testutils_configure_all.kOtStatusRecord.35
     c80      c80       80     1                 alert_handler_testutils_configure_all.kOtStatusRecord.39
     d00      d00       80     1                 alert_handler_testutils_configure_all.kOtStatusRecord.43
     d80      d80       80     1                 alert_handler_testutils_configure_all.kOtStatusRecord.47
     e00      e00       80     1                 alert_handler_testutils_get_cycles_from_us.kOtStatusRecord
     e80      e80       80     1                 alert_handler_testutils_status_log.kOtStatusRecord
     f00      f00       80     1                 alert_handler_testutils_dump_log.kOtStatusRecord
     f80      f80       80     1                 alert_handler_testutils_dump_log.kOtStatusRecord.56
    1000     1000       80     1                 alert_handler_testutils_dump_enable.kOtStatusRecord
    1080     1080       80     1                 alert_handler_testutils_dump_enable.kOtStatusRecord.77
    1100     1100       80     1                 get_next_n_bits.kOtStatusRecord
    1180     1180       80     1                 get_next_n_bits.kOtStatusRecord.85
    1200     1200       80     1                 rand_testutils_init.kOtStatusRecord
    1280     1280       80     1                 rand_testutils_gen32_range.kOtStatusRecord
    1300     1300       80     1                 rand_testutils_gen32_range.kOtStatusRecord.6
    1380     1380       80     1                 rv_core_ibex_testutils_get_rnd_data.kOtStatusRecord
    1400     1400       80     1                 rv_core_ibex_testutils_get_rnd_data.kOtStatusRecord.2
    1480     1480       80     1                 rv_core_ibex_testutils_get_rnd_data.kOtStatusRecord.6
