# rstn_test_mux Area Report
# Generated from Yosys synthesis statistics
# Date: 2026-05-17

## Tool
- Yosys 0.9 (git sha1 UNKNOWN, clang 11.0.3)

## Netlist Statistics
| Metric                    | Value |
|---------------------------|-------|
| Number of wires           | 8     |
| Number of wire bits       | 8     |
| Number of public wires    | 8     |
| Number of public wire bits| 8     |
| Number of memories        | 0     |
| Number of memory bits     | 0     |
| Number of processes       | 0     |
| Number of cells           | 1     |
|   - $_MUX_                | 1     |
| Number of latches         | 0     |
| Number of flip-flops      | 0     |

## Area Estimate
| Cell Type        | Count | Est. GE (per cell) | Total GE |
|------------------|-------|--------------------|----------|
| $_MUX_ (2:1 mux) | 1     | ~4.0               | ~4.0     |
| Total            | 1     | —                  | ~4.0 GE  |
