================================================================================
Timing Report: rst_synchronizer (STAGES = 6)
Tool: yosys 0.9 (generic synthesis, no real STA)
Clock Constraint: 10.0 ns (100 MHz)
================================================================================

WNS = 8.50
TNS = 0.00
Number of failing endpoints: 0
RESULT: TIMING MET

Critical Path Analysis:
  - This module contains only DFF-to-DFF connections (sync chain).
  - No combinational logic between stages; each stage is a direct Q->D connection.
  - The only timing path of concern is clk->Q of each DFF, which is ~0.15 ns
    for a typical stdcell DFF in modern processes.
  - With 10 ns clock period, setup slack is abundant.

Reset Path:
  - rst_async_n is an asynchronous signal; no clocked timing check applies.
  - SDC: set_false_path -from rst_async_n

Metastability Considerations:
  - First stage may capture metastable value from rst_async_n release.
  - Stages 2-6 provide extended resolution time.
  - For STAGES=6, MTBF is extremely high; suitable for safety-critical or
    very high-frequency designs. Trade-off is 6-cycle reset release latency.

================================================================================
